Archive member included to satisfy reference by file (symbol)

/Applications/STM32CubeIDE.app/Contents/Eclipse/plugins/com.st.stm32cube.ide.mcu.externaltools.gnu-tools-for-stm32.10.3-2021.10.macos64_1.0.0.202111181127/tools/bin/../lib/gcc/arm-none-eabi/10.3.1/../../../../arm-none-eabi/lib/thumb/v7e-m+fp/hard/libc_nano.a(lib_a-errno.o)
                              ./Core/Src/syscalls.o (__errno)
/Applications/STM32CubeIDE.app/Contents/Eclipse/plugins/com.st.stm32cube.ide.mcu.externaltools.gnu-tools-for-stm32.10.3-2021.10.macos64_1.0.0.202111181127/tools/bin/../lib/gcc/arm-none-eabi/10.3.1/../../../../arm-none-eabi/lib/thumb/v7e-m+fp/hard/libc_nano.a(lib_a-exit.o)
                              /Applications/STM32CubeIDE.app/Contents/Eclipse/plugins/com.st.stm32cube.ide.mcu.externaltools.gnu-tools-for-stm32.10.3-2021.10.macos64_1.0.0.202111181127/tools/bin/../lib/gcc/arm-none-eabi/10.3.1/../../../../arm-none-eabi/lib/thumb/v7e-m+fp/hard/crt0.o (exit)
/Applications/STM32CubeIDE.app/Contents/Eclipse/plugins/com.st.stm32cube.ide.mcu.externaltools.gnu-tools-for-stm32.10.3-2021.10.macos64_1.0.0.202111181127/tools/bin/../lib/gcc/arm-none-eabi/10.3.1/../../../../arm-none-eabi/lib/thumb/v7e-m+fp/hard/libc_nano.a(lib_a-findfp.o)
                              ./Middlewares/Third_Party/FreeRTOS/Source/tasks.o (__sf_fake_stderr)
/Applications/STM32CubeIDE.app/Contents/Eclipse/plugins/com.st.stm32cube.ide.mcu.externaltools.gnu-tools-for-stm32.10.3-2021.10.macos64_1.0.0.202111181127/tools/bin/../lib/gcc/arm-none-eabi/10.3.1/../../../../arm-none-eabi/lib/thumb/v7e-m+fp/hard/libc_nano.a(lib_a-fwalk.o)
                              /Applications/STM32CubeIDE.app/Contents/Eclipse/plugins/com.st.stm32cube.ide.mcu.externaltools.gnu-tools-for-stm32.10.3-2021.10.macos64_1.0.0.202111181127/tools/bin/../lib/gcc/arm-none-eabi/10.3.1/../../../../arm-none-eabi/lib/thumb/v7e-m+fp/hard/libc_nano.a(lib_a-findfp.o) (_fwalk)
/Applications/STM32CubeIDE.app/Contents/Eclipse/plugins/com.st.stm32cube.ide.mcu.externaltools.gnu-tools-for-stm32.10.3-2021.10.macos64_1.0.0.202111181127/tools/bin/../lib/gcc/arm-none-eabi/10.3.1/../../../../arm-none-eabi/lib/thumb/v7e-m+fp/hard/libc_nano.a(lib_a-impure.o)
                              /Applications/STM32CubeIDE.app/Contents/Eclipse/plugins/com.st.stm32cube.ide.mcu.externaltools.gnu-tools-for-stm32.10.3-2021.10.macos64_1.0.0.202111181127/tools/bin/../lib/gcc/arm-none-eabi/10.3.1/../../../../arm-none-eabi/lib/thumb/v7e-m+fp/hard/libc_nano.a(lib_a-exit.o) (_global_impure_ptr)
/Applications/STM32CubeIDE.app/Contents/Eclipse/plugins/com.st.stm32cube.ide.mcu.externaltools.gnu-tools-for-stm32.10.3-2021.10.macos64_1.0.0.202111181127/tools/bin/../lib/gcc/arm-none-eabi/10.3.1/../../../../arm-none-eabi/lib/thumb/v7e-m+fp/hard/libc_nano.a(lib_a-init.o)
                              /Applications/STM32CubeIDE.app/Contents/Eclipse/plugins/com.st.stm32cube.ide.mcu.externaltools.gnu-tools-for-stm32.10.3-2021.10.macos64_1.0.0.202111181127/tools/bin/../lib/gcc/arm-none-eabi/10.3.1/../../../../arm-none-eabi/lib/thumb/v7e-m+fp/hard/crt0.o (__libc_init_array)
/Applications/STM32CubeIDE.app/Contents/Eclipse/plugins/com.st.stm32cube.ide.mcu.externaltools.gnu-tools-for-stm32.10.3-2021.10.macos64_1.0.0.202111181127/tools/bin/../lib/gcc/arm-none-eabi/10.3.1/../../../../arm-none-eabi/lib/thumb/v7e-m+fp/hard/libc_nano.a(lib_a-lock.o)
                              /Applications/STM32CubeIDE.app/Contents/Eclipse/plugins/com.st.stm32cube.ide.mcu.externaltools.gnu-tools-for-stm32.10.3-2021.10.macos64_1.0.0.202111181127/tools/bin/../lib/gcc/arm-none-eabi/10.3.1/../../../../arm-none-eabi/lib/thumb/v7e-m+fp/hard/libc_nano.a(lib_a-findfp.o) (__retarget_lock_init_recursive)
/Applications/STM32CubeIDE.app/Contents/Eclipse/plugins/com.st.stm32cube.ide.mcu.externaltools.gnu-tools-for-stm32.10.3-2021.10.macos64_1.0.0.202111181127/tools/bin/../lib/gcc/arm-none-eabi/10.3.1/../../../../arm-none-eabi/lib/thumb/v7e-m+fp/hard/libc_nano.a(lib_a-memcpy-stub.o)
                              ./Middlewares/Third_Party/FreeRTOS/Source/queue.o (memcpy)
/Applications/STM32CubeIDE.app/Contents/Eclipse/plugins/com.st.stm32cube.ide.mcu.externaltools.gnu-tools-for-stm32.10.3-2021.10.macos64_1.0.0.202111181127/tools/bin/../lib/gcc/arm-none-eabi/10.3.1/../../../../arm-none-eabi/lib/thumb/v7e-m+fp/hard/libc_nano.a(lib_a-memset.o)
                              /Applications/STM32CubeIDE.app/Contents/Eclipse/plugins/com.st.stm32cube.ide.mcu.externaltools.gnu-tools-for-stm32.10.3-2021.10.macos64_1.0.0.202111181127/tools/bin/../lib/gcc/arm-none-eabi/10.3.1/../../../../arm-none-eabi/lib/thumb/v7e-m+fp/hard/crt0.o (memset)
/Applications/STM32CubeIDE.app/Contents/Eclipse/plugins/com.st.stm32cube.ide.mcu.externaltools.gnu-tools-for-stm32.10.3-2021.10.macos64_1.0.0.202111181127/tools/bin/../lib/gcc/arm-none-eabi/10.3.1/../../../../arm-none-eabi/lib/thumb/v7e-m+fp/hard/libc_nano.a(lib_a-nano-mallocr.o)
[...]
Memory Configuration

Name             Origin             Length             Attributes
RAM              0x0000000020000000 0x0000000000018000 xrw
FLASH            0x0000000008000000 0x0000000000080000 xr
*default*        0x0000000000000000 0xffffffffffffffff

Linker script and memory map

LOAD /Applications/STM32CubeIDE.app/Contents/Eclipse/plugins/com.st.stm32cube.ide.mcu.externaltools.gnu-tools-for-stm32.10.3-2021.10.macos64_1.0.0.202111181127/tools/bin/../lib/gcc/arm-none-eabi/10.3.1/thumb/v7e-m+fp/hard/crti.o
LOAD /Applications/STM32CubeIDE.app/Contents/Eclipse/plugins/com.st.stm32cube.ide.mcu.externaltools.gnu-tools-for-stm32.10.3-2021.10.macos64_1.0.0.202111181127/tools/bin/../lib/gcc/arm-none-eabi/10.3.1/thumb/v7e-m+fp/hard/crtbegin.o
LOAD /Applications/STM32CubeIDE.app/Contents/Eclipse/plugins/com.st.stm32cube.ide.mcu.externaltools.gnu-tools-for-stm32.10.3-2021.10.macos64_1.0.0.202111181127/tools/bin/../lib/gcc/arm-none-eabi/10.3.1/../../../../arm-none-eabi/lib/thumb/v7e-m+fp/hard/crt0.o
LOAD ./Core/Src/adc.o
LOAD ./Core/Src/dma.o
LOAD ./Core/Src/freertos.o
LOAD ./Core/Src/gpio.o
LOAD ./Core/Src/i2c.o
LOAD ./Core/Src/main.o
LOAD ./Core/Src/spi.o
LOAD ./Core/Src/stm32f4xx_hal_msp.o
LOAD ./Core/Src/stm32f4xx_hal_timebase_tim.o
LOAD ./Core/Src/stm32f4xx_it.o
LOAD ./Core/Src/syscalls.o
LOAD ./Core/Src/sysmem.o
LOAD ./Core/Src/system_stm32f4xx.o
LOAD ./Core/Src/tim.o
LOAD ./Core/Src/usart.o
LOAD ./Core/Startup/startup_stm32f401retx.o
LOAD ./Drivers/STM32F4xx_HAL_Driver/Src/stm32f4xx_hal.o
LOAD ./Drivers/STM32F4xx_HAL_Driver/Src/stm32f4xx_hal_adc.o
LOAD ./Drivers/STM32F4xx_HAL_Driver/Src/stm32f4xx_hal_adc_ex.o
LOAD ./Drivers/STM32F4xx_HAL_Driver/Src/stm32f4xx_hal_cortex.o
LOAD ./Drivers/STM32F4xx_HAL_Driver/Src/stm32f4xx_hal_dma.o
LOAD ./Drivers/STM32F4xx_HAL_Driver/Src/stm32f4xx_hal_dma_ex.o
LOAD ./Drivers/STM32F4xx_HAL_Driver/Src/stm32f4xx_hal_exti.o
LOAD ./Drivers/STM32F4xx_HAL_Driver/Src/stm32f4xx_hal_flash.o
LOAD ./Drivers/STM32F4xx_HAL_Driver/Src/stm32f4xx_hal_flash_ex.o
LOAD ./Drivers/STM32F4xx_HAL_Driver/Src/stm32f4xx_hal_flash_ramfunc.o
LOAD ./Drivers/STM32F4xx_HAL_Driver/Src/stm32f4xx_hal_gpio.o
LOAD ./Drivers/STM32F4xx_HAL_Driver/Src/stm32f4xx_hal_i2c.o
LOAD ./Drivers/STM32F4xx_HAL_Driver/Src/stm32f4xx_hal_i2c_ex.o
LOAD ./Drivers/STM32F4xx_HAL_Driver/Src/stm32f4xx_hal_pwr.o
LOAD ./Drivers/STM32F4xx_HAL_Driver/Src/stm32f4xx_hal_pwr_ex.o
LOAD ./Drivers/STM32F4xx_HAL_Driver/Src/stm32f4xx_hal_rcc.o
LOAD ./Drivers/STM32F4xx_HAL_Driver/Src/stm32f4xx_hal_rcc_ex.o
LOAD ./Drivers/STM32F4xx_HAL_Driver/Src/stm32f4xx_hal_spi.o
LOAD ./Drivers/STM32F4xx_HAL_Driver/Src/stm32f4xx_hal_tim.o
LOAD ./Drivers/STM32F4xx_HAL_Driver/Src/stm32f4xx_hal_tim_ex.o
LOAD ./Drivers/STM32F4xx_HAL_Driver/Src/stm32f4xx_hal_uart.o
LOAD ./Drivers/STM32F4xx_HAL_Driver/Src/stm32f4xx_ll_adc.o
LOAD ./Interfaces/LOS_Actuators/Src/actuators.o
LOAD ./Interfaces/LOS_Link/Src/PPM.o
LOAD ./Interfaces/LOS_Link/Src/RSSI.o
LOAD ./Middlewares/Third_Party/FreeRTOS/Source/CMSIS_RTOS/cmsis_os.o
LOAD ./Middlewares/Third_Party/FreeRTOS/Source/croutine.o
LOAD ./Middlewares/Third_Party/FreeRTOS/Source/event_groups.o
LOAD ./Middlewares/Third_Party/FreeRTOS/Source/list.o
LOAD ./Middlewares/Third_Party/FreeRTOS/Source/queue.o
LOAD ./Middlewares/Third_Party/FreeRTOS/Source/stream_buffer.o
LOAD ./Middlewares/Third_Party/FreeRTOS/Source/tasks.o
LOAD ./Middlewares/Third_Party/FreeRTOS/Source/timers.o
LOAD ./Middlewares/Third_Party/FreeRTOS/Source/portable/GCC/ARM_CM4F/port.o
LOAD ./Middlewares/Third_Party/FreeRTOS/Source/portable/MemMang/heap_4.o
START GROUP
LOAD /Applications/STM32CubeIDE.app/Contents/Eclipse/plugins/com.st.stm32cube.ide.mcu.externaltools.gnu-tools-for-stm32.10.3-2021.10.macos64_1.0.0.202111181127/tools/bin/../lib/gcc/arm-none-eabi/10.3.1/../../../../arm-none-eabi/lib/thumb/v7e-m+fp/hard/libstdc++_nano.a
LOAD /Applications/STM32CubeIDE.app/Contents/Eclipse/plugins/com.st.stm32cube.ide.mcu.externaltools.gnu-tools-for-stm32.10.3-2021.10.macos64_1.0.0.202111181127/tools/bin/../lib/gcc/arm-none-eabi/10.3.1/../../../../arm-none-eabi/lib/thumb/v7e-m+fp/hard/libsupc++_nano.a
END GROUP
LOAD /Applications/STM32CubeIDE.app/Contents/Eclipse/plugins/com.st.stm32cube.ide.mcu.externaltools.gnu-tools-for-stm32.10.3-2021.10.macos64_1.0.0.202111181127/tools/bin/../lib/gcc/arm-none-eabi/10.3.1/../../../../arm-none-eabi/lib/thumb/v7e-m+fp/hard/libstdc++_nano.a
LOAD /Applications/STM32CubeIDE.app/Contents/Eclipse/plugins/com.st.stm32cube.ide.mcu.externaltools.gnu-tools-for-stm32.10.3-2021.10.macos64_1.0.0.202111181127/tools/bin/../lib/gcc/arm-none-eabi/10.3.1/../../../../arm-none-eabi/lib/thumb/v7e-m+fp/hard/libm.a
LOAD /Applications/STM32CubeIDE.app/Contents/Eclipse/plugins/com.st.stm32cube.ide.mcu.externaltools.gnu-tools-for-stm32.10.3-2021.10.macos64_1.0.0.202111181127/tools/bin/../lib/gcc/arm-none-eabi/10.3.1/../../../../arm-none-eabi/lib/thumb/v7e-m+fp/hard/libc_nano.a
START GROUP
LOAD /Applications/STM32CubeIDE.app/Contents/Eclipse/plugins/com.st.stm32cube.ide.mcu.externaltools.gnu-tools-for-stm32.10.3-2021.10.macos64_1.0.0.202111181127/tools/bin/../lib/gcc/arm-none-eabi/10.3.1/thumb/v7e-m+fp/hard/libgcc.a
LOAD /Applications/STM32CubeIDE.app/Contents/Eclipse/plugins/com.st.stm32cube.ide.mcu.externaltools.gnu-tools-for-stm32.10.3-2021.10.macos64_1.0.0.202111181127/tools/bin/../lib/gcc/arm-none-eabi/10.3.1/../../../../arm-none-eabi/lib/thumb/v7e-m+fp/hard/libc_nano.a
END GROUP
START GROUP
LOAD /Applications/STM32CubeIDE.app/Contents/Eclipse/plugins/com.st.stm32cube.ide.mcu.externaltools.gnu-tools-for-stm32.10.3-2021.10.macos64_1.0.0.202111181127/tools/bin/../lib/gcc/arm-none-eabi/10.3.1/thumb/v7e-m+fp/hard/libgcc.a
LOAD /Applications/STM32CubeIDE.app/Contents/Eclipse/plugins/com.st.stm32cube.ide.mcu.externaltools.gnu-tools-for-stm32.10.3-2021.10.macos64_1.0.0.202111181127/tools/bin/../lib/gcc/arm-none-eabi/10.3.1/../../../../arm-none-eabi/lib/thumb/v7e-m+fp/hard/libc_nano.a
LOAD /Applications/STM32CubeIDE.app/Contents/Eclipse/plugins/com.st.stm32cube.ide.mcu.externaltools.gnu-tools-for-stm32.10.3-2021.10.macos64_1.0.0.202111181127/tools/bin/../lib/gcc/arm-none-eabi/10.3.1/../../../../arm-none-eabi/lib/thumb/v7e-m+fp/hard/libnosys.a
END GROUP
START GROUP
LOAD /Applications/STM32CubeIDE.app/Contents/Eclipse/plugins/com.st.stm32cube.ide.mcu.externaltools.gnu-tools-for-stm32.10.3-2021.10.macos64_1.0.0.202111181127/tools/bin/../lib/gcc/arm-none-eabi/10.3.1/thumb/v7e-m+fp/hard/libgcc.a
LOAD /Applications/STM32CubeIDE.app/Contents/Eclipse/plugins/com.st.stm32cube.ide.mcu.externaltools.gnu-tools-for-stm32.10.3-2021.10.macos64_1.0.0.202111181127/tools/bin/../lib/gcc/arm-none-eabi/10.3.1/../../../../arm-none-eabi/lib/thumb/v7e-m+fp/hard/libc_nano.a
LOAD /Applications/STM32CubeIDE.app/Contents/Eclipse/plugins/com.st.stm32cube.ide.mcu.externaltools.gnu-tools-for-stm32.10.3-2021.10.macos64_1.0.0.202111181127/tools/bin/../lib/gcc/arm-none-eabi/10.3.1/../../../../arm-none-eabi/lib/thumb/v7e-m+fp/hard/libnosys.a
END GROUP
LOAD /Applications/STM32CubeIDE.app/Contents/Eclipse/plugins/com.st.stm32cube.ide.mcu.externaltools.gnu-tools-for-stm32.10.3-2021.10.macos64_1.0.0.202111181127/tools/bin/../lib/gcc/arm-none-eabi/10.3.1/thumb/v7e-m+fp/hard/crtend.o
LOAD /Applications/STM32CubeIDE.app/Contents/Eclipse/plugins/com.st.stm32cube.ide.mcu.externaltools.gnu-tools-for-stm32.10.3-2021.10.macos64_1.0.0.202111181127/tools/bin/../lib/gcc/arm-none-eabi/10.3.1/thumb/v7e-m+fp/hard/crtn.o
                0x0000000020018000                _estack = (ORIGIN (RAM) + LENGTH (RAM))
                0x0000000000000200                _Min_Heap_Size = 0x200
                0x0000000000000400                _Min_Stack_Size = 0x400

.isr_vector     0x0000000008000000      0x194
                0x0000000008000000                . = ALIGN (0x4)
 *(.isr_vector)
 .isr_vector    0x0000000008000000      0x194 ./Core/Startup/startup_stm32f401retx.o
                0x0000000008000000                g_pfnVectors
                0x0000000008000194                . = ALIGN (0x4)

.text           0x00000000080001a0     0x6794
                0x00000000080001a0                . = ALIGN (0x4)
 *(.text)
 .text          0x00000000080001a0       0x40 /Applications/STM32CubeIDE.app/Contents/Eclipse/plugins/com.st.stm32cube.ide.mcu.externaltools.gnu-tools-for-stm32.10.3-2021.10.macos64_1.0.0.202111181127/tools/bin/../lib/gcc/arm-none-eabi/10.3.1/thumb/v7e-m+fp/hard/crtbegin.o
 .text          0x00000000080001e0       0x30 /Applications/STM32CubeIDE.app/Contents/Eclipse/plugins/com.st.stm32cube.ide.mcu.externaltools.gnu-tools-for-stm32.10.3-2021.10.macos64_1.0.0.202111181127/tools/bin/../lib/gcc/arm-none-eabi/10.3.1/thumb/v7e-m+fp/hard/libgcc.a(_aeabi_uldivmod.o)
                0x00000000080001e0                __aeabi_uldivmod
 .text          0x0000000008000210      0x2d0 /Applications/STM32CubeIDE.app/Contents/Eclipse/plugins/com.st.stm32cube.ide.mcu.externaltools.gnu-tools-for-stm32.10.3-2021.10.macos64_1.0.0.202111181127/tools/bin/../lib/gcc/arm-none-eabi/10.3.1/thumb/v7e-m+fp/hard/libgcc.a(_udivmoddi4.o)
                0x0000000008000210                __udivmoddi4
 .text          0x00000000080004e0        0x4 /Applications/STM32CubeIDE.app/Contents/Eclipse/plugins/com.st.stm32cube.ide.mcu.externaltools.gnu-tools-for-stm32.10.3-2021.10.macos64_1.0.0.202111181127/tools/bin/../lib/gcc/arm-none-eabi/10.3.1/thumb/v7e-m+fp/hard/libgcc.a(_dvmd_tls.o)
                0x00000000080004e0                __aeabi_ldiv0
                0x00000000080004e0                __aeabi_idiv0
 *(.text*)
 .text.MX_ADC1_Init
                0x00000000080004e4       0xa4 ./Core/Src/adc.o
                0x00000000080004e4                MX_ADC1_Init
 .text.HAL_ADC_MspInit
                0x0000000008000588       0xc0 ./Core/Src/adc.o
                0x0000000008000588                HAL_ADC_MspInit
 .text.MX_DMA_Init
                0x0000000008000648       0x70 ./Core/Src/dma.o
                0x0000000008000648                MX_DMA_Init
 .text.vApplicationGetIdleTaskMemory
                0x00000000080006b8       0x34 ./Core/Src/freertos.o
                0x00000000080006b8                vApplicationGetIdleTaskMemory
 .text.MX_FREERTOS_Init
                0x00000000080006ec       0x38 ./Core/Src/freertos.o
                0x00000000080006ec                MX_FREERTOS_Init
 .text.StartDefaultTask
                0x0000000008000724       0x10 ./Core/Src/freertos.o
                0x0000000008000724                StartDefaultTask
 .text.MX_GPIO_Init
                0x0000000008000734      0x150 ./Core/Src/gpio.o
                0x0000000008000734                MX_GPIO_Init
 .text.MX_I2C1_Init
                0x0000000008000884       0x5c ./Core/Src/i2c.o
                0x0000000008000884                MX_I2C1_Init
 .text.HAL_I2C_MspInit
                0x00000000080008e0       0x90 ./Core/Src/i2c.o
                0x00000000080008e0                HAL_I2C_MspInit
 .text.main     0x0000000008000970       0x4a ./Core/Src/main.o
                0x0000000008000970                main
 *fill*         0x00000000080009ba        0x2 
 .text.SystemClock_Config
                0x00000000080009bc       0xd4 ./Core/Src/main.o
                0x00000000080009bc                SystemClock_Config
 .text.HAL_TIM_PeriodElapsedCallback
                0x0000000008000a90       0x24 ./Core/Src/main.o
                0x0000000008000a90                HAL_TIM_PeriodElapsedCallback
 .text.Error_Handler
                0x0000000008000ab4        0xa ./Core/Src/main.o
                0x0000000008000ab4                Error_Handler
 *fill*         0x0000000008000abe        0x2 
 .text.MX_SPI2_Init
                0x0000000008000ac0       0x64 ./Core/Src/spi.o
                0x0000000008000ac0                MX_SPI2_Init
 .text.MX_SPI3_Init
                0x0000000008000b24       0x64 ./Core/Src/spi.o
                0x0000000008000b24                MX_SPI3_Init
 .text.HAL_SPI_MspInit
                0x0000000008000b88      0x17c ./Core/Src/spi.o
                0x0000000008000b88                HAL_SPI_MspInit
 .text.HAL_MspInit
                0x0000000008000d04       0x58 ./Core/Src/stm32f4xx_hal_msp.o
                0x0000000008000d04                HAL_MspInit
 .text.HAL_InitTick
                0x0000000008000d5c       0xb0 ./Core/Src/stm32f4xx_hal_timebase_tim.o
                0x0000000008000d5c                HAL_InitTick
 .text.NMI_Handler
                0x0000000008000e0c        0x6 ./Core/Src/stm32f4xx_it.o
                0x0000000008000e0c                NMI_Handler
 .text.HardFault_Handler
                0x0000000008000e12        0x6 ./Core/Src/stm32f4xx_it.o
                0x0000000008000e12                HardFault_Handler
 .text.MemManage_Handler
                0x0000000008000e18        0x6 ./Core/Src/stm32f4xx_it.o
                0x0000000008000e18                MemManage_Handler
 .text.BusFault_Handler
                0x0000000008000e1e        0x6 ./Core/Src/stm32f4xx_it.o
                0x0000000008000e1e                BusFault_Handler
 .text.UsageFault_Handler
                0x0000000008000e24        0x6 ./Core/Src/stm32f4xx_it.o
                0x0000000008000e24                UsageFault_Handler
 .text.DebugMon_Handler
                0x0000000008000e2a        0xe ./Core/Src/stm32f4xx_it.o
                0x0000000008000e2a                DebugMon_Handler
 .text.TIM1_BRK_TIM9_IRQHandler
                0x0000000008000e38       0x14 ./Core/Src/stm32f4xx_it.o
                0x0000000008000e38                TIM1_BRK_TIM9_IRQHandler
 .text.TIM1_UP_TIM10_IRQHandler
                0x0000000008000e4c       0x14 ./Core/Src/stm32f4xx_it.o
                0x0000000008000e4c                TIM1_UP_TIM10_IRQHandler
 .text.TIM1_TRG_COM_TIM11_IRQHandler
                0x0000000008000e60       0x1c ./Core/Src/stm32f4xx_it.o
                0x0000000008000e60                TIM1_TRG_COM_TIM11_IRQHandler
 .text.DMA2_Stream1_IRQHandler
                0x0000000008000e7c       0x14 ./Core/Src/stm32f4xx_it.o
                0x0000000008000e7c                DMA2_Stream1_IRQHandler
 .text.DMA2_Stream2_IRQHandler
                0x0000000008000e90       0x14 ./Core/Src/stm32f4xx_it.o
                0x0000000008000e90                DMA2_Stream2_IRQHandler
 .text.DMA2_Stream4_IRQHandler
                0x0000000008000ea4       0x14 ./Core/Src/stm32f4xx_it.o
                0x0000000008000ea4                DMA2_Stream4_IRQHandler
 .text.DMA2_Stream6_IRQHandler
                0x0000000008000eb8       0x14 ./Core/Src/stm32f4xx_it.o
                0x0000000008000eb8                DMA2_Stream6_IRQHandler
 .text.SystemInit
                0x0000000008000ecc       0x24 ./Core/Src/system_stm32f4xx.o
                0x0000000008000ecc                SystemInit
 .text.MX_TIM1_Init
                0x0000000008000ef0      0x188 ./Core/Src/tim.o
                0x0000000008000ef0                MX_TIM1_Init
 .text.MX_TIM2_Init
                0x0000000008001078       0xf4 ./Core/Src/tim.o
                0x0000000008001078                MX_TIM2_Init
 .text.MX_TIM3_Init
                0x000000000800116c      0x130 ./Core/Src/tim.o
                0x000000000800116c                MX_TIM3_Init
 .text.MX_TIM5_Init
                0x000000000800129c       0xe0 ./Core/Src/tim.o
                0x000000000800129c                MX_TIM5_Init
 .text.HAL_TIM_Base_MspInit
                0x000000000800137c      0x350 ./Core/Src/tim.o
                0x000000000800137c                HAL_TIM_Base_MspInit
 .text.HAL_TIM_MspPostInit
                0x00000000080016cc      0x108 ./Core/Src/tim.o
                0x00000000080016cc                HAL_TIM_MspPostInit
 .text.MX_USART1_UART_Init
                0x00000000080017d4       0x54 ./Core/Src/usart.o
                0x00000000080017d4                MX_USART1_UART_Init
 .text.MX_USART2_UART_Init
                0x0000000008001828       0x54 ./Core/Src/usart.o
                0x0000000008001828                MX_USART2_UART_Init
 .text.MX_USART6_UART_Init
                0x000000000800187c       0x54 ./Core/Src/usart.o
                0x000000000800187c                MX_USART6_UART_Init
 .text.HAL_UART_MspInit
                0x00000000080018d0      0x1a4 ./Core/Src/usart.o
                0x00000000080018d0                HAL_UART_MspInit
 .text.Reset_Handler
                0x0000000008001a74       0x50 ./Core/Startup/startup_stm32f401retx.o
                0x0000000008001a74                Reset_Handler
 .text.Default_Handler
                0x0000000008001ac4        0x2 ./Core/Startup/startup_stm32f401retx.o
                0x0000000008001ac4                DMA1_Stream3_IRQHandler
                0x0000000008001ac4                EXTI2_IRQHandler
                0x0000000008001ac4                SPI4_IRQHandler
                0x0000000008001ac4                TIM1_CC_IRQHandler
                0x0000000008001ac4                DMA2_Stream5_IRQHandler
                0x0000000008001ac4                DMA1_Stream5_IRQHandler
                0x0000000008001ac4                PVD_IRQHandler
                0x0000000008001ac4                SDIO_IRQHandler
                0x0000000008001ac4                TAMP_STAMP_IRQHandler
                0x0000000008001ac4                EXTI3_IRQHandler
                0x0000000008001ac4                I2C3_ER_IRQHandler
                0x0000000008001ac4                EXTI0_IRQHandler
                0x0000000008001ac4                I2C2_EV_IRQHandler
                0x0000000008001ac4                DMA1_Stream2_IRQHandler
                0x0000000008001ac4                FPU_IRQHandler
                0x0000000008001ac4                SPI1_IRQHandler
                0x0000000008001ac4                DMA2_Stream3_IRQHandler
                0x0000000008001ac4                USART6_IRQHandler
                0x0000000008001ac4                DMA2_Stream0_IRQHandler
                0x0000000008001ac4                TIM4_IRQHandler
                0x0000000008001ac4                I2C1_EV_IRQHandler
                0x0000000008001ac4                DMA1_Stream6_IRQHandler
                0x0000000008001ac4                DMA1_Stream1_IRQHandler
                0x0000000008001ac4                TIM3_IRQHandler
                0x0000000008001ac4                RCC_IRQHandler
                0x0000000008001ac4                Default_Handler
                0x0000000008001ac4                EXTI15_10_IRQHandler
                0x0000000008001ac4                ADC_IRQHandler
                0x0000000008001ac4                DMA1_Stream7_IRQHandler
                0x0000000008001ac4                TIM5_IRQHandler
                0x0000000008001ac4                DMA2_Stream7_IRQHandler
                0x0000000008001ac4                I2C3_EV_IRQHandler
                0x0000000008001ac4                EXTI9_5_IRQHandler
                0x0000000008001ac4                RTC_WKUP_IRQHandler
                0x0000000008001ac4                SPI2_IRQHandler
                0x0000000008001ac4                DMA1_Stream0_IRQHandler
                0x0000000008001ac4                EXTI4_IRQHandler
                0x0000000008001ac4                WWDG_IRQHandler
                0x0000000008001ac4                TIM2_IRQHandler
                0x0000000008001ac4                OTG_FS_WKUP_IRQHandler
                0x0000000008001ac4                EXTI1_IRQHandler
                0x0000000008001ac4                USART2_IRQHandler
                0x0000000008001ac4                I2C2_ER_IRQHandler
                0x0000000008001ac4                FLASH_IRQHandler
                0x0000000008001ac4                USART1_IRQHandler
                0x0000000008001ac4                OTG_FS_IRQHandler
                0x0000000008001ac4                SPI3_IRQHandler
                0x0000000008001ac4                DMA1_Stream4_IRQHandler
                0x0000000008001ac4                I2C1_ER_IRQHandler
                0x0000000008001ac4                RTC_Alarm_IRQHandler
 *fill*         0x0000000008001ac6        0x2 
 .text.HAL_Init
                0x0000000008001ac8       0x44 ./Drivers/STM32F4xx_HAL_Driver/Src/stm32f4xx_hal.o
                0x0000000008001ac8                HAL_Init
 .text.HAL_IncTick
                0x0000000008001b0c       0x28 ./Drivers/STM32F4xx_HAL_Driver/Src/stm32f4xx_hal.o
                0x0000000008001b0c                HAL_IncTick
 .text.HAL_GetTick
                0x0000000008001b34       0x18 ./Drivers/STM32F4xx_HAL_Driver/Src/stm32f4xx_hal.o
                0x0000000008001b34                HAL_GetTick
 .text.HAL_ADC_Init
                0x0000000008001b4c       0x86 ./Drivers/STM32F4xx_HAL_Driver/Src/stm32f4xx_hal_adc.o
                0x0000000008001b4c                HAL_ADC_Init
 *fill*         0x0000000008001bd2        0x2 
 .text.HAL_ADC_ConfigChannel
                0x0000000008001bd4      0x244 ./Drivers/STM32F4xx_HAL_Driver/Src/stm32f4xx_hal_adc.o
                0x0000000008001bd4                HAL_ADC_ConfigChannel
 .text.ADC_Init
                0x0000000008001e18      0x1f8 ./Drivers/STM32F4xx_HAL_Driver/Src/stm32f4xx_hal_adc.o
 .text.__NVIC_SetPriorityGrouping
                0x0000000008002010       0x48 ./Drivers/STM32F4xx_HAL_Driver/Src/stm32f4xx_hal_cortex.o
 .text.__NVIC_GetPriorityGrouping
                0x0000000008002058       0x1c ./Drivers/STM32F4xx_HAL_Driver/Src/stm32f4xx_hal_cortex.o
 .text.__NVIC_EnableIRQ
                0x0000000008002074       0x3c ./Drivers/STM32F4xx_HAL_Driver/Src/stm32f4xx_hal_cortex.o
 .text.__NVIC_SetPriority
                0x00000000080020b0       0x54 ./Drivers/STM32F4xx_HAL_Driver/Src/stm32f4xx_hal_cortex.o
 .text.NVIC_EncodePriority
                0x0000000008002104       0x66 ./Drivers/STM32F4xx_HAL_Driver/Src/stm32f4xx_hal_cortex.o
 .text.HAL_NVIC_SetPriorityGrouping
                0x000000000800216a       0x16 ./Drivers/STM32F4xx_HAL_Driver/Src/stm32f4xx_hal_cortex.o
                0x000000000800216a                HAL_NVIC_SetPriorityGrouping
 .text.HAL_NVIC_SetPriority
                0x0000000008002180       0x38 ./Drivers/STM32F4xx_HAL_Driver/Src/stm32f4xx_hal_cortex.o
                0x0000000008002180                HAL_NVIC_SetPriority
 .text.HAL_NVIC_EnableIRQ
                0x00000000080021b8       0x1c ./Drivers/STM32F4xx_HAL_Driver/Src/stm32f4xx_hal_cortex.o
                0x00000000080021b8                HAL_NVIC_EnableIRQ
 .text.HAL_DMA_Init
                0x00000000080021d4      0x15c ./Drivers/STM32F4xx_HAL_Driver/Src/stm32f4xx_hal_dma.o
                0x00000000080021d4                HAL_DMA_Init
 .text.HAL_DMA_IRQHandler
                0x0000000008002330      0x314 ./Drivers/STM32F4xx_HAL_Driver/Src/stm32f4xx_hal_dma.o
                0x0000000008002330                HAL_DMA_IRQHandler
 .text.DMA_CalcBaseAndBitshift
                0x0000000008002644       0x6c ./Drivers/STM32F4xx_HAL_Driver/Src/stm32f4xx_hal_dma.o
 .text.DMA_CheckFifoParam
                0x00000000080026b0       0xf8 ./Drivers/STM32F4xx_HAL_Driver/Src/stm32f4xx_hal_dma.o
 .text.HAL_GPIO_Init
                0x00000000080027a8      0x308 ./Drivers/STM32F4xx_HAL_Driver/Src/stm32f4xx_hal_gpio.o
                0x00000000080027a8                HAL_GPIO_Init
 .text.HAL_GPIO_WritePin
                0x0000000008002ab0       0x32 ./Drivers/STM32F4xx_HAL_Driver/Src/stm32f4xx_hal_gpio.o
                0x0000000008002ab0                HAL_GPIO_WritePin
 *fill*         0x0000000008002ae2        0x2 
 .text.HAL_I2C_Init
                0x0000000008002ae4      0x288 ./Drivers/STM32F4xx_HAL_Driver/Src/stm32f4xx_hal_i2c.o
                0x0000000008002ae4                HAL_I2C_Init
 .text.HAL_RCC_OscConfig
                0x0000000008002d6c      0x4f0 ./Drivers/STM32F4xx_HAL_Driver/Src/stm32f4xx_hal_rcc.o
                0x0000000008002d6c                HAL_RCC_OscConfig
 .text.HAL_RCC_ClockConfig
                0x000000000800325c      0x1cc ./Drivers/STM32F4xx_HAL_Driver/Src/stm32f4xx_hal_rcc.o
                0x000000000800325c                HAL_RCC_ClockConfig
 .text.HAL_RCC_GetSysClockFreq
                0x0000000008003428      0x20c ./Drivers/STM32F4xx_HAL_Driver/Src/stm32f4xx_hal_rcc.o
                0x0000000008003428                HAL_RCC_GetSysClockFreq
 .text.HAL_RCC_GetHCLKFreq
                0x0000000008003634       0x18 ./Drivers/STM32F4xx_HAL_Driver/Src/stm32f4xx_hal_rcc.o
                0x0000000008003634                HAL_RCC_GetHCLKFreq
 .text.HAL_RCC_GetPCLK1Freq
                0x000000000800364c       0x28 ./Drivers/STM32F4xx_HAL_Driver/Src/stm32f4xx_hal_rcc.o
                0x000000000800364c                HAL_RCC_GetPCLK1Freq
 .text.HAL_RCC_GetPCLK2Freq
                0x0000000008003674       0x28 ./Drivers/STM32F4xx_HAL_Driver/Src/stm32f4xx_hal_rcc.o
                0x0000000008003674                HAL_RCC_GetPCLK2Freq
 .text.HAL_RCC_GetClockConfig
                0x000000000800369c       0x64 ./Drivers/STM32F4xx_HAL_Driver/Src/stm32f4xx_hal_rcc.o
                0x000000000800369c                HAL_RCC_GetClockConfig
 .text.HAL_SPI_Init
                0x0000000008003700      0x112 ./Drivers/STM32F4xx_HAL_Driver/Src/stm32f4xx_hal_spi.o
                0x0000000008003700                HAL_SPI_Init
 .text.HAL_TIM_Base_Init
                0x0000000008003812       0x9e ./Drivers/STM32F4xx_HAL_Driver/Src/stm32f4xx_hal_tim.o
                0x0000000008003812                HAL_TIM_Base_Init
 .text.HAL_TIM_Base_Start_IT
                0x00000000080038b0       0xc4 ./Drivers/STM32F4xx_HAL_Driver/Src/stm32f4xx_hal_tim.o
                0x00000000080038b0                HAL_TIM_Base_Start_IT
 .text.HAL_TIM_PWM_Init
                0x0000000008003974       0x9e ./Drivers/STM32F4xx_HAL_Driver/Src/stm32f4xx_hal_tim.o
                0x0000000008003974                HAL_TIM_PWM_Init
 .text.HAL_TIM_PWM_MspInit
                0x0000000008003a12       0x14 ./Drivers/STM32F4xx_HAL_Driver/Src/stm32f4xx_hal_tim.o
                0x0000000008003a12                HAL_TIM_PWM_MspInit
 .text.HAL_TIM_IC_Init
                0x0000000008003a26       0x9e ./Drivers/STM32F4xx_HAL_Driver/Src/stm32f4xx_hal_tim.o
                0x0000000008003a26                HAL_TIM_IC_Init
 .text.HAL_TIM_IC_MspInit
                0x0000000008003ac4       0x14 ./Drivers/STM32F4xx_HAL_Driver/Src/stm32f4xx_hal_tim.o
                0x0000000008003ac4                HAL_TIM_IC_MspInit
 .text.HAL_TIM_IRQHandler
                0x0000000008003ad8      0x210 ./Drivers/STM32F4xx_HAL_Driver/Src/stm32f4xx_hal_tim.o
                0x0000000008003ad8                HAL_TIM_IRQHandler
 .text.HAL_TIM_IC_ConfigChannel
                0x0000000008003ce8      0x138 ./Drivers/STM32F4xx_HAL_Driver/Src/stm32f4xx_hal_tim.o
                0x0000000008003ce8                HAL_TIM_IC_ConfigChannel
 .text.HAL_TIM_PWM_ConfigChannel
                0x0000000008003e20      0x184 ./Drivers/STM32F4xx_HAL_Driver/Src/stm32f4xx_hal_tim.o
                0x0000000008003e20                HAL_TIM_PWM_ConfigChannel
 .text.HAL_TIM_ConfigClockSource
                0x0000000008003fa4      0x18e ./Drivers/STM32F4xx_HAL_Driver/Src/stm32f4xx_hal_tim.o
                0x0000000008003fa4                HAL_TIM_ConfigClockSource
 *fill*         0x0000000008004132        0x2 
 .text.HAL_TIM_ReadCapturedValue
                0x0000000008004134       0x88 ./Drivers/STM32F4xx_HAL_Driver/Src/stm32f4xx_hal_tim.o
                0x0000000008004134                HAL_TIM_ReadCapturedValue
 .text.HAL_TIM_OC_DelayElapsedCallback
                0x00000000080041bc       0x14 ./Drivers/STM32F4xx_HAL_Driver/Src/stm32f4xx_hal_tim.o
                0x00000000080041bc                HAL_TIM_OC_DelayElapsedCallback
 .text.HAL_TIM_PWM_PulseFinishedCallback
                0x00000000080041d0       0x14 ./Drivers/STM32F4xx_HAL_Driver/Src/stm32f4xx_hal_tim.o
                0x00000000080041d0                HAL_TIM_PWM_PulseFinishedCallback
 .text.HAL_TIM_TriggerCallback
                0x00000000080041e4       0x14 ./Drivers/STM32F4xx_HAL_Driver/Src/stm32f4xx_hal_tim.o
                0x00000000080041e4                HAL_TIM_TriggerCallback
 .text.TIM_Base_SetConfig
                0x00000000080041f8      0x100 ./Drivers/STM32F4xx_HAL_Driver/Src/stm32f4xx_hal_tim.o
                0x00000000080041f8                TIM_Base_SetConfig
 .text.TIM_OC1_SetConfig
                0x00000000080042f8       0xcc ./Drivers/STM32F4xx_HAL_Driver/Src/stm32f4xx_hal_tim.o
 .text.TIM_OC2_SetConfig
                0x00000000080043c4       0xd8 ./Drivers/STM32F4xx_HAL_Driver/Src/stm32f4xx_hal_tim.o
                0x00000000080043c4                TIM_OC2_SetConfig
 .text.TIM_OC3_SetConfig
                0x000000000800449c       0xd4 ./Drivers/STM32F4xx_HAL_Driver/Src/stm32f4xx_hal_tim.o
 .text.TIM_OC4_SetConfig
                0x0000000008004570       0xa0 ./Drivers/STM32F4xx_HAL_Driver/Src/stm32f4xx_hal_tim.o
 .text.TIM_TI1_SetConfig
                0x0000000008004610       0xd0 ./Drivers/STM32F4xx_HAL_Driver/Src/stm32f4xx_hal_tim.o
                0x0000000008004610                TIM_TI1_SetConfig
 .text.TIM_TI1_ConfigInputStage
                0x00000000080046e0       0x5e ./Drivers/STM32F4xx_HAL_Driver/Src/stm32f4xx_hal_tim.o
 .text.TIM_TI2_SetConfig
                0x000000000800473e       0x7a ./Drivers/STM32F4xx_HAL_Driver/Src/stm32f4xx_hal_tim.o
 .text.TIM_TI2_ConfigInputStage
                0x00000000080047b8       0x60 ./Drivers/STM32F4xx_HAL_Driver/Src/stm32f4xx_hal_tim.o
 .text.TIM_TI3_SetConfig
                0x0000000008004818       0x78 ./Drivers/STM32F4xx_HAL_Driver/Src/stm32f4xx_hal_tim.o
 .text.TIM_TI4_SetConfig
                0x0000000008004890       0x7a ./Drivers/STM32F4xx_HAL_Driver/Src/stm32f4xx_hal_tim.o
 .text.TIM_ITRx_SetConfig
                0x000000000800490a       0x36 ./Drivers/STM32F4xx_HAL_Driver/Src/stm32f4xx_hal_tim.o
 .text.TIM_ETR_SetConfig
                0x0000000008004940       0x40 ./Drivers/STM32F4xx_HAL_Driver/Src/stm32f4xx_hal_tim.o
                0x0000000008004940                TIM_ETR_SetConfig
 .text.HAL_TIMEx_MasterConfigSynchronization
                0x0000000008004980       0xdc ./Drivers/STM32F4xx_HAL_Driver/Src/stm32f4xx_hal_tim_ex.o
                0x0000000008004980                HAL_TIMEx_MasterConfigSynchronization
 .text.HAL_TIMEx_ConfigBreakDeadTime
                0x0000000008004a5c       0xa4 ./Drivers/STM32F4xx_HAL_Driver/Src/stm32f4xx_hal_tim_ex.o
                0x0000000008004a5c                HAL_TIMEx_ConfigBreakDeadTime
 .text.HAL_TIMEx_CommutCallback
                0x0000000008004b00       0x14 ./Drivers/STM32F4xx_HAL_Driver/Src/stm32f4xx_hal_tim_ex.o
                0x0000000008004b00                HAL_TIMEx_CommutCallback
 .text.HAL_TIMEx_BreakCallback
                0x0000000008004b14       0x14 ./Drivers/STM32F4xx_HAL_Driver/Src/stm32f4xx_hal_tim_ex.o
                0x0000000008004b14                HAL_TIMEx_BreakCallback
 .text.HAL_UART_Init
                0x0000000008004b28       0x9a ./Drivers/STM32F4xx_HAL_Driver/Src/stm32f4xx_hal_uart.o
                0x0000000008004b28                HAL_UART_Init
 *fill*         0x0000000008004bc2        0x2 
 .text.UART_SetConfig
                0x0000000008004bc4      0x4e8 ./Drivers/STM32F4xx_HAL_Driver/Src/stm32f4xx_hal_uart.o
 .text._Z41__static_initialization_and_destruction_0ii
                0x00000000080050ac       0x78 ./Interfaces/LOS_Actuators/Src/actuators.o
 .text._GLOBAL__sub_I_PWM_TIM
                0x0000000008005124       0x10 ./Interfaces/LOS_Actuators/Src/actuators.o
 .text._ZL15counter_to_timemm
                0x0000000008005134       0x6c ./Interfaces/LOS_Link/Src/PPM.o
 .text.HAL_TIM_IC_CaptureCallback
                0x00000000080051a0       0xa8 ./Interfaces/LOS_Link/Src/PPM.o
                0x00000000080051a0                HAL_TIM_IC_CaptureCallback
 .text.makeFreeRtosPriority
                0x0000000008005248       0x30 ./Middlewares/Third_Party/FreeRTOS/Source/CMSIS_RTOS/cmsis_os.o
 .text.osKernelStart
                0x0000000008005278        0xe ./Middlewares/Third_Party/FreeRTOS/Source/CMSIS_RTOS/cmsis_os.o
                0x0000000008005278                osKernelStart
 .text.osThreadCreate
                0x0000000008005286       0x98 ./Middlewares/Third_Party/FreeRTOS/Source/CMSIS_RTOS/cmsis_os.o
                0x0000000008005286                osThreadCreate
 .text.osDelay  0x000000000800531e       0x28 ./Middlewares/Third_Party/FreeRTOS/Source/CMSIS_RTOS/cmsis_os.o
                0x000000000800531e                osDelay
 .text.vListInitialise
                0x0000000008005346       0x40 ./Middlewares/Third_Party/FreeRTOS/Source/list.o
                0x0000000008005346                vListInitialise
 .text.vListInitialiseItem
                0x0000000008005386       0x1a ./Middlewares/Third_Party/FreeRTOS/Source/list.o
                0x0000000008005386                vListInitialiseItem
 .text.vListInsertEnd
                0x00000000080053a0       0x48 ./Middlewares/Third_Party/FreeRTOS/Source/list.o
                0x00000000080053a0                vListInsertEnd
 .text.vListInsert
                0x00000000080053e8       0x72 ./Middlewares/Third_Party/FreeRTOS/Source/list.o
                0x00000000080053e8                vListInsert
 .text.uxListRemove
                0x000000000800545a       0x54 ./Middlewares/Third_Party/FreeRTOS/Source/list.o
                0x000000000800545a                uxListRemove
 .text.xTaskCreateStatic
                0x00000000080054ae       0xba ./Middlewares/Third_Party/FreeRTOS/Source/tasks.o
                0x00000000080054ae                xTaskCreateStatic
 .text.xTaskCreate
                0x0000000008005568       0x8a ./Middlewares/Third_Party/FreeRTOS/Source/tasks.o
                0x0000000008005568                xTaskCreate
 *fill*         0x00000000080055f2        0x2 
 .text.prvInitialiseNewTask
                0x00000000080055f4      0x13c ./Middlewares/Third_Party/FreeRTOS/Source/tasks.o
 .text.prvAddNewTaskToReadyList
                0x0000000008005730       0xd4 ./Middlewares/Third_Party/FreeRTOS/Source/tasks.o
 .text.vTaskDelay
                0x0000000008005804       0x68 ./Middlewares/Third_Party/FreeRTOS/Source/tasks.o
                0x0000000008005804                vTaskDelay
 .text.vTaskStartScheduler
                0x000000000800586c       0xd4 ./Middlewares/Third_Party/FreeRTOS/Source/tasks.o
                0x000000000800586c                vTaskStartScheduler
 .text.vTaskSuspendAll
                0x0000000008005940       0x1c ./Middlewares/Third_Party/FreeRTOS/Source/tasks.o
                0x0000000008005940                vTaskSuspendAll
 .text.xTaskResumeAll
                0x000000000800595c      0x138 ./Middlewares/Third_Party/FreeRTOS/Source/tasks.o
                0x000000000800595c                xTaskResumeAll
 .text.xTaskIncrementTick
                0x0000000008005a94      0x170 ./Middlewares/Third_Party/FreeRTOS/Source/tasks.o
                0x0000000008005a94                xTaskIncrementTick
 .text.vTaskSwitchContext
                0x0000000008005c04       0xc4 ./Middlewares/Third_Party/FreeRTOS/Source/tasks.o
                0x0000000008005c04                vTaskSwitchContext
 .text.prvIdleTask
                0x0000000008005cc8       0x30 ./Middlewares/Third_Party/FreeRTOS/Source/tasks.o
 .text.prvInitialiseTaskLists
                0x0000000008005cf8       0x80 ./Middlewares/Third_Party/FreeRTOS/Source/tasks.o
 .text.prvCheckTasksWaitingTermination
                0x0000000008005d78       0x5c ./Middlewares/Third_Party/FreeRTOS/Source/tasks.o
 .text.prvDeleteTCB
                0x0000000008005dd4       0x68 ./Middlewares/Third_Party/FreeRTOS/Source/tasks.o
 .text.prvResetNextTaskUnblockTime
                0x0000000008005e3c       0x40 ./Middlewares/Third_Party/FreeRTOS/Source/tasks.o
 .text.prvAddCurrentTaskToDelayedList
                0x0000000008005e7c       0xcc ./Middlewares/Third_Party/FreeRTOS/Source/tasks.o
 .text.pxPortInitialiseStack
                0x0000000008005f48       0x68 ./Middlewares/Third_Party/FreeRTOS/Source/portable/GCC/ARM_CM4F/port.o
                0x0000000008005f48                pxPortInitialiseStack
 .text.prvTaskExitError
                0x0000000008005fb0       0x58 ./Middlewares/Third_Party/FreeRTOS/Source/portable/GCC/ARM_CM4F/port.o
 *fill*         0x0000000008006008        0x8 
 .text.SVC_Handler
                0x0000000008006010       0x28 ./Middlewares/Third_Party/FreeRTOS/Source/portable/GCC/ARM_CM4F/port.o
                0x0000000008006010                SVC_Handler
 .text.prvPortStartFirstTask
                0x0000000008006038       0x28 ./Middlewares/Third_Party/FreeRTOS/Source/portable/GCC/ARM_CM4F/port.o
 .text.xPortStartScheduler
                0x0000000008006060      0x144 ./Middlewares/Third_Party/FreeRTOS/Source/portable/GCC/ARM_CM4F/port.o
                0x0000000008006060                xPortStartScheduler
 .text.vPortEnterCritical
                0x00000000080061a4       0x60 ./Middlewares/Third_Party/FreeRTOS/Source/portable/GCC/ARM_CM4F/port.o
                0x00000000080061a4                vPortEnterCritical
 .text.vPortExitCritical
                0x0000000008006204       0x54 ./Middlewares/Third_Party/FreeRTOS/Source/portable/GCC/ARM_CM4F/port.o
                0x0000000008006204                vPortExitCritical
 *fill*         0x0000000008006258        0x8 
 .text.PendSV_Handler
                0x0000000008006260       0x68 ./Middlewares/Third_Party/FreeRTOS/Source/portable/GCC/ARM_CM4F/port.o
                0x0000000008006260                PendSV_Handler
 .text.SysTick_Handler
                0x00000000080062c8       0x44 ./Middlewares/Third_Party/FreeRTOS/Source/portable/GCC/ARM_CM4F/port.o
                0x00000000080062c8                SysTick_Handler
 .text.vPortSetupTimerInterrupt
                0x000000000800630c       0x48 ./Middlewares/Third_Party/FreeRTOS/Source/portable/GCC/ARM_CM4F/port.o
                0x000000000800630c                vPortSetupTimerInterrupt
 .text.vPortEnableVFP
                0x0000000008006354       0x14 ./Middlewares/Third_Party/FreeRTOS/Source/portable/GCC/ARM_CM4F/port.o
 .text.pvPortMalloc
                0x0000000008006368      0x198 ./Middlewares/Third_Party/FreeRTOS/Source/portable/MemMang/heap_4.o
                0x0000000008006368                pvPortMalloc
 .text.vPortFree
                0x0000000008006500       0xc4 ./Middlewares/Third_Party/FreeRTOS/Source/portable/MemMang/heap_4.o
                0x0000000008006500                vPortFree
 .text.prvHeapInit
                0x00000000080065c4       0xc4 ./Middlewares/Third_Party/FreeRTOS/Source/portable/MemMang/heap_4.o
 .text.prvInsertBlockIntoFreeList
                0x0000000008006688       0xb4 ./Middlewares/Third_Party/FreeRTOS/Source/portable/MemMang/heap_4.o
 .text.__libc_init_array
                0x000000000800673c       0x48 /Applications/STM32CubeIDE.app/Contents/Eclipse/plugins/com.st.stm32cube.ide.mcu.externaltools.gnu-tools-for-stm32.10.3-2021.10.macos64_1.0.0.202111181127/tools/bin/../lib/gcc/arm-none-eabi/10.3.1/../../../../arm-none-eabi/lib/thumb/v7e-m+fp/hard/libc_nano.a(lib_a-init.o)
                0x000000000800673c                __libc_init_array
 .text.__retarget_lock_acquire_recursive
                0x0000000008006784        0x2 /Applications/STM32CubeIDE.app/Contents/Eclipse/plugins/com.st.stm32cube.ide.mcu.externaltools.gnu-tools-for-stm32.10.3-2021.10.macos64_1.0.0.202111181127/tools/bin/../lib/gcc/arm-none-eabi/10.3.1/../../../../arm-none-eabi/lib/thumb/v7e-m+fp/hard/libc_nano.a(lib_a-lock.o)
                0x0000000008006784                __retarget_lock_acquire_recursive
 .text.__retarget_lock_release_recursive
                0x0000000008006786        0x2 /Applications/STM32CubeIDE.app/Contents/Eclipse/plugins/com.st.stm32cube.ide.mcu.externaltools.gnu-tools-for-stm32.10.3-2021.10.macos64_1.0.0.202111181127/tools/bin/../lib/gcc/arm-none-eabi/10.3.1/../../../../arm-none-eabi/lib/thumb/v7e-m+fp/hard/libc_nano.a(lib_a-lock.o)
                0x0000000008006786                __retarget_lock_release_recursive
 .text.memset   0x0000000008006788       0x10 /Applications/STM32CubeIDE.app/Contents/Eclipse/plugins/com.st.stm32cube.ide.mcu.externaltools.gnu-tools-for-stm32.10.3-2021.10.macos64_1.0.0.202111181127/tools/bin/../lib/gcc/arm-none-eabi/10.3.1/../../../../arm-none-eabi/lib/thumb/v7e-m+fp/hard/libc_nano.a(lib_a-memset.o)
                0x0000000008006788                memset
 .text.cleanup_glue
                0x0000000008006798       0x1a /Applications/STM32CubeIDE.app/Contents/Eclipse/plugins/com.st.stm32cube.ide.mcu.externaltools.gnu-tools-for-stm32.10.3-2021.10.macos64_1.0.0.202111181127/tools/bin/../lib/gcc/arm-none-eabi/10.3.1/../../../../arm-none-eabi/lib/thumb/v7e-m+fp/hard/libc_nano.a(lib_a-reent.o)
                0x0000000008006798                cleanup_glue
 *fill*         0x00000000080067b2        0x2 
 .text._reclaim_reent
                0x00000000080067b4       0xb8 /Applications/STM32CubeIDE.app/Contents/Eclipse/plugins/com.st.stm32cube.ide.mcu.externaltools.gnu-tools-for-stm32.10.3-2021.10.macos64_1.0.0.202111181127/tools/bin/../lib/gcc/arm-none-eabi/10.3.1/../../../../arm-none-eabi/lib/thumb/v7e-m+fp/hard/libc_nano.a(lib_a-reent.o)
                0x00000000080067b4                _reclaim_reent
 .text.__malloc_lock
                0x000000000800686c        0xc /Applications/STM32CubeIDE.app/Contents/Eclipse/plugins/com.st.stm32cube.ide.mcu.externaltools.gnu-tools-for-stm32.10.3-2021.10.macos64_1.0.0.202111181127/tools/bin/../lib/gcc/arm-none-eabi/10.3.1/../../../../arm-none-eabi/lib/thumb/v7e-m+fp/hard/libc_nano.a(lib_a-mlock.o)
                0x000000000800686c                __malloc_lock
 .text.__malloc_unlock
                0x0000000008006878        0xc /Applications/STM32CubeIDE.app/Contents/Eclipse/plugins/com.st.stm32cube.ide.mcu.externaltools.gnu-tools-for-stm32.10.3-2021.10.macos64_1.0.0.202111181127/tools/bin/../lib/gcc/arm-none-eabi/10.3.1/../../../../arm-none-eabi/lib/thumb/v7e-m+fp/hard/libc_nano.a(lib_a-mlock.o)
                0x0000000008006878                __malloc_unlock
 .text._free_r  0x0000000008006884       0x98 /Applications/STM32CubeIDE.app/Contents/Eclipse/plugins/com.st.stm32cube.ide.mcu.externaltools.gnu-tools-for-stm32.10.3-2021.10.macos64_1.0.0.202111181127/tools/bin/../lib/gcc/arm-none-eabi/10.3.1/../../../../arm-none-eabi/lib/thumb/v7e-m+fp/hard/libc_nano.a(lib_a-nano-freer.o)
                0x0000000008006884                _free_r
 *(.glue_7)
 .glue_7        0x000000000800691c        0x0 linker stubs
 *(.glue_7t)
 .glue_7t       0x000000000800691c        0x0 linker stubs
 *(.eh_frame)
 .eh_frame      0x000000000800691c        0x0 /Applications/STM32CubeIDE.app/Contents/Eclipse/plugins/com.st.stm32cube.ide.mcu.externaltools.gnu-tools-for-stm32.10.3-2021.10.macos64_1.0.0.202111181127/tools/bin/../lib/gcc/arm-none-eabi/10.3.1/thumb/v7e-m+fp/hard/crtbegin.o
 *(.init)
 .init          0x000000000800691c        0x4 /Applications/STM32CubeIDE.app/Contents/Eclipse/plugins/com.st.stm32cube.ide.mcu.externaltools.gnu-tools-for-stm32.10.3-2021.10.macos64_1.0.0.202111181127/tools/bin/../lib/gcc/arm-none-eabi/10.3.1/thumb/v7e-m+fp/hard/crti.o
                0x000000000800691c                _init
 .init          0x0000000008006920        0x8 /Applications/STM32CubeIDE.app/Contents/Eclipse/plugins/com.st.stm32cube.ide.mcu.externaltools.gnu-tools-for-stm32.10.3-2021.10.macos64_1.0.0.202111181127/tools/bin/../lib/gcc/arm-none-eabi/10.3.1/thumb/v7e-m+fp/hard/crtn.o
 *(.fini)
 .fini          0x0000000008006928        0x4 /Applications/STM32CubeIDE.app/Contents/Eclipse/plugins/com.st.stm32cube.ide.mcu.externaltools.gnu-tools-for-stm32.10.3-2021.10.macos64_1.0.0.202111181127/tools/bin/../lib/gcc/arm-none-eabi/10.3.1/thumb/v7e-m+fp/hard/crti.o
                0x0000000008006928                _fini
 .fini          0x000000000800692c        0x8 /Applications/STM32CubeIDE.app/Contents/Eclipse/plugins/com.st.stm32cube.ide.mcu.externaltools.gnu-tools-for-stm32.10.3-2021.10.macos64_1.0.0.202111181127/tools/bin/../lib/gcc/arm-none-eabi/10.3.1/thumb/v7e-m+fp/hard/crtn.o
                0x0000000008006934                . = ALIGN (0x4)
                0x0000000008006934                _etext = .

.vfp11_veneer   0x0000000008006934        0x0
 .vfp11_veneer  0x0000000008006934        0x0 linker stubs

.v4_bx          0x0000000008006934        0x0
 .v4_bx         0x0000000008006934        0x0 linker stubs

.iplt           0x0000000008006934        0x0
 .iplt          0x0000000008006934        0x0 /Applications/STM32CubeIDE.app/Contents/Eclipse/plugins/com.st.stm32cube.ide.mcu.externaltools.gnu-tools-for-stm32.10.3-2021.10.macos64_1.0.0.202111181127/tools/bin/../lib/gcc/arm-none-eabi/10.3.1/thumb/v7e-m+fp/hard/crtbegin.o

.rodata         0x0000000008006934       0xb0
                0x0000000008006934                . = ALIGN (0x4)
 *(.rodata)
 .rodata        0x0000000008006934       0x28 ./Core/Src/freertos.o
 .rodata        0x000000000800695c        0x5 ./Middlewares/Third_Party/FreeRTOS/Source/tasks.o
 *(.rodata*)
 *fill*         0x0000000008006961        0x3 
 .rodata.AHBPrescTable
                0x0000000008006964       0x10 ./Core/Src/system_stm32f4xx.o
                0x0000000008006964                AHBPrescTable
 .rodata.APBPrescTable
                0x0000000008006974        0x8 ./Core/Src/system_stm32f4xx.o
                0x0000000008006974                APBPrescTable
 .rodata.flagBitshiftOffset.0
                0x000000000800697c        0x8 ./Drivers/STM32F4xx_HAL_Driver/Src/stm32f4xx_hal_dma.o
 .rodata.__sf_fake_stderr
                0x0000000008006984       0x20 /Applications/STM32CubeIDE.app/Contents/Eclipse/plugins/com.st.stm32cube.ide.mcu.externaltools.gnu-tools-for-stm32.10.3-2021.10.macos64_1.0.0.202111181127/tools/bin/../lib/gcc/arm-none-eabi/10.3.1/../../../../arm-none-eabi/lib/thumb/v7e-m+fp/hard/libc_nano.a(lib_a-findfp.o)
                0x0000000008006984                __sf_fake_stderr
 .rodata.__sf_fake_stdin
                0x00000000080069a4       0x20 /Applications/STM32CubeIDE.app/Contents/Eclipse/plugins/com.st.stm32cube.ide.mcu.externaltools.gnu-tools-for-stm32.10.3-2021.10.macos64_1.0.0.202111181127/tools/bin/../lib/gcc/arm-none-eabi/10.3.1/../../../../arm-none-eabi/lib/thumb/v7e-m+fp/hard/libc_nano.a(lib_a-findfp.o)
                0x00000000080069a4                __sf_fake_stdin
 .rodata.__sf_fake_stdout
                0x00000000080069c4       0x20 /Applications/STM32CubeIDE.app/Contents/Eclipse/plugins/com.st.stm32cube.ide.mcu.externaltools.gnu-tools-for-stm32.10.3-2021.10.macos64_1.0.0.202111181127/tools/bin/../lib/gcc/arm-none-eabi/10.3.1/../../../../arm-none-eabi/lib/thumb/v7e-m+fp/hard/libc_nano.a(lib_a-findfp.o)
                0x00000000080069c4                __sf_fake_stdout
                0x00000000080069e4                . = ALIGN (0x4)

.ARM.extab      0x00000000080069e4        0x0
                0x00000000080069e4                . = ALIGN (0x4)
 *(.ARM.extab* .gnu.linkonce.armextab.*)
                0x00000000080069e4                . = ALIGN (0x4)

.ARM            0x00000000080069e4        0x8
                0x00000000080069e4                . = ALIGN (0x4)
                0x00000000080069e4                __exidx_start = .
 *(.ARM.exidx*)
 .ARM.exidx     0x00000000080069e4        0x8 /Applications/STM32CubeIDE.app/Contents/Eclipse/plugins/com.st.stm32cube.ide.mcu.externaltools.gnu-tools-for-stm32.10.3-2021.10.macos64_1.0.0.202111181127/tools/bin/../lib/gcc/arm-none-eabi/10.3.1/thumb/v7e-m+fp/hard/libgcc.a(_udivmoddi4.o)
                0x00000000080069ec                __exidx_end = .
                0x00000000080069ec                . = ALIGN (0x4)

.rel.dyn        0x00000000080069ec        0x0
 .rel.iplt      0x00000000080069ec        0x0 /Applications/STM32CubeIDE.app/Contents/Eclipse/plugins/com.st.stm32cube.ide.mcu.externaltools.gnu-tools-for-stm32.10.3-2021.10.macos64_1.0.0.202111181127/tools/bin/../lib/gcc/arm-none-eabi/10.3.1/thumb/v7e-m+fp/hard/crtbegin.o

.preinit_array  0x00000000080069ec        0x0
                0x00000000080069ec                . = ALIGN (0x4)
                0x00000000080069ec                PROVIDE (__preinit_array_start = .)
 *(.preinit_array*)
                0x00000000080069ec                PROVIDE (__preinit_array_end = .)
                0x00000000080069ec                . = ALIGN (0x4)

.init_array     0x00000000080069ec        0x8
                0x00000000080069ec                . = ALIGN (0x4)
                0x00000000080069ec                PROVIDE (__init_array_start = .)
 *(SORT_BY_NAME(.init_array.*))
 *(.init_array*)
 .init_array    0x00000000080069ec        0x4 /Applications/STM32CubeIDE.app/Contents/Eclipse/plugins/com.st.stm32cube.ide.mcu.externaltools.gnu-tools-for-stm32.10.3-2021.10.macos64_1.0.0.202111181127/tools/bin/../lib/gcc/arm-none-eabi/10.3.1/thumb/v7e-m+fp/hard/crtbegin.o
 .init_array    0x00000000080069f0        0x4 ./Interfaces/LOS_Actuators/Src/actuators.o
                0x00000000080069f4                PROVIDE (__init_array_end = .)
                0x00000000080069f4                . = ALIGN (0x4)

.fini_array     0x00000000080069f4        0x4
                0x00000000080069f4                . = ALIGN (0x4)
                [!provide]                        PROVIDE (__fini_array_start = .)
 *(SORT_BY_NAME(.fini_array.*))
 *(.fini_array*)
 .fini_array    0x00000000080069f4        0x4 /Applications/STM32CubeIDE.app/Contents/Eclipse/plugins/com.st.stm32cube.ide.mcu.externaltools.gnu-tools-for-stm32.10.3-2021.10.macos64_1.0.0.202111181127/tools/bin/../lib/gcc/arm-none-eabi/10.3.1/thumb/v7e-m+fp/hard/crtbegin.o
                [!provide]                        PROVIDE (__fini_array_end = .)
                0x00000000080069f8                . = ALIGN (0x4)
                0x00000000080069f8                _sidata = LOADADDR (.data)

.data           0x0000000020000000      0x16c load address 0x00000000080069f8
                0x0000000020000000                . = ALIGN (0x4)
                0x0000000020000000                _sdata = .
 *(.data)
 *(.data*)
 .data.SystemCoreClock
                0x0000000020000000        0x4 ./Core/Src/system_stm32f4xx.o
                0x0000000020000000                SystemCoreClock
 .data.uwTickPrio
                0x0000000020000004        0x4 ./Drivers/STM32F4xx_HAL_Driver/Src/stm32f4xx_hal.o
                0x0000000020000004                uwTickPrio
 .data.uwTickFreq
                0x0000000020000008        0x1 ./Drivers/STM32F4xx_HAL_Driver/Src/stm32f4xx_hal.o
                0x0000000020000008                uwTickFreq
 *fill*         0x0000000020000009        0x3 
 .data.PWM_TIM  0x000000002000000c        0x4 ./Interfaces/LOS_Actuators/Src/actuators.o
                0x000000002000000c                PWM_TIM
 .data.DSHOT_TIM
                0x0000000020000010        0x4 ./Interfaces/LOS_Actuators/Src/actuators.o
                0x0000000020000010                DSHOT_TIM
 .data._ZL10PWM_CONFIG
                0x0000000020000014       0xf0 ./Interfaces/LOS_Actuators/Src/actuators.o
 .data.uxCriticalNesting
                0x0000000020000104        0x4 ./Middlewares/Third_Party/FreeRTOS/Source/portable/GCC/ARM_CM4F/port.o
 .data._impure_ptr
                0x0000000020000108        0x4 /Applications/STM32CubeIDE.app/Contents/Eclipse/plugins/com.st.stm32cube.ide.mcu.externaltools.gnu-tools-for-stm32.10.3-2021.10.macos64_1.0.0.202111181127/tools/bin/../lib/gcc/arm-none-eabi/10.3.1/../../../../arm-none-eabi/lib/thumb/v7e-m+fp/hard/libc_nano.a(lib_a-impure.o)
                0x0000000020000108                _impure_ptr
 .data.impure_data
                0x000000002000010c       0x60 /Applications/STM32CubeIDE.app/Contents/Eclipse/plugins/com.st.stm32cube.ide.mcu.externaltools.gnu-tools-for-stm32.10.3-2021.10.macos64_1.0.0.202111181127/tools/bin/../lib/gcc/arm-none-eabi/10.3.1/../../../../arm-none-eabi/lib/thumb/v7e-m+fp/hard/libc_nano.a(lib_a-impure.o)
 *(.RamFunc)
 *(.RamFunc*)
                0x000000002000016c                . = ALIGN (0x4)
                0x000000002000016c                _edata = .

.igot.plt       0x000000002000016c        0x0 load address 0x0000000008006b64
 .igot.plt      0x000000002000016c        0x0 /Applications/STM32CubeIDE.app/Contents/Eclipse/plugins/com.st.stm32cube.ide.mcu.externaltools.gnu-tools-for-stm32.10.3-2021.10.macos64_1.0.0.202111181127/tools/bin/../lib/gcc/arm-none-eabi/10.3.1/thumb/v7e-m+fp/hard/crtbegin.o
                0x000000002000016c                . = ALIGN (0x4)

.bss            0x000000002000016c     0x4688 load address 0x0000000008006b64
                0x000000002000016c                _sbss = .
                0x000000002000016c                __bss_start__ = _sbss
 *(.bss)
 .bss           0x000000002000016c       0x1c /Applications/STM32CubeIDE.app/Contents/Eclipse/plugins/com.st.stm32cube.ide.mcu.externaltools.gnu-tools-for-stm32.10.3-2021.10.macos64_1.0.0.202111181127/tools/bin/../lib/gcc/arm-none-eabi/10.3.1/thumb/v7e-m+fp/hard/crtbegin.o
 *(.bss*)
 .bss.hadc1     0x0000000020000188       0x48 ./Core/Src/adc.o
                0x0000000020000188                hadc1
 .bss.defaultTaskHandle
                0x00000000200001d0        0x4 ./Core/Src/freertos.o
                0x00000000200001d0                defaultTaskHandle
 .bss.xIdleTaskTCBBuffer
                0x00000000200001d4       0xb4 ./Core/Src/freertos.o
 .bss.xIdleStack
                0x0000000020000288      0x200 ./Core/Src/freertos.o
 .bss.hi2c1     0x0000000020000488       0x54 ./Core/Src/i2c.o
                0x0000000020000488                hi2c1
 .bss.hspi2     0x00000000200004dc       0x58 ./Core/Src/spi.o
                0x00000000200004dc                hspi2
 .bss.hspi3     0x0000000020000534       0x58 ./Core/Src/spi.o
                0x0000000020000534                hspi3
 .bss.htim11    0x000000002000058c       0x48 ./Core/Src/stm32f4xx_hal_timebase_tim.o
                0x000000002000058c                htim11
 .bss.htim1     0x00000000200005d4       0x48 ./Core/Src/tim.o
                0x00000000200005d4                htim1
 .bss.htim2     0x000000002000061c       0x48 ./Core/Src/tim.o
                0x000000002000061c                htim2
 .bss.htim3     0x0000000020000664       0x48 ./Core/Src/tim.o
                0x0000000020000664                htim3
 .bss.htim5     0x00000000200006ac       0x48 ./Core/Src/tim.o
                0x00000000200006ac                htim5
 .bss.hdma_tim1_ch1
                0x00000000200006f4       0x60 ./Core/Src/tim.o
                0x00000000200006f4                hdma_tim1_ch1
 .bss.hdma_tim1_ch2
                0x0000000020000754       0x60 ./Core/Src/tim.o
                0x0000000020000754                hdma_tim1_ch2
 .bss.hdma_tim1_ch3
                0x00000000200007b4       0x60 ./Core/Src/tim.o
                0x00000000200007b4                hdma_tim1_ch3
 .bss.hdma_tim1_ch4_trig_com
                0x0000000020000814       0x60 ./Core/Src/tim.o
                0x0000000020000814                hdma_tim1_ch4_trig_com
 .bss.huart1    0x0000000020000874       0x44 ./Core/Src/usart.o
                0x0000000020000874                huart1
 .bss.huart2    0x00000000200008b8       0x44 ./Core/Src/usart.o
                0x00000000200008b8                huart2
 .bss.huart6    0x00000000200008fc       0x44 ./Core/Src/usart.o
                0x00000000200008fc                huart6
 .bss.uwTick    0x0000000020000940        0x4 ./Drivers/STM32F4xx_HAL_Driver/Src/stm32f4xx_hal.o
                0x0000000020000940                uwTick
 .bss._ZL15DMAMotorBuffer1
                0x0000000020000944       0x48 ./Interfaces/LOS_Actuators/Src/actuators.o
 .bss._ZL15DMAMotorBuffer2
                0x000000002000098c       0x48 ./Interfaces/LOS_Actuators/Src/actuators.o
 .bss._ZL15DMAMotorBuffer3
                0x00000000200009d4       0x48 ./Interfaces/LOS_Actuators/Src/actuators.o
 .bss._ZL15DMAMotorBuffer4
                0x0000000020000a1c       0x48 ./Interfaces/LOS_Actuators/Src/actuators.o
 .bss._ZL10ppm_values
                0x0000000020000a64       0x30 ./Interfaces/LOS_Link/Src/PPM.o
 .bss._ZZ26HAL_TIM_IC_CaptureCallbackE5index
                0x0000000020000a94        0x1 ./Interfaces/LOS_Link/Src/PPM.o
 *fill*         0x0000000020000a95        0x3 
 .bss.pxCurrentTCB
                0x0000000020000a98        0x4 ./Middlewares/Third_Party/FreeRTOS/Source/tasks.o
                0x0000000020000a98                pxCurrentTCB
 .bss.pxReadyTasksLists
                0x0000000020000a9c       0x8c ./Middlewares/Third_Party/FreeRTOS/Source/tasks.o
 .bss.xDelayedTaskList1
                0x0000000020000b28       0x14 ./Middlewares/Third_Party/FreeRTOS/Source/tasks.o
 .bss.xDelayedTaskList2
                0x0000000020000b3c       0x14 ./Middlewares/Third_Party/FreeRTOS/Source/tasks.o
 .bss.pxDelayedTaskList
                0x0000000020000b50        0x4 ./Middlewares/Third_Party/FreeRTOS/Source/tasks.o
 .bss.pxOverflowDelayedTaskList
                0x0000000020000b54        0x4 ./Middlewares/Third_Party/FreeRTOS/Source/tasks.o
 .bss.xPendingReadyList
                0x0000000020000b58       0x14 ./Middlewares/Third_Party/FreeRTOS/Source/tasks.o
 .bss.xTasksWaitingTermination
                0x0000000020000b6c       0x14 ./Middlewares/Third_Party/FreeRTOS/Source/tasks.o
 .bss.uxDeletedTasksWaitingCleanUp
                0x0000000020000b80        0x4 ./Middlewares/Third_Party/FreeRTOS/Source/tasks.o
 .bss.xSuspendedTaskList
                0x0000000020000b84       0x14 ./Middlewares/Third_Party/FreeRTOS/Source/tasks.o
 .bss.uxCurrentNumberOfTasks
                0x0000000020000b98        0x4 ./Middlewares/Third_Party/FreeRTOS/Source/tasks.o
 .bss.xTickCount
                0x0000000020000b9c        0x4 ./Middlewares/Third_Party/FreeRTOS/Source/tasks.o
 .bss.uxTopReadyPriority
                0x0000000020000ba0        0x4 ./Middlewares/Third_Party/FreeRTOS/Source/tasks.o
 .bss.xSchedulerRunning
                0x0000000020000ba4        0x4 ./Middlewares/Third_Party/FreeRTOS/Source/tasks.o
 .bss.xPendedTicks
                0x0000000020000ba8        0x4 ./Middlewares/Third_Party/FreeRTOS/Source/tasks.o
 .bss.xYieldPending
                0x0000000020000bac        0x4 ./Middlewares/Third_Party/FreeRTOS/Source/tasks.o
 .bss.xNumOfOverflows
                0x0000000020000bb0        0x4 ./Middlewares/Third_Party/FreeRTOS/Source/tasks.o
 .bss.uxTaskNumber
                0x0000000020000bb4        0x4 ./Middlewares/Third_Party/FreeRTOS/Source/tasks.o
 .bss.xNextTaskUnblockTime
                0x0000000020000bb8        0x4 ./Middlewares/Third_Party/FreeRTOS/Source/tasks.o
 .bss.xIdleTaskHandle
                0x0000000020000bbc        0x4 ./Middlewares/Third_Party/FreeRTOS/Source/tasks.o
 .bss.uxSchedulerSuspended
                0x0000000020000bc0        0x4 ./Middlewares/Third_Party/FreeRTOS/Source/tasks.o
 .bss.ucMaxSysCallPriority
                0x0000000020000bc4        0x1 ./Middlewares/Third_Party/FreeRTOS/Source/portable/GCC/ARM_CM4F/port.o
 *fill*         0x0000000020000bc5        0x3 
 .bss.ulMaxPRIGROUPValue
                0x0000000020000bc8        0x4 ./Middlewares/Third_Party/FreeRTOS/Source/portable/GCC/ARM_CM4F/port.o
 .bss.ucHeap    0x0000000020000bcc     0x3c00 ./Middlewares/Third_Party/FreeRTOS/Source/portable/MemMang/heap_4.o
 .bss.xStart    0x00000000200047cc        0x8 ./Middlewares/Third_Party/FreeRTOS/Source/portable/MemMang/heap_4.o
 .bss.pxEnd     0x00000000200047d4        0x4 ./Middlewares/Third_Party/FreeRTOS/Source/portable/MemMang/heap_4.o
 .bss.xFreeBytesRemaining
                0x00000000200047d8        0x4 ./Middlewares/Third_Party/FreeRTOS/Source/portable/MemMang/heap_4.o
 .bss.xMinimumEverFreeBytesRemaining
                0x00000000200047dc        0x4 ./Middlewares/Third_Party/FreeRTOS/Source/portable/MemMang/heap_4.o
 .bss.xNumberOfSuccessfulAllocations
                0x00000000200047e0        0x4 ./Middlewares/Third_Party/FreeRTOS/Source/portable/MemMang/heap_4.o
 .bss.xNumberOfSuccessfulFrees
                0x00000000200047e4        0x4 ./Middlewares/Third_Party/FreeRTOS/Source/portable/MemMang/heap_4.o
 .bss.xBlockAllocatedBit
                0x00000000200047e8        0x4 ./Middlewares/Third_Party/FreeRTOS/Source/portable/MemMang/heap_4.o
 .bss.__lock___malloc_recursive_mutex
                0x00000000200047ec        0x1 /Applications/STM32CubeIDE.app/Contents/Eclipse/plugins/com.st.stm32cube.ide.mcu.externaltools.gnu-tools-for-stm32.10.3-2021.10.macos64_1.0.0.202111181127/tools/bin/../lib/gcc/arm-none-eabi/10.3.1/../../../../arm-none-eabi/lib/thumb/v7e-m+fp/hard/libc_nano.a(lib_a-lock.o)
                0x00000000200047ec                __lock___malloc_recursive_mutex
 *fill*         0x00000000200047ed        0x3 
 .bss.__malloc_free_list
                0x00000000200047f0        0x4 /Applications/STM32CubeIDE.app/Contents/Eclipse/plugins/com.st.stm32cube.ide.mcu.externaltools.gnu-tools-for-stm32.10.3-2021.10.macos64_1.0.0.202111181127/tools/bin/../lib/gcc/arm-none-eabi/10.3.1/../../../../arm-none-eabi/lib/thumb/v7e-m+fp/hard/libc_nano.a(lib_a-nano-mallocr.o)
                0x00000000200047f0                __malloc_free_list
 *(COMMON)
                0x00000000200047f4                . = ALIGN (0x4)
                0x00000000200047f4                _ebss = .
                0x00000000200047f4                __bss_end__ = _ebss

._user_heap_stack
                0x00000000200047f4      0x604 load address 0x0000000008006b64
                0x00000000200047f8                . = ALIGN (0x8)
 *fill*         0x00000000200047f4        0x4 
                [!provide]                        PROVIDE (end = .)
                0x00000000200047f8                PROVIDE (_end = .)
                0x00000000200049f8                . = (. + _Min_Heap_Size)
 *fill*         0x00000000200047f8      0x200 
                0x0000000020004df8                . = (. + _Min_Stack_Size)
 *fill*         0x00000000200049f8      0x400 
                0x0000000020004df8                . = ALIGN (0x8)

/DISCARD/
 libc.a(*)
 libm.a(*)
 libgcc.a(*)

.ARM.attributes
                0x0000000000000000       0x30
 *(.ARM.attributes)
 .ARM.attributes
                0x0000000000000000       0x1e /Applications/STM32CubeIDE.app/Contents/Eclipse/plugins/com.st.stm32cube.ide.mcu.externaltools.gnu-tools-for-stm32.10.3-2021.10.macos64_1.0.0.202111181127/tools/bin/../lib/gcc/arm-none-eabi/10.3.1/thumb/v7e-m+fp/hard/crti.o
 .ARM.attributes
                0x000000000000001e       0x34 /Applications/STM32CubeIDE.app/Contents/Eclipse/plugins/com.st.stm32cube.ide.mcu.externaltools.gnu-tools-for-stm32.10.3-2021.10.macos64_1.0.0.202111181127/tools/bin/../lib/gcc/arm-none-eabi/10.3.1/thumb/v7e-m+fp/hard/crtbegin.o
 .ARM.attributes
                0x0000000000000052       0x34 ./Core/Src/adc.o
 .ARM.attributes
                0x0000000000000086       0x34 ./Core/Src/dma.o
 .ARM.attributes
                0x00000000000000ba       0x34 ./Core/Src/freertos.o
 .ARM.attributes
                0x00000000000000ee       0x34 ./Core/Src/gpio.o
 .ARM.attributes
                0x0000000000000122       0x34 ./Core/Src/i2c.o
 .ARM.attributes
                0x0000000000000156       0x34 ./Core/Src/main.o
 .ARM.attributes
                0x000000000000018a       0x34 ./Core/Src/spi.o
 .ARM.attributes
                0x00000000000001be       0x34 ./Core/Src/stm32f4xx_hal_msp.o
 .ARM.attributes
                0x00000000000001f2       0x34 ./Core/Src/stm32f4xx_hal_timebase_tim.o
 .ARM.attributes
                0x0000000000000226       0x34 ./Core/Src/stm32f4xx_it.o
 .ARM.attributes
                0x000000000000025a       0x34 ./Core/Src/system_stm32f4xx.o
 .ARM.attributes
                0x000000000000028e       0x34 ./Core/Src/tim.o
 .ARM.attributes
                0x00000000000002c2       0x34 ./Core/Src/usart.o
 .ARM.attributes
                0x00000000000002f6       0x21 ./Core/Startup/startup_stm32f401retx.o
 .ARM.attributes
                0x0000000000000317       0x34 ./Drivers/STM32F4xx_HAL_Driver/Src/stm32f4xx_hal.o
 .ARM.attributes
                0x000000000000034b       0x34 ./Drivers/STM32F4xx_HAL_Driver/Src/stm32f4xx_hal_adc.o
 .ARM.attributes
                0x000000000000037f       0x34 ./Drivers/STM32F4xx_HAL_Driver/Src/stm32f4xx_hal_cortex.o
 .ARM.attributes
                0x00000000000003b3       0x34 ./Drivers/STM32F4xx_HAL_Driver/Src/stm32f4xx_hal_dma.o
 .ARM.attributes
                0x00000000000003e7       0x34 ./Drivers/STM32F4xx_HAL_Driver/Src/stm32f4xx_hal_gpio.o
 .ARM.attributes
                0x000000000000041b       0x34 ./Drivers/STM32F4xx_HAL_Driver/Src/stm32f4xx_hal_i2c.o
 .ARM.attributes
                0x000000000000044f       0x34 ./Drivers/STM32F4xx_HAL_Driver/Src/stm32f4xx_hal_rcc.o
 .ARM.attributes
                0x0000000000000483       0x34 ./Drivers/STM32F4xx_HAL_Driver/Src/stm32f4xx_hal_spi.o
 .ARM.attributes
                0x00000000000004b7       0x34 ./Drivers/STM32F4xx_HAL_Driver/Src/stm32f4xx_hal_tim.o
 .ARM.attributes
                0x00000000000004eb       0x34 ./Drivers/STM32F4xx_HAL_Driver/Src/stm32f4xx_hal_tim_ex.o
 .ARM.attributes
                0x000000000000051f       0x34 ./Drivers/STM32F4xx_HAL_Driver/Src/stm32f4xx_hal_uart.o
 .ARM.attributes
                0x0000000000000553       0x34 ./Interfaces/LOS_Actuators/Src/actuators.o
 .ARM.attributes
                0x0000000000000587       0x34 ./Interfaces/LOS_Link/Src/PPM.o
 .ARM.attributes
                0x00000000000005bb       0x34 ./Middlewares/Third_Party/FreeRTOS/Source/CMSIS_RTOS/cmsis_os.o
 .ARM.attributes
                0x00000000000005ef       0x34 ./Middlewares/Third_Party/FreeRTOS/Source/list.o
 .ARM.attributes
                0x0000000000000623       0x34 ./Middlewares/Third_Party/FreeRTOS/Source/tasks.o
 .ARM.attributes
                0x0000000000000657       0x34 ./Middlewares/Third_Party/FreeRTOS/Source/portable/GCC/ARM_CM4F/port.o
 .ARM.attributes
                0x000000000000068b       0x34 ./Middlewares/Third_Party/FreeRTOS/Source/portable/MemMang/heap_4.o
 .ARM.attributes
                0x00000000000006bf       0x34 /Applications/STM32CubeIDE.app/Contents/Eclipse/plugins/com.st.stm32cube.ide.mcu.externaltools.gnu-tools-for-stm32.10.3-2021.10.macos64_1.0.0.202111181127/tools/bin/../lib/gcc/arm-none-eabi/10.3.1/../../../../arm-none-eabi/lib/thumb/v7e-m+fp/hard/libc_nano.a(lib_a-findfp.o)
 .ARM.attributes
                0x00000000000006f3       0x34 /Applications/STM32CubeIDE.app/Contents/Eclipse/plugins/com.st.stm32cube.ide.mcu.externaltools.gnu-tools-for-stm32.10.3-2021.10.macos64_1.0.0.202111181127/tools/bin/../lib/gcc/arm-none-eabi/10.3.1/../../../../arm-none-eabi/lib/thumb/v7e-m+fp/hard/libc_nano.a(lib_a-impure.o)
 .ARM.attributes
                0x0000000000000727       0x34 /Applications/STM32CubeIDE.app/Contents/Eclipse/plugins/com.st.stm32cube.ide.mcu.externaltools.gnu-tools-for-stm32.10.3-2021.10.macos64_1.0.0.202111181127/tools/bin/../lib/gcc/arm-none-eabi/10.3.1/../../../../arm-none-eabi/lib/thumb/v7e-m+fp/hard/libc_nano.a(lib_a-init.o)
 .ARM.attributes
                0x000000000000075b       0x34 /Applications/STM32CubeIDE.app/Contents/Eclipse/plugins/com.st.stm32cube.ide.mcu.externaltools.gnu-tools-for-stm32.10.3-2021.10.macos64_1.0.0.202111181127/tools/bin/../lib/gcc/arm-none-eabi/10.3.1/../../../../arm-none-eabi/lib/thumb/v7e-m+fp/hard/libc_nano.a(lib_a-lock.o)
 .ARM.attributes
                0x000000000000078f       0x34 /Applications/STM32CubeIDE.app/Contents/Eclipse/plugins/com.st.stm32cube.ide.mcu.externaltools.gnu-tools-for-stm32.10.3-2021.10.macos64_1.0.0.202111181127/tools/bin/../lib/gcc/arm-none-eabi/10.3.1/../../../../arm-none-eabi/lib/thumb/v7e-m+fp/hard/libc_nano.a(lib_a-memset.o)
 .ARM.attributes
                0x00000000000007c3       0x34 /Applications/STM32CubeIDE.app/Contents/Eclipse/plugins/com.st.stm32cube.ide.mcu.externaltools.gnu-tools-for-stm32.10.3-2021.10.macos64_1.0.0.202111181127/tools/bin/../lib/gcc/arm-none-eabi/10.3.1/../../../../arm-none-eabi/lib/thumb/v7e-m+fp/hard/libc_nano.a(lib_a-nano-mallocr.o)
 .ARM.attributes
                0x00000000000007f7       0x34 /Applications/STM32CubeIDE.app/Contents/Eclipse/plugins/com.st.stm32cube.ide.mcu.externaltools.gnu-tools-for-stm32.10.3-2021.10.macos64_1.0.0.202111181127/tools/bin/../lib/gcc/arm-none-eabi/10.3.1/../../../../arm-none-eabi/lib/thumb/v7e-m+fp/hard/libc_nano.a(lib_a-reent.o)
 .ARM.attributes
                0x000000000000082b       0x34 /Applications/STM32CubeIDE.app/Contents/Eclipse/plugins/com.st.stm32cube.ide.mcu.externaltools.gnu-tools-for-stm32.10.3-2021.10.macos64_1.0.0.202111181127/tools/bin/../lib/gcc/arm-none-eabi/10.3.1/../../../../arm-none-eabi/lib/thumb/v7e-m+fp/hard/libc_nano.a(lib_a-mlock.o)
 .ARM.attributes
                0x000000000000085f       0x34 /Applications/STM32CubeIDE.app/Contents/Eclipse/plugins/com.st.stm32cube.ide.mcu.externaltools.gnu-tools-for-stm32.10.3-2021.10.macos64_1.0.0.202111181127/tools/bin/../lib/gcc/arm-none-eabi/10.3.1/../../../../arm-none-eabi/lib/thumb/v7e-m+fp/hard/libc_nano.a(lib_a-nano-freer.o)
 .ARM.attributes
                0x0000000000000893       0x1e /Applications/STM32CubeIDE.app/Contents/Eclipse/plugins/com.st.stm32cube.ide.mcu.externaltools.gnu-tools-for-stm32.10.3-2021.10.macos64_1.0.0.202111181127/tools/bin/../lib/gcc/arm-none-eabi/10.3.1/thumb/v7e-m+fp/hard/libgcc.a(_aeabi_uldivmod.o)
 .ARM.attributes
                0x00000000000008b1       0x34 /Applications/STM32CubeIDE.app/Contents/Eclipse/plugins/com.st.stm32cube.ide.mcu.externaltools.gnu-tools-for-stm32.10.3-2021.10.macos64_1.0.0.202111181127/tools/bin/../lib/gcc/arm-none-eabi/10.3.1/thumb/v7e-m+fp/hard/libgcc.a(_udivmoddi4.o)
 .ARM.attributes
                0x00000000000008e5       0x1e /Applications/STM32CubeIDE.app/Contents/Eclipse/plugins/com.st.stm32cube.ide.mcu.externaltools.gnu-tools-for-stm32.10.3-2021.10.macos64_1.0.0.202111181127/tools/bin/../lib/gcc/arm-none-eabi/10.3.1/thumb/v7e-m+fp/hard/libgcc.a(_dvmd_tls.o)
 .ARM.attributes
                0x0000000000000903       0x1e /Applications/STM32CubeIDE.app/Contents/Eclipse/plugins/com.st.stm32cube.ide.mcu.externaltools.gnu-tools-for-stm32.10.3-2021.10.macos64_1.0.0.202111181127/tools/bin/../lib/gcc/arm-none-eabi/10.3.1/thumb/v7e-m+fp/hard/crtn.o
OUTPUT(LaminarOS.elf elf32-littlearm)
LOAD linker stubs
LOAD /Applications/STM32CubeIDE.app/Contents/Eclipse/plugins/com.st.stm32cube.ide.mcu.externaltools.gnu-tools-for-stm32.10.3-2021.10.macos64_1.0.0.202111181127/tools/bin/../lib/gcc/arm-none-eabi/10.3.1/../../../../arm-none-eabi/lib/thumb/v7e-m+fp/hard/libc.a
LOAD /Applications/STM32CubeIDE.app/Contents/Eclipse/plugins/com.st.stm32cube.ide.mcu.externaltools.gnu-tools-for-stm32.10.3-2021.10.macos64_1.0.0.202111181127/tools/bin/../lib/gcc/arm-none-eabi/10.3.1/../../../../arm-none-eabi/lib/thumb/v7e-m+fp/hard/libm.a
LOAD /Applications/STM32CubeIDE.app/Contents/Eclipse/plugins/com.st.stm32cube.ide.mcu.externaltools.gnu-tools-for-stm32.10.3-2021.10.macos64_1.0.0.202111181127/tools/bin/../lib/gcc/arm-none-eabi/10.3.1/thumb/v7e-m+fp/hard/libgcc.a

.debug_info     0x0000000000000000    0x1dbf6
 .debug_info    0x0000000000000000      0xa6a ./Core/Src/adc.o
 .debug_info    0x0000000000000a6a      0x482 ./Core/Src/dma.o
 .debug_info    0x0000000000000eec      0xbed ./Core/Src/freertos.o
 .debug_info    0x0000000000001ad9      0x49d ./Core/Src/gpio.o
 .debug_info    0x0000000000001f76      0xa40 ./Core/Src/i2c.o
 .debug_info    0x00000000000029b6      0xc1d ./Core/Src/main.o
 .debug_info    0x00000000000035d3      0xaaf ./Core/Src/spi.o
 .debug_info    0x0000000000004082      0x48c ./Core/Src/stm32f4xx_hal_msp.o
 .debug_info    0x000000000000450e      0xbaf ./Core/Src/stm32f4xx_hal_timebase_tim.o
 .debug_info    0x00000000000050bd      0x7ab ./Core/Src/stm32f4xx_it.o
 .debug_info    0x0000000000005868      0x54f ./Core/Src/system_stm32f4xx.o
 .debug_info    0x0000000000005db7     0x121d ./Core/Src/tim.o
 .debug_info    0x0000000000006fd4      0xaad ./Core/Src/usart.o
 .debug_info    0x0000000000007a81       0x22 ./Core/Startup/startup_stm32f401retx.o
 .debug_info    0x0000000000007aa3      0x906 ./Drivers/STM32F4xx_HAL_Driver/Src/stm32f4xx_hal.o
 .debug_info    0x00000000000083a9      0xd68 ./Drivers/STM32F4xx_HAL_Driver/Src/stm32f4xx_hal_adc.o
 .debug_info    0x0000000000009111      0xd85 ./Drivers/STM32F4xx_HAL_Driver/Src/stm32f4xx_hal_cortex.o
 .debug_info    0x0000000000009e96      0x947 ./Drivers/STM32F4xx_HAL_Driver/Src/stm32f4xx_hal_dma.o
 .debug_info    0x000000000000a7dd      0x78e ./Drivers/STM32F4xx_HAL_Driver/Src/stm32f4xx_hal_gpio.o
 .debug_info    0x000000000000af6b     0x260f ./Drivers/STM32F4xx_HAL_Driver/Src/stm32f4xx_hal_i2c.o
 .debug_info    0x000000000000d57a      0x98c ./Drivers/STM32F4xx_HAL_Driver/Src/stm32f4xx_hal_rcc.o
 .debug_info    0x000000000000df06     0x1750 ./Drivers/STM32F4xx_HAL_Driver/Src/stm32f4xx_hal_spi.o
 .debug_info    0x000000000000f656     0x2bb6 ./Drivers/STM32F4xx_HAL_Driver/Src/stm32f4xx_hal_tim.o
 .debug_info    0x000000000001220c     0x15d8 ./Drivers/STM32F4xx_HAL_Driver/Src/stm32f4xx_hal_tim_ex.o
 .debug_info    0x00000000000137e4     0x31b4 ./Drivers/STM32F4xx_HAL_Driver/Src/stm32f4xx_hal_uart.o
 .debug_info    0x0000000000016998      0xea4 ./Interfaces/LOS_Actuators/Src/actuators.o
 .debug_info    0x000000000001783c      0xda3 ./Interfaces/LOS_Link/Src/PPM.o
 .debug_info    0x00000000000185df     0x2352 ./Middlewares/Third_Party/FreeRTOS/Source/CMSIS_RTOS/cmsis_os.o
 .debug_info    0x000000000001a931      0x2d1 ./Middlewares/Third_Party/FreeRTOS/Source/list.o
 .debug_info    0x000000000001ac02     0x25e2 ./Middlewares/Third_Party/FreeRTOS/Source/tasks.o
 .debug_info    0x000000000001d1e4      0x507 ./Middlewares/Third_Party/FreeRTOS/Source/portable/GCC/ARM_CM4F/port.o
 .debug_info    0x000000000001d6eb      0x50b ./Middlewares/Third_Party/FreeRTOS/Source/portable/MemMang/heap_4.o

.debug_abbrev   0x0000000000000000     0x447d
 .debug_abbrev  0x0000000000000000      0x1e0 ./Core/Src/adc.o
 .debug_abbrev  0x00000000000001e0      0x10a ./Core/Src/dma.o
 .debug_abbrev  0x00000000000002ea      0x1e2 ./Core/Src/freertos.o
 .debug_abbrev  0x00000000000004cc      0x146 ./Core/Src/gpio.o
 .debug_abbrev  0x0000000000000612      0x1e0 ./Core/Src/i2c.o
 .debug_abbrev  0x00000000000007f2      0x22f ./Core/Src/main.o
 .debug_abbrev  0x0000000000000a21      0x1e0 ./Core/Src/spi.o
 .debug_abbrev  0x0000000000000c01      0x115 ./Core/Src/stm32f4xx_hal_msp.o
 .debug_abbrev  0x0000000000000d16      0x1e4 ./Core/Src/stm32f4xx_hal_timebase_tim.o
 .debug_abbrev  0x0000000000000efa      0x182 ./Core/Src/stm32f4xx_it.o
 .debug_abbrev  0x000000000000107c      0x116 ./Core/Src/system_stm32f4xx.o
 .debug_abbrev  0x0000000000001192      0x251 ./Core/Src/tim.o
 .debug_abbrev  0x00000000000013e3      0x1e7 ./Core/Src/usart.o
 .debug_abbrev  0x00000000000015ca       0x12 ./Core/Startup/startup_stm32f401retx.o
 .debug_abbrev  0x00000000000015dc      0x23e ./Drivers/STM32F4xx_HAL_Driver/Src/stm32f4xx_hal.o
 .debug_abbrev  0x000000000000181a      0x204 ./Drivers/STM32F4xx_HAL_Driver/Src/stm32f4xx_hal_adc.o
 .debug_abbrev  0x0000000000001a1e      0x316 ./Drivers/STM32F4xx_HAL_Driver/Src/stm32f4xx_hal_cortex.o
 .debug_abbrev  0x0000000000001d34      0x21b ./Drivers/STM32F4xx_HAL_Driver/Src/stm32f4xx_hal_dma.o
 .debug_abbrev  0x0000000000001f4f      0x1c4 ./Drivers/STM32F4xx_HAL_Driver/Src/stm32f4xx_hal_gpio.o
 .debug_abbrev  0x0000000000002113      0x2a8 ./Drivers/STM32F4xx_HAL_Driver/Src/stm32f4xx_hal_i2c.o
 .debug_abbrev  0x00000000000023bb      0x2aa ./Drivers/STM32F4xx_HAL_Driver/Src/stm32f4xx_hal_rcc.o
 .debug_abbrev  0x0000000000002665      0x26e ./Drivers/STM32F4xx_HAL_Driver/Src/stm32f4xx_hal_spi.o
 .debug_abbrev  0x00000000000028d3      0x26e ./Drivers/STM32F4xx_HAL_Driver/Src/stm32f4xx_hal_tim.o
 .debug_abbrev  0x0000000000002b41      0x276 ./Drivers/STM32F4xx_HAL_Driver/Src/stm32f4xx_hal_tim_ex.o
 .debug_abbrev  0x0000000000002db7      0x305 ./Drivers/STM32F4xx_HAL_Driver/Src/stm32f4xx_hal_uart.o
 .debug_abbrev  0x00000000000030bc      0x358 ./Interfaces/LOS_Actuators/Src/actuators.o
 .debug_abbrev  0x0000000000003414      0x342 ./Interfaces/LOS_Link/Src/PPM.o
 .debug_abbrev  0x0000000000003756      0x406 ./Middlewares/Third_Party/FreeRTOS/Source/CMSIS_RTOS/cmsis_os.o
 .debug_abbrev  0x0000000000003b5c       0xf2 ./Middlewares/Third_Party/FreeRTOS/Source/list.o
 .debug_abbrev  0x0000000000003c4e      0x3c4 ./Middlewares/Third_Party/FreeRTOS/Source/tasks.o
 .debug_abbrev  0x0000000000004012      0x259 ./Middlewares/Third_Party/FreeRTOS/Source/portable/GCC/ARM_CM4F/port.o
 .debug_abbrev  0x000000000000426b      0x212 ./Middlewares/Third_Party/FreeRTOS/Source/portable/MemMang/heap_4.o

.debug_aranges  0x0000000000000000     0x1858
 .debug_aranges
                0x0000000000000000       0x30 ./Core/Src/adc.o
 .debug_aranges
                0x0000000000000030       0x20 ./Core/Src/dma.o
 .debug_aranges
                0x0000000000000050       0x30 ./Core/Src/freertos.o
 .debug_aranges
                0x0000000000000080       0x20 ./Core/Src/gpio.o
 .debug_aranges
                0x00000000000000a0       0x30 ./Core/Src/i2c.o
 .debug_aranges
                0x00000000000000d0       0x38 ./Core/Src/main.o
 .debug_aranges
                0x0000000000000108       0x38 ./Core/Src/spi.o
 .debug_aranges
                0x0000000000000140       0x20 ./Core/Src/stm32f4xx_hal_msp.o
 .debug_aranges
                0x0000000000000160       0x30 ./Core/Src/stm32f4xx_hal_timebase_tim.o
 .debug_aranges
                0x0000000000000190       0x80 ./Core/Src/stm32f4xx_it.o
 .debug_aranges
                0x0000000000000210       0x28 ./Core/Src/system_stm32f4xx.o
 .debug_aranges
                0x0000000000000238       0x50 ./Core/Src/tim.o
 .debug_aranges
                0x0000000000000288       0x40 ./Core/Src/usart.o
 .debug_aranges
                0x00000000000002c8       0x28 ./Core/Startup/startup_stm32f401retx.o
 .debug_aranges
                0x00000000000002f0       0xf0 ./Drivers/STM32F4xx_HAL_Driver/Src/stm32f4xx_hal.o
 .debug_aranges
                0x00000000000003e0       0xe8 ./Drivers/STM32F4xx_HAL_Driver/Src/stm32f4xx_hal_adc.o
 .debug_aranges
                0x00000000000004c8      0x118 ./Drivers/STM32F4xx_HAL_Driver/Src/stm32f4xx_hal_cortex.o
 .debug_aranges
                0x00000000000005e0       0x90 ./Drivers/STM32F4xx_HAL_Driver/Src/stm32f4xx_hal_dma.o
 .debug_aranges
                0x0000000000000670       0x58 ./Drivers/STM32F4xx_HAL_Driver/Src/stm32f4xx_hal_gpio.o
 .debug_aranges
                0x00000000000006c8      0x2a0 ./Drivers/STM32F4xx_HAL_Driver/Src/stm32f4xx_hal_i2c.o
 .debug_aranges
                0x0000000000000968       0x88 ./Drivers/STM32F4xx_HAL_Driver/Src/stm32f4xx_hal_rcc.o
 .debug_aranges
                0x00000000000009f0      0x1d0 ./Drivers/STM32F4xx_HAL_Driver/Src/stm32f4xx_hal_spi.o
 .debug_aranges
                0x0000000000000bc0      0x3d0 ./Drivers/STM32F4xx_HAL_Driver/Src/stm32f4xx_hal_tim.o
 .debug_aranges
                0x0000000000000f90      0x168 ./Drivers/STM32F4xx_HAL_Driver/Src/stm32f4xx_hal_tim_ex.o
 .debug_aranges
                0x00000000000010f8      0x200 ./Drivers/STM32F4xx_HAL_Driver/Src/stm32f4xx_hal_uart.o
 .debug_aranges
                0x00000000000012f8       0x58 ./Interfaces/LOS_Actuators/Src/actuators.o
 .debug_aranges
                0x0000000000001350       0x60 ./Interfaces/LOS_Link/Src/PPM.o
 .debug_aranges
                0x00000000000013b0      0x1d8 ./Middlewares/Third_Party/FreeRTOS/Source/CMSIS_RTOS/cmsis_os.o
 .debug_aranges
                0x0000000000001588       0x40 ./Middlewares/Third_Party/FreeRTOS/Source/list.o
 .debug_aranges
                0x00000000000015c8      0x1b8 ./Middlewares/Third_Party/FreeRTOS/Source/tasks.o
 .debug_aranges
                0x0000000000001780       0x80 ./Middlewares/Third_Party/FreeRTOS/Source/portable/GCC/ARM_CM4F/port.o
 .debug_aranges
                0x0000000000001800       0x58 ./Middlewares/Third_Party/FreeRTOS/Source/portable/MemMang/heap_4.o

.debug_ranges   0x0000000000000000     0x16e8
 .debug_ranges  0x0000000000000000       0x20 ./Core/Src/adc.o
 .debug_ranges  0x0000000000000020       0x10 ./Core/Src/dma.o
 .debug_ranges  0x0000000000000030       0x20 ./Core/Src/freertos.o
 .debug_ranges  0x0000000000000050       0x10 ./Core/Src/gpio.o
 .debug_ranges  0x0000000000000060       0x20 ./Core/Src/i2c.o
 .debug_ranges  0x0000000000000080       0x28 ./Core/Src/main.o
 .debug_ranges  0x00000000000000a8       0x28 ./Core/Src/spi.o
 .debug_ranges  0x00000000000000d0       0x10 ./Core/Src/stm32f4xx_hal_msp.o
 .debug_ranges  0x00000000000000e0       0x20 ./Core/Src/stm32f4xx_hal_timebase_tim.o
 .debug_ranges  0x0000000000000100       0x70 ./Core/Src/stm32f4xx_it.o
 .debug_ranges  0x0000000000000170       0x18 ./Core/Src/system_stm32f4xx.o
 .debug_ranges  0x0000000000000188       0x40 ./Core/Src/tim.o
 .debug_ranges  0x00000000000001c8       0x30 ./Core/Src/usart.o
 .debug_ranges  0x00000000000001f8       0x20 ./Core/Startup/startup_stm32f401retx.o
 .debug_ranges  0x0000000000000218       0xe0 ./Drivers/STM32F4xx_HAL_Driver/Src/stm32f4xx_hal.o
 .debug_ranges  0x00000000000002f8       0xd8 ./Drivers/STM32F4xx_HAL_Driver/Src/stm32f4xx_hal_adc.o
 .debug_ranges  0x00000000000003d0      0x108 ./Drivers/STM32F4xx_HAL_Driver/Src/stm32f4xx_hal_cortex.o
 .debug_ranges  0x00000000000004d8       0x80 ./Drivers/STM32F4xx_HAL_Driver/Src/stm32f4xx_hal_dma.o
 .debug_ranges  0x0000000000000558       0x48 ./Drivers/STM32F4xx_HAL_Driver/Src/stm32f4xx_hal_gpio.o
 .debug_ranges  0x00000000000005a0      0x2a8 ./Drivers/STM32F4xx_HAL_Driver/Src/stm32f4xx_hal_i2c.o
 .debug_ranges  0x0000000000000848       0x78 ./Drivers/STM32F4xx_HAL_Driver/Src/stm32f4xx_hal_rcc.o
 .debug_ranges  0x00000000000008c0      0x1c0 ./Drivers/STM32F4xx_HAL_Driver/Src/stm32f4xx_hal_spi.o
 .debug_ranges  0x0000000000000a80      0x3c0 ./Drivers/STM32F4xx_HAL_Driver/Src/stm32f4xx_hal_tim.o
 .debug_ranges  0x0000000000000e40      0x158 ./Drivers/STM32F4xx_HAL_Driver/Src/stm32f4xx_hal_tim_ex.o
 .debug_ranges  0x0000000000000f98      0x220 ./Drivers/STM32F4xx_HAL_Driver/Src/stm32f4xx_hal_uart.o
 .debug_ranges  0x00000000000011b8       0x70 ./Interfaces/LOS_Actuators/Src/actuators.o
 .debug_ranges  0x0000000000001228       0x68 ./Interfaces/LOS_Link/Src/PPM.o
 .debug_ranges  0x0000000000001290      0x1c8 ./Middlewares/Third_Party/FreeRTOS/Source/CMSIS_RTOS/cmsis_os.o
 .debug_ranges  0x0000000000001458       0x30 ./Middlewares/Third_Party/FreeRTOS/Source/list.o
 .debug_ranges  0x0000000000001488      0x1a8 ./Middlewares/Third_Party/FreeRTOS/Source/tasks.o
 .debug_ranges  0x0000000000001630       0x70 ./Middlewares/Third_Party/FreeRTOS/Source/portable/GCC/ARM_CM4F/port.o
 .debug_ranges  0x00000000000016a0       0x48 ./Middlewares/Third_Party/FreeRTOS/Source/portable/MemMang/heap_4.o

.debug_macro    0x0000000000000000    0x1cd8d
 .debug_macro   0x0000000000000000      0x232 ./Core/Src/adc.o
 .debug_macro   0x0000000000000232      0xa78 ./Core/Src/adc.o
 .debug_macro   0x0000000000000caa      0x2ad ./Core/Src/adc.o
 .debug_macro   0x0000000000000f57       0x2e ./Core/Src/adc.o
 .debug_macro   0x0000000000000f85       0x28 ./Core/Src/adc.o
 .debug_macro   0x0000000000000fad       0x22 ./Core/Src/adc.o
 .debug_macro   0x0000000000000fcf       0x8e ./Core/Src/adc.o
 .debug_macro   0x000000000000105d       0x51 ./Core/Src/adc.o
 .debug_macro   0x00000000000010ae      0x103 ./Core/Src/adc.o
 .debug_macro   0x00000000000011b1       0x6a ./Core/Src/adc.o
 .debug_macro   0x000000000000121b      0x1df ./Core/Src/adc.o
 .debug_macro   0x00000000000013fa       0x1c ./Core/Src/adc.o
 .debug_macro   0x0000000000001416       0x22 ./Core/Src/adc.o
 .debug_macro   0x0000000000001438       0xd9 ./Core/Src/adc.o
 .debug_macro   0x0000000000001511     0x102d ./Core/Src/adc.o
 .debug_macro   0x000000000000253e      0x11f ./Core/Src/adc.o
 .debug_macro   0x000000000000265d     0xb86c ./Core/Src/adc.o
 .debug_macro   0x000000000000dec9       0x6d ./Core/Src/adc.o
 .debug_macro   0x000000000000df36     0x367e ./Core/Src/adc.o
 .debug_macro   0x00000000000115b4      0x174 ./Core/Src/adc.o
 .debug_macro   0x0000000000011728       0x5c ./Core/Src/adc.o
 .debug_macro   0x0000000000011784      0x416 ./Core/Src/adc.o
 .debug_macro   0x0000000000011b9a      0x9fe ./Core/Src/adc.o
 .debug_macro   0x0000000000012598      0x115 ./Core/Src/adc.o
 .debug_macro   0x00000000000126ad       0xf8 ./Core/Src/adc.o
 .debug_macro   0x00000000000127a5       0xa5 ./Core/Src/adc.o
 .debug_macro   0x000000000001284a      0x15f ./Core/Src/adc.o
 .debug_macro   0x00000000000129a9      0x287 ./Core/Src/adc.o
 .debug_macro   0x0000000000012c30       0x5f ./Core/Src/adc.o
 .debug_macro   0x0000000000012c8f      0x236 ./Core/Src/adc.o
 .debug_macro   0x0000000000012ec5      0x9e1 ./Core/Src/adc.o
 .debug_macro   0x00000000000138a6      0x38b ./Core/Src/adc.o
 .debug_macro   0x0000000000013c31      0x176 ./Core/Src/adc.o
 .debug_macro   0x0000000000013da7       0xf9 ./Core/Src/adc.o
 .debug_macro   0x0000000000013ea0      0x132 ./Core/Src/adc.o
 .debug_macro   0x0000000000013fd2      0x264 ./Core/Src/adc.o
 .debug_macro   0x0000000000014236       0x2e ./Core/Src/adc.o
 .debug_macro   0x0000000000014264      0x1b5 ./Core/Src/adc.o
 .debug_macro   0x0000000000014419       0x22 ./Core/Src/adc.o
 .debug_macro   0x000000000001443b       0xd6 ./Core/Src/adc.o
 .debug_macro   0x0000000000014511      0x11a ./Core/Src/adc.o
 .debug_macro   0x000000000001462b       0x85 ./Core/Src/adc.o
 .debug_macro   0x00000000000146b0       0x89 ./Core/Src/adc.o
 .debug_macro   0x0000000000014739      0x225 ./Core/Src/adc.o
 .debug_macro   0x000000000001495e      0x8e6 ./Core/Src/adc.o
 .debug_macro   0x0000000000015244       0x47 ./Core/Src/adc.o
 .debug_macro   0x000000000001528b      0x295 ./Core/Src/adc.o
 .debug_macro   0x0000000000015520      0x126 ./Core/Src/adc.o
 .debug_macro   0x0000000000015646      0x1fe ./Core/Src/adc.o
 .debug_macro   0x0000000000015844      0x232 ./Core/Src/dma.o
 .debug_macro   0x0000000000015a76      0x378 ./Core/Src/freertos.o
 .debug_macro   0x0000000000015dee       0xf1 ./Core/Src/freertos.o
 .debug_macro   0x0000000000015edf      0x15a ./Core/Src/freertos.o
 .debug_macro   0x0000000000016039       0xde ./Core/Src/freertos.o
 .debug_macro   0x0000000000016117       0x1c ./Core/Src/freertos.o
 .debug_macro   0x0000000000016133       0x26 ./Core/Src/freertos.o
 .debug_macro   0x0000000000016159       0x52 ./Core/Src/freertos.o
 .debug_macro   0x00000000000161ab       0x1e ./Core/Src/freertos.o
 .debug_macro   0x00000000000161c9       0x3c ./Core/Src/freertos.o
 .debug_macro   0x0000000000016205       0x34 ./Core/Src/freertos.o
 .debug_macro   0x0000000000016239       0x16 ./Core/Src/freertos.o
 .debug_macro   0x000000000001624f       0x43 ./Core/Src/freertos.o
 .debug_macro   0x0000000000016292       0x34 ./Core/Src/freertos.o
 .debug_macro   0x00000000000162c6       0x10 ./Core/Src/freertos.o
 .debug_macro   0x00000000000162d6       0x58 ./Core/Src/freertos.o
 .debug_macro   0x000000000001632e       0x71 ./Core/Src/freertos.o
 .debug_macro   0x000000000001639f       0x1c ./Core/Src/freertos.o
 .debug_macro   0x00000000000163bb      0x12a ./Core/Src/freertos.o
 .debug_macro   0x00000000000164e5       0x10 ./Core/Src/freertos.o
 .debug_macro   0x00000000000164f5       0x35 ./Core/Src/freertos.o
 .debug_macro   0x000000000001652a      0x4fe ./Core/Src/freertos.o
 .debug_macro   0x0000000000016a28       0xb5 ./Core/Src/freertos.o
 .debug_macro   0x0000000000016add       0xaa ./Core/Src/freertos.o
 .debug_macro   0x0000000000016b87       0x91 ./Core/Src/freertos.o
 .debug_macro   0x0000000000016c18       0x8d ./Core/Src/freertos.o
 .debug_macro   0x0000000000016ca5       0x7e ./Core/Src/freertos.o
 .debug_macro   0x0000000000016d23       0x19 ./Core/Src/freertos.o
 .debug_macro   0x0000000000016d3c       0xf2 ./Core/Src/freertos.o
 .debug_macro   0x0000000000016e2e      0x232 ./Core/Src/gpio.o
 .debug_macro   0x0000000000017060      0x232 ./Core/Src/i2c.o
 .debug_macro   0x0000000000017292      0x3c2 ./Core/Src/main.o
 .debug_macro   0x0000000000017654       0xf1 ./Core/Src/main.o
 .debug_macro   0x0000000000017745      0x232 ./Core/Src/spi.o
 .debug_macro   0x0000000000017977      0x228 ./Core/Src/stm32f4xx_hal_msp.o
 .debug_macro   0x0000000000017b9f      0x219 ./Core/Src/stm32f4xx_hal_timebase_tim.o
 .debug_macro   0x0000000000017db8      0x232 ./Core/Src/stm32f4xx_it.o
 .debug_macro   0x0000000000017fea      0x219 ./Core/Src/system_stm32f4xx.o
 .debug_macro   0x0000000000018203      0x232 ./Core/Src/tim.o
 .debug_macro   0x0000000000018435      0x232 ./Core/Src/usart.o
 .debug_macro   0x0000000000018667      0x279 ./Drivers/STM32F4xx_HAL_Driver/Src/stm32f4xx_hal.o
 .debug_macro   0x00000000000188e0      0x21a ./Drivers/STM32F4xx_HAL_Driver/Src/stm32f4xx_hal_adc.o
 .debug_macro   0x0000000000018afa      0x219 ./Drivers/STM32F4xx_HAL_Driver/Src/stm32f4xx_hal_cortex.o
 .debug_macro   0x0000000000018d13      0x21f ./Drivers/STM32F4xx_HAL_Driver/Src/stm32f4xx_hal_dma.o
 .debug_macro   0x0000000000018f32      0x21f ./Drivers/STM32F4xx_HAL_Driver/Src/stm32f4xx_hal_gpio.o
 .debug_macro   0x0000000000019151      0x260 ./Drivers/STM32F4xx_HAL_Driver/Src/stm32f4xx_hal_i2c.o
 .debug_macro   0x00000000000193b1      0x23d ./Drivers/STM32F4xx_HAL_Driver/Src/stm32f4xx_hal_rcc.o
 .debug_macro   0x00000000000195ee      0x228 ./Drivers/STM32F4xx_HAL_Driver/Src/stm32f4xx_hal_spi.o
 .debug_macro   0x0000000000019816      0x21a ./Drivers/STM32F4xx_HAL_Driver/Src/stm32f4xx_hal_tim.o
 .debug_macro   0x0000000000019a30      0x219 ./Drivers/STM32F4xx_HAL_Driver/Src/stm32f4xx_hal_tim_ex.o
 .debug_macro   0x0000000000019c49      0x21a ./Drivers/STM32F4xx_HAL_Driver/Src/stm32f4xx_hal_uart.o
 .debug_macro   0x0000000000019e63      0x252 ./Interfaces/LOS_Actuators/Src/actuators.o
 .debug_macro   0x000000000001a0b5      0xb50 ./Interfaces/LOS_Actuators/Src/actuators.o
 .debug_macro   0x000000000001ac05       0x1c ./Interfaces/LOS_Actuators/Src/actuators.o
 .debug_macro   0x000000000001ac21     0x102d ./Interfaces/LOS_Actuators/Src/actuators.o
 .debug_macro   0x000000000001bc4e      0x17b ./Interfaces/LOS_Actuators/Src/actuators.o
 .debug_macro   0x000000000001bdc9       0x16 ./Interfaces/LOS_Actuators/Src/actuators.o
 .debug_macro   0x000000000001bddf      0x204 ./Interfaces/LOS_Actuators/Src/actuators.o
 .debug_macro   0x000000000001bfe3      0x266 ./Interfaces/LOS_Link/Src/PPM.o
 .debug_macro   0x000000000001c249      0x210 ./Middlewares/Third_Party/FreeRTOS/Source/CMSIS_RTOS/cmsis_os.o
 .debug_macro   0x000000000001c459       0x10 ./Middlewares/Third_Party/FreeRTOS/Source/CMSIS_RTOS/cmsis_os.o
 .debug_macro   0x000000000001c469       0x20 ./Middlewares/Third_Party/FreeRTOS/Source/CMSIS_RTOS/cmsis_os.o
 .debug_macro   0x000000000001c489       0x16 ./Middlewares/Third_Party/FreeRTOS/Source/CMSIS_RTOS/cmsis_os.o
 .debug_macro   0x000000000001c49f       0xc7 ./Middlewares/Third_Party/FreeRTOS/Source/CMSIS_RTOS/cmsis_os.o
 .debug_macro   0x000000000001c566      0x199 ./Middlewares/Third_Party/FreeRTOS/Source/list.o
 .debug_macro   0x000000000001c6ff      0x28b ./Middlewares/Third_Party/FreeRTOS/Source/tasks.o
 .debug_macro   0x000000000001c98a       0x10 ./Middlewares/Third_Party/FreeRTOS/Source/tasks.o
 .debug_macro   0x000000000001c99a      0x233 ./Middlewares/Third_Party/FreeRTOS/Source/portable/GCC/ARM_CM4F/port.o
 .debug_macro   0x000000000001cbcd      0x1c0 ./Middlewares/Third_Party/FreeRTOS/Source/portable/MemMang/heap_4.o

.debug_line     0x0000000000000000    0x1ef4e
 .debug_line    0x0000000000000000      0x802 ./Core/Src/adc.o
 .debug_line    0x0000000000000802      0x778 ./Core/Src/dma.o
 .debug_line    0x0000000000000f7a      0xa5e ./Core/Src/freertos.o
 .debug_line    0x00000000000019d8      0x7bc ./Core/Src/gpio.o
 .debug_line    0x0000000000002194      0x7e0 ./Core/Src/i2c.o
 .debug_line    0x0000000000002974      0xb08 ./Core/Src/main.o
 .debug_line    0x000000000000347c      0x87a ./Core/Src/spi.o
 .debug_line    0x0000000000003cf6      0x777 ./Core/Src/stm32f4xx_hal_msp.o
 .debug_line    0x000000000000446d      0x7d3 ./Core/Src/stm32f4xx_hal_timebase_tim.o
 .debug_line    0x0000000000004c40      0x8a4 ./Core/Src/stm32f4xx_it.o
 .debug_line    0x00000000000054e4      0x7f8 ./Core/Src/system_stm32f4xx.o
 .debug_line    0x0000000000005cdc      0xb50 ./Core/Src/tim.o
 .debug_line    0x000000000000682c      0x8c6 ./Core/Src/usart.o
 .debug_line    0x00000000000070f2       0x88 ./Core/Startup/startup_stm32f401retx.o
 .debug_line    0x000000000000717a      0xa5e ./Drivers/STM32F4xx_HAL_Driver/Src/stm32f4xx_hal.o
 .debug_line    0x0000000000007bd8     0x1208 ./Drivers/STM32F4xx_HAL_Driver/Src/stm32f4xx_hal_adc.o
 .debug_line    0x0000000000008de0      0xd0d ./Drivers/STM32F4xx_HAL_Driver/Src/stm32f4xx_hal_cortex.o
 .debug_line    0x0000000000009aed      0xfc2 ./Drivers/STM32F4xx_HAL_Driver/Src/stm32f4xx_hal_dma.o
 .debug_line    0x000000000000aaaf      0xb96 ./Drivers/STM32F4xx_HAL_Driver/Src/stm32f4xx_hal_gpio.o
 .debug_line    0x000000000000b645     0x3a13 ./Drivers/STM32F4xx_HAL_Driver/Src/stm32f4xx_hal_i2c.o
 .debug_line    0x000000000000f058      0xdda ./Drivers/STM32F4xx_HAL_Driver/Src/stm32f4xx_hal_rcc.o
 .debug_line    0x000000000000fe32     0x1ce8 ./Drivers/STM32F4xx_HAL_Driver/Src/stm32f4xx_hal_spi.o
 .debug_line    0x0000000000011b1a     0x352c ./Drivers/STM32F4xx_HAL_Driver/Src/stm32f4xx_hal_tim.o
 .debug_line    0x0000000000015046     0x19f6 ./Drivers/STM32F4xx_HAL_Driver/Src/stm32f4xx_hal_tim_ex.o
 .debug_line    0x0000000000016a3c     0x2b03 ./Drivers/STM32F4xx_HAL_Driver/Src/stm32f4xx_hal_uart.o
 .debug_line    0x000000000001953f      0xad2 ./Interfaces/LOS_Actuators/Src/actuators.o
 .debug_line    0x000000000001a011      0xa15 ./Interfaces/LOS_Link/Src/PPM.o
 .debug_line    0x000000000001aa26     0x1204 ./Middlewares/Third_Party/FreeRTOS/Source/CMSIS_RTOS/cmsis_os.o
 .debug_line    0x000000000001bc2a      0x73f ./Middlewares/Third_Party/FreeRTOS/Source/list.o
 .debug_line    0x000000000001c369     0x1976 ./Middlewares/Third_Party/FreeRTOS/Source/tasks.o
 .debug_line    0x000000000001dcdf      0x906 ./Middlewares/Third_Party/FreeRTOS/Source/portable/GCC/ARM_CM4F/port.o
 .debug_line    0x000000000001e5e5      0x969 ./Middlewares/Third_Party/FreeRTOS/Source/portable/MemMang/heap_4.o

.debug_str      0x0000000000000000    0xa6994