../Drivers/STM32L5xx_HAL_Driver/Src/stm32l5xx_hal_dac.c:364:19:HAL_DAC_Init	16	static
../Drivers/STM32L5xx_HAL_Driver/Src/stm32l5xx_hal_dac.c:425:19:HAL_DAC_DeInit	16	static
../Drivers/STM32L5xx_HAL_Driver/Src/stm32l5xx_hal_dac.c:470:13:HAL_DAC_MspInit	16	static
../Drivers/STM32L5xx_HAL_Driver/Src/stm32l5xx_hal_dac.c:486:13:HAL_DAC_MspDeInit	16	static
../Drivers/STM32L5xx_HAL_Driver/Src/stm32l5xx_hal_dac.c:528:19:HAL_DAC_Start	16	static
../Drivers/STM32L5xx_HAL_Driver/Src/stm32l5xx_hal_dac.c:581:19:HAL_DAC_Stop	16	static
../Drivers/STM32L5xx_HAL_Driver/Src/stm32l5xx_hal_dac.c:613:19:HAL_DAC_Start_DMA	32	static
../Drivers/STM32L5xx_HAL_Driver/Src/stm32l5xx_hal_dac.c:741:19:HAL_DAC_Stop_DMA	16	static
../Drivers/STM32L5xx_HAL_Driver/Src/stm32l5xx_hal_dac.c:787:6:HAL_DAC_IRQHandler	16	static
../Drivers/STM32L5xx_HAL_Driver/Src/stm32l5xx_hal_dac.c:858:19:HAL_DAC_SetValue	32	static
../Drivers/STM32L5xx_HAL_Driver/Src/stm32l5xx_hal_dac.c:890:13:HAL_DAC_ConvCpltCallbackCh1	16	static
../Drivers/STM32L5xx_HAL_Driver/Src/stm32l5xx_hal_dac.c:906:13:HAL_DAC_ConvHalfCpltCallbackCh1	16	static
../Drivers/STM32L5xx_HAL_Driver/Src/stm32l5xx_hal_dac.c:922:13:HAL_DAC_ErrorCallbackCh1	16	static
../Drivers/STM32L5xx_HAL_Driver/Src/stm32l5xx_hal_dac.c:938:13:HAL_DAC_DMAUnderrunCallbackCh1	16	static
../Drivers/STM32L5xx_HAL_Driver/Src/stm32l5xx_hal_dac.c:977:10:HAL_DAC_GetValue	16	static
../Drivers/STM32L5xx_HAL_Driver/Src/stm32l5xx_hal_dac.c:1009:19:HAL_DAC_ConfigChannel	40	static
../Drivers/STM32L5xx_HAL_Driver/Src/stm32l5xx_hal_dac.c:1210:22:HAL_DAC_GetState	16	static
../Drivers/STM32L5xx_HAL_Driver/Src/stm32l5xx_hal_dac.c:1223:10:HAL_DAC_GetError	16	static
../Drivers/STM32L5xx_HAL_Driver/Src/stm32l5xx_hal_dac.c:1483:6:DAC_DMAConvCpltCh1	24	static
../Drivers/STM32L5xx_HAL_Driver/Src/stm32l5xx_hal_dac.c:1502:6:DAC_DMAHalfConvCpltCh1	24	static
../Drivers/STM32L5xx_HAL_Driver/Src/stm32l5xx_hal_dac.c:1519:6:DAC_DMAErrorCh1	24	static
