Archive member included to satisfy reference by file (symbol)

/usr/lib/gcc/arm-none-eabi/9.2.1/../../../arm-none-eabi/lib/thumb/v7e-m+fp/hard/libc_nano.a(lib_a-atexit.o)
                              /usr/lib/gcc/arm-none-eabi/9.2.1/../../../arm-none-eabi/lib/thumb/v7e-m+fp/hard/crt0.o (atexit)
/usr/lib/gcc/arm-none-eabi/9.2.1/../../../arm-none-eabi/lib/thumb/v7e-m+fp/hard/libc_nano.a(lib_a-exit.o)
                              /usr/lib/gcc/arm-none-eabi/9.2.1/../../../arm-none-eabi/lib/thumb/v7e-m+fp/hard/crt0.o (exit)
/usr/lib/gcc/arm-none-eabi/9.2.1/../../../arm-none-eabi/lib/thumb/v7e-m+fp/hard/libc_nano.a(lib_a-fini.o)
                              /usr/lib/gcc/arm-none-eabi/9.2.1/../../../arm-none-eabi/lib/thumb/v7e-m+fp/hard/crt0.o (__libc_fini_array)
/usr/lib/gcc/arm-none-eabi/9.2.1/../../../arm-none-eabi/lib/thumb/v7e-m+fp/hard/libc_nano.a(lib_a-impure.o)
                              /usr/lib/gcc/arm-none-eabi/9.2.1/../../../arm-none-eabi/lib/thumb/v7e-m+fp/hard/libc_nano.a(lib_a-exit.o) (_global_impure_ptr)
/usr/lib/gcc/arm-none-eabi/9.2.1/../../../arm-none-eabi/lib/thumb/v7e-m+fp/hard/libc_nano.a(lib_a-init.o)
                              /usr/lib/gcc/arm-none-eabi/9.2.1/../../../arm-none-eabi/lib/thumb/v7e-m+fp/hard/crt0.o (__libc_init_array)
/usr/lib/gcc/arm-none-eabi/9.2.1/../../../arm-none-eabi/lib/thumb/v7e-m+fp/hard/libc_nano.a(lib_a-memset.o)
                              /usr/lib/gcc/arm-none-eabi/9.2.1/../../../arm-none-eabi/lib/thumb/v7e-m+fp/hard/crt0.o (memset)
/usr/lib/gcc/arm-none-eabi/9.2.1/../../../arm-none-eabi/lib/thumb/v7e-m+fp/hard/libc_nano.a(lib_a-__atexit.o)
                              /usr/lib/gcc/arm-none-eabi/9.2.1/../../../arm-none-eabi/lib/thumb/v7e-m+fp/hard/libc_nano.a(lib_a-atexit.o) (__register_exitproc)
/usr/lib/gcc/arm-none-eabi/9.2.1/../../../arm-none-eabi/lib/thumb/v7e-m+fp/hard/libc_nano.a(lib_a-__call_atexit.o)
                              /usr/lib/gcc/arm-none-eabi/9.2.1/../../../arm-none-eabi/lib/thumb/v7e-m+fp/hard/libc_nano.a(lib_a-__atexit.o) (__call_exitprocs)
/usr/lib/gcc/arm-none-eabi/9.2.1/../../../arm-none-eabi/lib/thumb/v7e-m+fp/hard/libnosys.a(_exit.o)
                              /usr/lib/gcc/arm-none-eabi/9.2.1/../../../arm-none-eabi/lib/thumb/v7e-m+fp/hard/libc_nano.a(lib_a-exit.o) (_exit)
/usr/lib/gcc/arm-none-eabi/9.2.1/thumb/v7e-m+fp/hard/libgcc.a(_aeabi_uldivmod.o)
                              build/stm32g4xx_hal_uart.o (__aeabi_uldivmod)
/usr/lib/gcc/arm-none-eabi/9.2.1/thumb/v7e-m+fp/hard/libgcc.a(_udivmoddi4.o)
                              /usr/lib/gcc/arm-none-eabi/9.2.1/thumb/v7e-m+fp/hard/libgcc.a(_aeabi_uldivmod.o) (__udivmoddi4)
/usr/lib/gcc/arm-none-eabi/9.2.1/thumb/v7e-m+fp/hard/libgcc.a(_dvmd_tls.o)
                              /usr/lib/gcc/arm-none-eabi/9.2.1/thumb/v7e-m+fp/hard/libgcc.a(_aeabi_uldivmod.o) (__aeabi_ldiv0)

Allocating common symbols
Common symbol       size              file

uwTick              0x4               build/stm32g4xx_hal.o
hlpuart1            0x90              build/usart.o

Discarded input sections

 .text          0x0000000000000000        0x0 /usr/lib/gcc/arm-none-eabi/9.2.1/thumb/v7e-m+fp/hard/crti.o
 .data          0x0000000000000000        0x0 /usr/lib/gcc/arm-none-eabi/9.2.1/thumb/v7e-m+fp/hard/crti.o
 .bss           0x0000000000000000        0x0 /usr/lib/gcc/arm-none-eabi/9.2.1/thumb/v7e-m+fp/hard/crti.o
 .data          0x0000000000000000        0x4 /usr/lib/gcc/arm-none-eabi/9.2.1/thumb/v7e-m+fp/hard/crtbegin.o
 .text          0x0000000000000000       0x70 /usr/lib/gcc/arm-none-eabi/9.2.1/../../../arm-none-eabi/lib/thumb/v7e-m+fp/hard/crt0.o
 .data          0x0000000000000000        0x0 /usr/lib/gcc/arm-none-eabi/9.2.1/../../../arm-none-eabi/lib/thumb/v7e-m+fp/hard/crt0.o
 .bss           0x0000000000000000        0x0 /usr/lib/gcc/arm-none-eabi/9.2.1/../../../arm-none-eabi/lib/thumb/v7e-m+fp/hard/crt0.o
 .ARM.extab     0x0000000000000000        0x0 /usr/lib/gcc/arm-none-eabi/9.2.1/../../../arm-none-eabi/lib/thumb/v7e-m+fp/hard/crt0.o
 .ARM.exidx     0x0000000000000000       0x10 /usr/lib/gcc/arm-none-eabi/9.2.1/../../../arm-none-eabi/lib/thumb/v7e-m+fp/hard/crt0.o
 .debug_line    0x0000000000000000       0x87 /usr/lib/gcc/arm-none-eabi/9.2.1/../../../arm-none-eabi/lib/thumb/v7e-m+fp/hard/crt0.o
 .debug_info    0x0000000000000000       0x26 /usr/lib/gcc/arm-none-eabi/9.2.1/../../../arm-none-eabi/lib/thumb/v7e-m+fp/hard/crt0.o
 .debug_abbrev  0x0000000000000000       0x14 /usr/lib/gcc/arm-none-eabi/9.2.1/../../../arm-none-eabi/lib/thumb/v7e-m+fp/hard/crt0.o
 .debug_aranges
                0x0000000000000000       0x20 /usr/lib/gcc/arm-none-eabi/9.2.1/../../../arm-none-eabi/lib/thumb/v7e-m+fp/hard/crt0.o
 .debug_str     0x0000000000000000       0x98 /usr/lib/gcc/arm-none-eabi/9.2.1/../../../arm-none-eabi/lib/thumb/v7e-m+fp/hard/crt0.o
 .ARM.attributes
                0x0000000000000000       0x1c /usr/lib/gcc/arm-none-eabi/9.2.1/../../../arm-none-eabi/lib/thumb/v7e-m+fp/hard/crt0.o
[...]
Memory Configuration

Name             Origin             Length             Attributes
RAM              0x0000000020000000 0x0000000000008000 xrw
FLASH            0x0000000008000000 0x0000000000020000 xr
*default*        0x0000000000000000 0xffffffffffffffff

Linker script and memory map

LOAD /usr/lib/gcc/arm-none-eabi/9.2.1/thumb/v7e-m+fp/hard/crti.o
LOAD /usr/lib/gcc/arm-none-eabi/9.2.1/thumb/v7e-m+fp/hard/crtbegin.o
LOAD /usr/lib/gcc/arm-none-eabi/9.2.1/../../../arm-none-eabi/lib/thumb/v7e-m+fp/hard/crt0.o
LOAD build/main.o
LOAD build/stm32g4xx_it.o
LOAD build/stm32g4xx_hal_msp.o
LOAD build/stm32g4xx_hal_uart.o
LOAD build/stm32g4xx_hal_uart_ex.o
LOAD build/stm32g4xx_hal.o
LOAD build/stm32g4xx_hal_rcc.o
LOAD build/stm32g4xx_hal_rcc_ex.o
LOAD build/stm32g4xx_hal_flash.o
LOAD build/stm32g4xx_hal_flash_ex.o
LOAD build/stm32g4xx_hal_flash_ramfunc.o
LOAD build/stm32g4xx_hal_gpio.o
LOAD build/stm32g4xx_hal_exti.o
LOAD build/stm32g4xx_hal_dma.o
LOAD build/stm32g4xx_hal_dma_ex.o
LOAD build/stm32g4xx_hal_pwr.o
LOAD build/stm32g4xx_hal_pwr_ex.o
LOAD build/stm32g4xx_hal_cortex.o
LOAD build/stm32g4xx_hal_tim.o
LOAD build/stm32g4xx_hal_tim_ex.o
LOAD build/system_stm32g4xx.o
LOAD build/gpio.o
LOAD build/usart.o
LOAD build/startup_stm32g431xx.o
LOAD /usr/lib/gcc/arm-none-eabi/9.2.1/../../../arm-none-eabi/lib/thumb/v7e-m+fp/hard/libc_nano.a
LOAD /usr/lib/gcc/arm-none-eabi/9.2.1/../../../arm-none-eabi/lib/thumb/v7e-m+fp/hard/libm.a
LOAD /usr/lib/gcc/arm-none-eabi/9.2.1/../../../arm-none-eabi/lib/thumb/v7e-m+fp/hard/libnosys.a
START GROUP
LOAD /usr/lib/gcc/arm-none-eabi/9.2.1/thumb/v7e-m+fp/hard/libgcc.a
LOAD /usr/lib/gcc/arm-none-eabi/9.2.1/../../../arm-none-eabi/lib/thumb/v7e-m+fp/hard/libc_nano.a
END GROUP
START GROUP
LOAD /usr/lib/gcc/arm-none-eabi/9.2.1/thumb/v7e-m+fp/hard/libgcc.a
LOAD /usr/lib/gcc/arm-none-eabi/9.2.1/../../../arm-none-eabi/lib/thumb/v7e-m+fp/hard/libc_nano.a
END GROUP
LOAD /usr/lib/gcc/arm-none-eabi/9.2.1/thumb/v7e-m+fp/hard/crtend.o
LOAD /usr/lib/gcc/arm-none-eabi/9.2.1/thumb/v7e-m+fp/hard/crtn.o
                0x0000000020008000                _estack = (ORIGIN (RAM) + LENGTH (RAM))
                0x0000000000000200                _Min_Heap_Size = 0x200
                0x0000000000000400                _Min_Stack_Size = 0x400

.isr_vector     0x0000000008000000      0x1d8
                0x0000000008000000                . = ALIGN (0x4)
 *(.isr_vector)
 .isr_vector    0x0000000008000000      0x1d8 build/startup_stm32g431xx.o
                0x0000000008000000                g_pfnVectors
                0x00000000080001d8                . = ALIGN (0x4)

.text           0x00000000080001d8     0x1d50
                0x00000000080001d8                . = ALIGN (0x4)
 *(.text)
 .text          0x00000000080001d8       0x88 /usr/lib/gcc/arm-none-eabi/9.2.1/thumb/v7e-m+fp/hard/crtbegin.o
 .text          0x0000000008000260       0x48 /usr/lib/gcc/arm-none-eabi/9.2.1/../../../arm-none-eabi/lib/thumb/v7e-m+fp/hard/libc_nano.a(lib_a-init.o)
                0x0000000008000260                __libc_init_array
 .text          0x00000000080002a8       0xa0 /usr/lib/gcc/arm-none-eabi/9.2.1/../../../arm-none-eabi/lib/thumb/v7e-m+fp/hard/libc_nano.a(lib_a-memset.o)
                0x00000000080002a8                memset
 .text          0x0000000008000348       0x30 /usr/lib/gcc/arm-none-eabi/9.2.1/thumb/v7e-m+fp/hard/libgcc.a(_aeabi_uldivmod.o)
                0x0000000008000348                __aeabi_uldivmod
 .text          0x0000000008000378      0x2c4 /usr/lib/gcc/arm-none-eabi/9.2.1/thumb/v7e-m+fp/hard/libgcc.a(_udivmoddi4.o)
                0x0000000008000378                __udivmoddi4
 .text          0x000000000800063c        0x4 /usr/lib/gcc/arm-none-eabi/9.2.1/thumb/v7e-m+fp/hard/libgcc.a(_dvmd_tls.o)
                0x000000000800063c                __aeabi_ldiv0
                0x000000000800063c                __aeabi_idiv0
 *(.text*)
 .text.Error_Handler
                0x0000000008000640        0x4 build/main.o
                0x0000000008000640                Error_Handler
 .text.SystemClock_Config
                0x0000000008000644       0x70 build/main.o
                0x0000000008000644                SystemClock_Config
 .text.main     0x00000000080006b4       0x14 build/main.o
                0x00000000080006b4                main
 .text.NMI_Handler
                0x00000000080006c8        0x2 build/stm32g4xx_it.o
                0x00000000080006c8                NMI_Handler
 .text.HardFault_Handler
                0x00000000080006ca        0x2 build/stm32g4xx_it.o
                0x00000000080006ca                HardFault_Handler
 .text.MemManage_Handler
                0x00000000080006cc        0x2 build/stm32g4xx_it.o
                0x00000000080006cc                MemManage_Handler
 .text.BusFault_Handler
                0x00000000080006ce        0x2 build/stm32g4xx_it.o
                0x00000000080006ce                BusFault_Handler
 .text.UsageFault_Handler
                0x00000000080006d0        0x2 build/stm32g4xx_it.o
                0x00000000080006d0                UsageFault_Handler
 .text.SVC_Handler
                0x00000000080006d2        0x2 build/stm32g4xx_it.o
                0x00000000080006d2                SVC_Handler
 .text.DebugMon_Handler
                0x00000000080006d4        0x2 build/stm32g4xx_it.o
                0x00000000080006d4                DebugMon_Handler
 .text.PendSV_Handler
                0x00000000080006d6        0x2 build/stm32g4xx_it.o
                0x00000000080006d6                PendSV_Handler
 .text.SysTick_Handler
                0x00000000080006d8        0x8 build/stm32g4xx_it.o
                0x00000000080006d8                SysTick_Handler
 .text.HAL_MspInit
                0x00000000080006e0       0x38 build/stm32g4xx_hal_msp.o
                0x00000000080006e0                HAL_MspInit
 .text.UART_SetConfig
                0x0000000008000718      0x34c build/stm32g4xx_hal_uart.o
                0x0000000008000718                UART_SetConfig
 .text.UART_AdvFeatureConfig
                0x0000000008000a64       0xca build/stm32g4xx_hal_uart.o
                0x0000000008000a64                UART_AdvFeatureConfig
 .text.UART_WaitOnFlagUntilTimeout
                0x0000000008000b2e       0xd8 build/stm32g4xx_hal_uart.o
                0x0000000008000b2e                UART_WaitOnFlagUntilTimeout
 .text.UART_CheckIdleState
                0x0000000008000c06       0x74 build/stm32g4xx_hal_uart.o
                0x0000000008000c06                UART_CheckIdleState
 .text.HAL_UART_Init
                0x0000000008000c7a       0x66 build/stm32g4xx_hal_uart.o
                0x0000000008000c7a                HAL_UART_Init
 .text.UARTEx_SetNbDataToProcess
                0x0000000008000ce0       0x4c build/stm32g4xx_hal_uart_ex.o
 .text.HAL_UARTEx_DisableFifoMode
                0x0000000008000d2c       0x3e build/stm32g4xx_hal_uart_ex.o
                0x0000000008000d2c                HAL_UARTEx_DisableFifoMode
 .text.HAL_UARTEx_SetTxFifoThreshold
                0x0000000008000d6a       0x4a build/stm32g4xx_hal_uart_ex.o
                0x0000000008000d6a                HAL_UARTEx_SetTxFifoThreshold
 .text.HAL_UARTEx_SetRxFifoThreshold
                0x0000000008000db4       0x4a build/stm32g4xx_hal_uart_ex.o
                0x0000000008000db4                HAL_UARTEx_SetRxFifoThreshold
 *fill*         0x0000000008000dfe        0x2 
 .text.HAL_InitTick
                0x0000000008000e00       0x50 build/stm32g4xx_hal.o
                0x0000000008000e00                HAL_InitTick
 .text.HAL_Init
                0x0000000008000e50       0x1e build/stm32g4xx_hal.o
                0x0000000008000e50                HAL_Init
 *fill*         0x0000000008000e6e        0x2 
 .text.HAL_IncTick
                0x0000000008000e70       0x18 build/stm32g4xx_hal.o
                0x0000000008000e70                HAL_IncTick
 .text.HAL_GetTick
                0x0000000008000e88        0xc build/stm32g4xx_hal.o
                0x0000000008000e88                HAL_GetTick
 .text.RCC_GetSysClockFreqFromPLLSource
                0x0000000008000e94       0x58 build/stm32g4xx_hal_rcc.o
 .text.HAL_RCC_OscConfig
                0x0000000008000eec      0x4e8 build/stm32g4xx_hal_rcc.o
                0x0000000008000eec                HAL_RCC_OscConfig
 .text.HAL_RCC_GetSysClockFreq
                0x00000000080013d4       0x88 build/stm32g4xx_hal_rcc.o
                0x00000000080013d4                HAL_RCC_GetSysClockFreq
 .text.HAL_RCC_ClockConfig
                0x000000000800145c      0x1f8 build/stm32g4xx_hal_rcc.o
                0x000000000800145c                HAL_RCC_ClockConfig
 .text.HAL_RCC_GetHCLKFreq
                0x0000000008001654        0xc build/stm32g4xx_hal_rcc.o
                0x0000000008001654                HAL_RCC_GetHCLKFreq
 .text.HAL_RCC_GetPCLK1Freq
                0x0000000008001660       0x24 build/stm32g4xx_hal_rcc.o
                0x0000000008001660                HAL_RCC_GetPCLK1Freq
 .text.HAL_RCC_GetPCLK2Freq
                0x0000000008001684       0x24 build/stm32g4xx_hal_rcc.o
                0x0000000008001684                HAL_RCC_GetPCLK2Freq
 .text.HAL_RCCEx_PeriphCLKConfig
                0x00000000080016a8      0x2e4 build/stm32g4xx_hal_rcc_ex.o
                0x00000000080016a8                HAL_RCCEx_PeriphCLKConfig
 .text.HAL_GPIO_Init
                0x000000000800198c      0x1ac build/stm32g4xx_hal_gpio.o
                0x000000000800198c                HAL_GPIO_Init
 .text.HAL_GPIO_WritePin
                0x0000000008001b38        0xa build/stm32g4xx_hal_gpio.o
                0x0000000008001b38                HAL_GPIO_WritePin
 *fill*         0x0000000008001b42        0x2 
 .text.HAL_PWREx_ControlVoltageScaling
                0x0000000008001b44      0x10c build/stm32g4xx_hal_pwr_ex.o
                0x0000000008001b44                HAL_PWREx_ControlVoltageScaling
 .text.HAL_PWREx_DisableUCPDDeadBattery
                0x0000000008001c50       0x10 build/stm32g4xx_hal_pwr_ex.o
                0x0000000008001c50                HAL_PWREx_DisableUCPDDeadBattery
 .text.HAL_NVIC_SetPriorityGrouping
                0x0000000008001c60       0x24 build/stm32g4xx_hal_cortex.o
                0x0000000008001c60                HAL_NVIC_SetPriorityGrouping
 .text.HAL_NVIC_SetPriority
                0x0000000008001c84       0x68 build/stm32g4xx_hal_cortex.o
                0x0000000008001c84                HAL_NVIC_SetPriority
 .text.HAL_SYSTICK_Config
                0x0000000008001cec       0x2c build/stm32g4xx_hal_cortex.o
                0x0000000008001cec                HAL_SYSTICK_Config
 .text.SystemInit
                0x0000000008001d18       0x14 build/system_stm32g4xx.o
                0x0000000008001d18                SystemInit
 .text.MX_GPIO_Init
                0x0000000008001d2c       0xa0 build/gpio.o
                0x0000000008001d2c                MX_GPIO_Init
 .text.MX_LPUART1_UART_Init
                0x0000000008001dcc       0x68 build/usart.o
                0x0000000008001dcc                MX_LPUART1_UART_Init
 .text.HAL_UART_MspInit
                0x0000000008001e34       0x88 build/usart.o
                0x0000000008001e34                HAL_UART_MspInit
 .text.Reset_Handler
                0x0000000008001ebc       0x50 build/startup_stm32g431xx.o
                0x0000000008001ebc                Reset_Handler
 .text.Default_Handler
                0x0000000008001f0c        0x2 build/startup_stm32g431xx.o
                0x0000000008001f0c                RTC_Alarm_IRQHandler
                0x0000000008001f0c                EXTI2_IRQHandler
                0x0000000008001f0c                TIM8_TRG_COM_IRQHandler
                0x0000000008001f0c                TIM8_CC_IRQHandler
                0x0000000008001f0c                TIM1_CC_IRQHandler
                0x0000000008001f0c                USB_HP_IRQHandler
                0x0000000008001f0c                CORDIC_IRQHandler
                0x0000000008001f0c                EXTI3_IRQHandler
                0x0000000008001f0c                I2C3_ER_IRQHandler
                0x0000000008001f0c                EXTI0_IRQHandler
                0x0000000008001f0c                I2C2_EV_IRQHandler
                0x0000000008001f0c                FPU_IRQHandler
                0x0000000008001f0c                FDCAN1_IT1_IRQHandler
                0x0000000008001f0c                TIM1_UP_TIM16_IRQHandler
                0x0000000008001f0c                ADC1_2_IRQHandler
                0x0000000008001f0c                SPI1_IRQHandler
                0x0000000008001f0c                TIM6_DAC_IRQHandler
                0x0000000008001f0c                TIM8_UP_IRQHandler
                0x0000000008001f0c                DMA2_Channel2_IRQHandler
                0x0000000008001f0c                DMA1_Channel4_IRQHandler
                0x0000000008001f0c                USART3_IRQHandler
                0x0000000008001f0c                TIM4_IRQHandler
                0x0000000008001f0c                DMA2_Channel1_IRQHandler
                0x0000000008001f0c                I2C1_EV_IRQHandler
                0x0000000008001f0c                DMA1_Channel6_IRQHandler
                0x0000000008001f0c                UART4_IRQHandler
                0x0000000008001f0c                DMA2_Channel4_IRQHandler
                0x0000000008001f0c                TIM3_IRQHandler
                0x0000000008001f0c                RCC_IRQHandler
                0x0000000008001f0c                DMA1_Channel1_IRQHandler
                0x0000000008001f0c                Default_Handler
                0x0000000008001f0c                RTC_TAMP_LSECSS_IRQHandler
                0x0000000008001f0c                FMAC_IRQHandler
                0x0000000008001f0c                EXTI15_10_IRQHandler
                0x0000000008001f0c                TIM7_IRQHandler
                0x0000000008001f0c                UCPD1_IRQHandler
                0x0000000008001f0c                I2C3_EV_IRQHandler
                0x0000000008001f0c                EXTI9_5_IRQHandler
                0x0000000008001f0c                RTC_WKUP_IRQHandler
                0x0000000008001f0c                PVD_PVM_IRQHandler
                0x0000000008001f0c                SPI2_IRQHandler
                0x0000000008001f0c                DMA2_Channel5_IRQHandler
                0x0000000008001f0c                CRS_IRQHandler
                0x0000000008001f0c                DMA1_Channel5_IRQHandler
                0x0000000008001f0c                USB_LP_IRQHandler
                0x0000000008001f0c                EXTI4_IRQHandler
                0x0000000008001f0c                RNG_IRQHandler
                0x0000000008001f0c                TIM1_TRG_COM_TIM17_IRQHandler
                0x0000000008001f0c                DMA1_Channel3_IRQHandler
                0x0000000008001f0c                WWDG_IRQHandler
                0x0000000008001f0c                LPUART1_IRQHandler
                0x0000000008001f0c                DMA2_Channel6_IRQHandler
                0x0000000008001f0c                FDCAN1_IT0_IRQHandler
                0x0000000008001f0c                TIM2_IRQHandler
                0x0000000008001f0c                COMP1_2_3_IRQHandler
                0x0000000008001f0c                EXTI1_IRQHandler
                0x0000000008001f0c                USART2_IRQHandler
                0x0000000008001f0c                I2C2_ER_IRQHandler
                0x0000000008001f0c                DMA1_Channel2_IRQHandler
                0x0000000008001f0c                TIM8_BRK_IRQHandler
                0x0000000008001f0c                FLASH_IRQHandler
                0x0000000008001f0c                USART1_IRQHandler
                0x0000000008001f0c                SPI3_IRQHandler
                0x0000000008001f0c                I2C1_ER_IRQHandler
                0x0000000008001f0c                LPTIM1_IRQHandler
                0x0000000008001f0c                DMAMUX_OVR_IRQHandler
                0x0000000008001f0c                USBWakeUp_IRQHandler
                0x0000000008001f0c                SAI1_IRQHandler
                0x0000000008001f0c                DMA2_Channel3_IRQHandler
                0x0000000008001f0c                COMP4_IRQHandler
                0x0000000008001f0c                TIM1_BRK_TIM15_IRQHandler
 *(.glue_7)
 .glue_7        0x0000000008001f0e        0x0 linker stubs
 *(.glue_7t)
 .glue_7t       0x0000000008001f0e        0x0 linker stubs
 *(.eh_frame)
 *fill*         0x0000000008001f0e        0x2 
 .eh_frame      0x0000000008001f10        0x0 /usr/lib/gcc/arm-none-eabi/9.2.1/thumb/v7e-m+fp/hard/crtbegin.o
 *(.init)
 .init          0x0000000008001f10        0x4 /usr/lib/gcc/arm-none-eabi/9.2.1/thumb/v7e-m+fp/hard/crti.o
                0x0000000008001f10                _init
 .init          0x0000000008001f14        0x8 /usr/lib/gcc/arm-none-eabi/9.2.1/thumb/v7e-m+fp/hard/crtn.o
 *(.fini)
 .fini          0x0000000008001f1c        0x4 /usr/lib/gcc/arm-none-eabi/9.2.1/thumb/v7e-m+fp/hard/crti.o
                0x0000000008001f1c                _fini
 .fini          0x0000000008001f20        0x8 /usr/lib/gcc/arm-none-eabi/9.2.1/thumb/v7e-m+fp/hard/crtn.o
                0x0000000008001f28                . = ALIGN (0x4)
                0x0000000008001f28                _etext = .

.vfp11_veneer   0x0000000008001f28        0x0
 .vfp11_veneer  0x0000000008001f28        0x0 linker stubs

.v4_bx          0x0000000008001f28        0x0
 .v4_bx         0x0000000008001f28        0x0 linker stubs

.iplt           0x0000000008001f28        0x0
 .iplt          0x0000000008001f28        0x0 /usr/lib/gcc/arm-none-eabi/9.2.1/thumb/v7e-m+fp/hard/crtbegin.o

.rodata         0x0000000008001f28       0x40
                0x0000000008001f28                . = ALIGN (0x4)
 *(.rodata)
 *(.rodata*)
 .rodata.UARTPrescTable
                0x0000000008001f28       0x18 build/stm32g4xx_hal_uart.o
                0x0000000008001f28                UARTPrescTable
 .rodata.denominator.8037
                0x0000000008001f40        0x8 build/stm32g4xx_hal_uart_ex.o
 .rodata.numerator.8036
                0x0000000008001f48        0x8 build/stm32g4xx_hal_uart_ex.o
 .rodata.AHBPrescTable
                0x0000000008001f50       0x10 build/system_stm32g4xx.o
                0x0000000008001f50                AHBPrescTable
 .rodata.APBPrescTable
                0x0000000008001f60        0x8 build/system_stm32g4xx.o
                0x0000000008001f60                APBPrescTable
                0x0000000008001f68                . = ALIGN (0x4)

.ARM.extab
 *(.ARM.extab* .gnu.linkonce.armextab.*)

.ARM            0x0000000008001f68        0x8
                0x0000000008001f68                __exidx_start = .
 *(.ARM.exidx*)
 .ARM.exidx     0x0000000008001f68        0x8 /usr/lib/gcc/arm-none-eabi/9.2.1/thumb/v7e-m+fp/hard/libgcc.a(_udivmoddi4.o)
                0x0000000008001f70                __exidx_end = .

.rel.dyn        0x0000000008001f70        0x0
 .rel.iplt      0x0000000008001f70        0x0 /usr/lib/gcc/arm-none-eabi/9.2.1/thumb/v7e-m+fp/hard/crtbegin.o

.preinit_array  0x0000000008001f70        0x0
                0x0000000008001f70                PROVIDE (__preinit_array_start = .)
 *(.preinit_array*)
                0x0000000008001f70                PROVIDE (__preinit_array_end = .)

.init_array     0x0000000008001f70        0x4
                0x0000000008001f70                PROVIDE (__init_array_start = .)
 *(SORT_BY_NAME(.init_array.*))
 *(.init_array*)
 .init_array    0x0000000008001f70        0x4 /usr/lib/gcc/arm-none-eabi/9.2.1/thumb/v7e-m+fp/hard/crtbegin.o
                0x0000000008001f74                PROVIDE (__init_array_end = .)

.fini_array     0x0000000008001f74        0x4
                0x0000000008001f74                PROVIDE (__fini_array_start = .)
 *(SORT_BY_NAME(.fini_array.*))
 *(.fini_array*)
 .fini_array    0x0000000008001f74        0x4 /usr/lib/gcc/arm-none-eabi/9.2.1/thumb/v7e-m+fp/hard/crtbegin.o
                0x0000000008001f78                PROVIDE (__fini_array_end = .)
                0x0000000008001f78                _sidata = LOADADDR (.data)

.data           0x0000000020000000        0xc load address 0x0000000008001f78
                0x0000000020000000                . = ALIGN (0x4)
                0x0000000020000000                _sdata = .
 *(.data)
 *(.data*)
 .data.uwTickFreq
                0x0000000020000000        0x4 build/stm32g4xx_hal.o
                0x0000000020000000                uwTickFreq
 .data.uwTickPrio
                0x0000000020000004        0x4 build/stm32g4xx_hal.o
                0x0000000020000004                uwTickPrio
 .data.SystemCoreClock
                0x0000000020000008        0x4 build/system_stm32g4xx.o
                0x0000000020000008                SystemCoreClock
                0x000000002000000c                . = ALIGN (0x4)
                0x000000002000000c                _edata = .

.tm_clone_table
                0x000000002000000c        0x0 load address 0x0000000008001f84
 .tm_clone_table
                0x000000002000000c        0x0 /usr/lib/gcc/arm-none-eabi/9.2.1/thumb/v7e-m+fp/hard/crtbegin.o
 .tm_clone_table
                0x000000002000000c        0x0 /usr/lib/gcc/arm-none-eabi/9.2.1/thumb/v7e-m+fp/hard/crtend.o

.igot.plt       0x000000002000000c        0x0 load address 0x0000000008001f84
 .igot.plt      0x000000002000000c        0x0 /usr/lib/gcc/arm-none-eabi/9.2.1/thumb/v7e-m+fp/hard/crtbegin.o
                0x000000002000000c                . = ALIGN (0x4)

.bss            0x000000002000000c       0xb0 load address 0x0000000008001f84
                0x000000002000000c                _sbss = .
                0x000000002000000c                __bss_start__ = _sbss
 *(.bss)
 .bss           0x000000002000000c       0x1c /usr/lib/gcc/arm-none-eabi/9.2.1/thumb/v7e-m+fp/hard/crtbegin.o
 *(.bss*)
 *(COMMON)
 COMMON         0x0000000020000028        0x4 build/stm32g4xx_hal.o
                0x0000000020000028                uwTick
 COMMON         0x000000002000002c       0x90 build/usart.o
                0x000000002000002c                hlpuart1
                0x00000000200000bc                . = ALIGN (0x4)
                0x00000000200000bc                _ebss = .
                0x00000000200000bc                __bss_end__ = _ebss

._user_heap_stack
                0x00000000200000bc      0x604 load address 0x0000000008001f84
                0x00000000200000c0                . = ALIGN (0x8)
 *fill*         0x00000000200000bc        0x4 
                [!provide]                        PROVIDE (end = .)
                [!provide]                        PROVIDE (_end = .)
                0x00000000200002c0                . = (. + _Min_Heap_Size)
 *fill*         0x00000000200000c0      0x200 
                0x00000000200006c0                . = (. + _Min_Stack_Size)
 *fill*         0x00000000200002c0      0x400 
                0x00000000200006c0                . = ALIGN (0x8)

/DISCARD/
 libc.a(*)
 libm.a(*)
 libgcc.a(*)

.ARM.attributes
                0x0000000000000000       0x30
 *(.ARM.attributes)
 .ARM.attributes
                0x0000000000000000       0x1e /usr/lib/gcc/arm-none-eabi/9.2.1/thumb/v7e-m+fp/hard/crti.o
 .ARM.attributes
                0x000000000000001e       0x34 /usr/lib/gcc/arm-none-eabi/9.2.1/thumb/v7e-m+fp/hard/crtbegin.o
 .ARM.attributes
                0x0000000000000052       0x34 build/main.o
 .ARM.attributes
                0x0000000000000086       0x34 build/stm32g4xx_it.o
 .ARM.attributes
                0x00000000000000ba       0x34 build/stm32g4xx_hal_msp.o
 .ARM.attributes
                0x00000000000000ee       0x34 build/stm32g4xx_hal_uart.o
 .ARM.attributes
                0x0000000000000122       0x34 build/stm32g4xx_hal_uart_ex.o
 .ARM.attributes
                0x0000000000000156       0x34 build/stm32g4xx_hal.o
 .ARM.attributes
                0x000000000000018a       0x34 build/stm32g4xx_hal_rcc.o
 .ARM.attributes
                0x00000000000001be       0x34 build/stm32g4xx_hal_rcc_ex.o
 .ARM.attributes
                0x00000000000001f2       0x34 build/stm32g4xx_hal_gpio.o
 .ARM.attributes
                0x0000000000000226       0x34 build/stm32g4xx_hal_pwr_ex.o
 .ARM.attributes
                0x000000000000025a       0x34 build/stm32g4xx_hal_cortex.o
 .ARM.attributes
                0x000000000000028e       0x34 build/system_stm32g4xx.o
 .ARM.attributes
                0x00000000000002c2       0x34 build/gpio.o
 .ARM.attributes
                0x00000000000002f6       0x34 build/usart.o
 .ARM.attributes
                0x000000000000032a       0x21 build/startup_stm32g431xx.o
 .ARM.attributes
                0x000000000000034b       0x34 /usr/lib/gcc/arm-none-eabi/9.2.1/../../../arm-none-eabi/lib/thumb/v7e-m+fp/hard/libc_nano.a(lib_a-init.o)
 .ARM.attributes
                0x000000000000037f       0x34 /usr/lib/gcc/arm-none-eabi/9.2.1/../../../arm-none-eabi/lib/thumb/v7e-m+fp/hard/libc_nano.a(lib_a-memset.o)
 .ARM.attributes
                0x00000000000003b3       0x1e /usr/lib/gcc/arm-none-eabi/9.2.1/thumb/v7e-m+fp/hard/libgcc.a(_aeabi_uldivmod.o)
 .ARM.attributes
                0x00000000000003d1       0x34 /usr/lib/gcc/arm-none-eabi/9.2.1/thumb/v7e-m+fp/hard/libgcc.a(_udivmoddi4.o)
 .ARM.attributes
                0x0000000000000405       0x1e /usr/lib/gcc/arm-none-eabi/9.2.1/thumb/v7e-m+fp/hard/libgcc.a(_dvmd_tls.o)
 .ARM.attributes
                0x0000000000000423       0x32 /usr/lib/gcc/arm-none-eabi/9.2.1/thumb/v7e-m+fp/hard/crtend.o
 .ARM.attributes
                0x0000000000000455       0x1e /usr/lib/gcc/arm-none-eabi/9.2.1/thumb/v7e-m+fp/hard/crtn.o
OUTPUT(build/G431RB_Nucleo.elf elf32-littlearm)
LOAD linker stubs
LOAD /usr/lib/gcc/arm-none-eabi/9.2.1/../../../arm-none-eabi/lib/thumb/v7e-m+fp/hard/libc.a
LOAD /usr/lib/gcc/arm-none-eabi/9.2.1/../../../arm-none-eabi/lib/thumb/v7e-m+fp/hard/libm.a
LOAD /usr/lib/gcc/arm-none-eabi/9.2.1/thumb/v7e-m+fp/hard/libgcc.a

.comment        0x0000000000000000       0xa7
 .comment       0x0000000000000000       0x59 /usr/lib/gcc/arm-none-eabi/9.2.1/thumb/v7e-m+fp/hard/crtbegin.o
                                         0x5a (size before relaxing)
 .comment       0x0000000000000059       0x5a build/main.o
 .comment       0x0000000000000059       0x5a build/stm32g4xx_it.o
 .comment       0x0000000000000059       0x5a build/stm32g4xx_hal_msp.o
 .comment       0x0000000000000059       0x5a build/stm32g4xx_hal_uart.o
 .comment       0x0000000000000059       0x5a build/stm32g4xx_hal_uart_ex.o
 .comment       0x0000000000000059       0x5a build/stm32g4xx_hal.o
 .comment       0x0000000000000059       0x5a build/stm32g4xx_hal_rcc.o
 .comment       0x0000000000000059       0x5a build/stm32g4xx_hal_rcc_ex.o
 .comment       0x0000000000000059       0x5a build/stm32g4xx_hal_gpio.o
 .comment       0x0000000000000059       0x5a build/stm32g4xx_hal_pwr_ex.o
 .comment       0x0000000000000059       0x5a build/stm32g4xx_hal_cortex.o
 .comment       0x0000000000000059       0x5a build/system_stm32g4xx.o
 .comment       0x0000000000000059       0x5a build/gpio.o
 .comment       0x0000000000000059       0x5a build/usart.o
 .comment       0x0000000000000059       0x4e /usr/lib/gcc/arm-none-eabi/9.2.1/../../../arm-none-eabi/lib/thumb/v7e-m+fp/hard/libc_nano.a(lib_a-init.o)
                                         0x4f (size before relaxing)
 .comment       0x00000000000000a7       0x4f /usr/lib/gcc/arm-none-eabi/9.2.1/../../../arm-none-eabi/lib/thumb/v7e-m+fp/hard/libc_nano.a(lib_a-memset.o)
 .comment       0x00000000000000a7       0x5a /usr/lib/gcc/arm-none-eabi/9.2.1/thumb/v7e-m+fp/hard/libgcc.a(_udivmoddi4.o)
 .comment       0x00000000000000a7       0x5a /usr/lib/gcc/arm-none-eabi/9.2.1/thumb/v7e-m+fp/hard/crtend.o

.debug_info     0x0000000000000000    0x12da8
 .debug_info    0x0000000000000000      0xd3a build/main.o
 .debug_info    0x0000000000000d3a      0x38d build/stm32g4xx_it.o
 .debug_info    0x00000000000010c7      0x5b6 build/stm32g4xx_hal_msp.o
 .debug_info    0x000000000000167d     0x65ac build/stm32g4xx_hal_uart.o
 .debug_info    0x0000000000007c29     0x14fd build/stm32g4xx_hal_uart_ex.o
 .debug_info    0x0000000000009126      0xe6d build/stm32g4xx_hal.o
 .debug_info    0x0000000000009f93     0x1170 build/stm32g4xx_hal_rcc.o
 .debug_info    0x000000000000b103     0x1232 build/stm32g4xx_hal_rcc_ex.o
 .debug_info    0x000000000000c335      0xb2a build/stm32g4xx_hal_gpio.o
 .debug_info    0x000000000000ce5f      0xd0f build/stm32g4xx_hal_pwr_ex.o
 .debug_info    0x000000000000db6e     0x1302 build/stm32g4xx_hal_cortex.o
 .debug_info    0x000000000000ee70      0x7ed build/system_stm32g4xx.o
 .debug_info    0x000000000000f65d      0x7a3 build/gpio.o
 .debug_info    0x000000000000fe00     0x1183 build/usart.o
 .debug_info    0x0000000000010f83       0x22 build/startup_stm32g431xx.o
 .debug_info    0x0000000000010fa5      0x11a /usr/lib/gcc/arm-none-eabi/9.2.1/../../../arm-none-eabi/lib/thumb/v7e-m+fp/hard/libc_nano.a(lib_a-init.o)
 .debug_info    0x00000000000110bf      0xf21 /usr/lib/gcc/arm-none-eabi/9.2.1/../../../arm-none-eabi/lib/thumb/v7e-m+fp/hard/libc_nano.a(lib_a-memset.o)
 .debug_info    0x0000000000011fe0       0x26 /usr/lib/gcc/arm-none-eabi/9.2.1/thumb/v7e-m+fp/hard/libgcc.a(_aeabi_uldivmod.o)
 .debug_info    0x0000000000012006      0xd7c /usr/lib/gcc/arm-none-eabi/9.2.1/thumb/v7e-m+fp/hard/libgcc.a(_udivmoddi4.o)
 .debug_info    0x0000000000012d82       0x26 /usr/lib/gcc/arm-none-eabi/9.2.1/thumb/v7e-m+fp/hard/libgcc.a(_dvmd_tls.o)

.debug_abbrev   0x0000000000000000     0x24b0
 .debug_abbrev  0x0000000000000000      0x22b build/main.o
 .debug_abbrev  0x000000000000022b      0x112 build/stm32g4xx_it.o
 .debug_abbrev  0x000000000000033d      0x154 build/stm32g4xx_hal_msp.o
 .debug_abbrev  0x0000000000000491      0x348 build/stm32g4xx_hal_uart.o
 .debug_abbrev  0x00000000000007d9      0x32e build/stm32g4xx_hal_uart_ex.o
 .debug_abbrev  0x0000000000000b07      0x27d build/stm32g4xx_hal.o
 .debug_abbrev  0x0000000000000d84      0x2ac build/stm32g4xx_hal_rcc.o
 .debug_abbrev  0x0000000000001030      0x28f build/stm32g4xx_hal_rcc_ex.o
 .debug_abbrev  0x00000000000012bf      0x24f build/stm32g4xx_hal_gpio.o
 .debug_abbrev  0x000000000000150e      0x277 build/stm32g4xx_hal_pwr_ex.o
 .debug_abbrev  0x0000000000001785      0x39f build/stm32g4xx_hal_cortex.o
 .debug_abbrev  0x0000000000001b24      0x16a build/system_stm32g4xx.o
 .debug_abbrev  0x0000000000001c8e      0x17e build/gpio.o
 .debug_abbrev  0x0000000000001e0c      0x203 build/usart.o
 .debug_abbrev  0x000000000000200f       0x12 build/startup_stm32g431xx.o
 .debug_abbrev  0x0000000000002021       0xcc /usr/lib/gcc/arm-none-eabi/9.2.1/../../../arm-none-eabi/lib/thumb/v7e-m+fp/hard/libc_nano.a(lib_a-init.o)
 .debug_abbrev  0x00000000000020ed      0x1d9 /usr/lib/gcc/arm-none-eabi/9.2.1/../../../arm-none-eabi/lib/thumb/v7e-m+fp/hard/libc_nano.a(lib_a-memset.o)
 .debug_abbrev  0x00000000000022c6       0x14 /usr/lib/gcc/arm-none-eabi/9.2.1/thumb/v7e-m+fp/hard/libgcc.a(_aeabi_uldivmod.o)
 .debug_abbrev  0x00000000000022da      0x1c2 /usr/lib/gcc/arm-none-eabi/9.2.1/thumb/v7e-m+fp/hard/libgcc.a(_udivmoddi4.o)
 .debug_abbrev  0x000000000000249c       0x14 /usr/lib/gcc/arm-none-eabi/9.2.1/thumb/v7e-m+fp/hard/libgcc.a(_dvmd_tls.o)

.debug_loc      0x0000000000000000     0xba78
 .debug_loc     0x0000000000000000       0x66 build/main.o
 .debug_loc     0x0000000000000066       0x20 build/stm32g4xx_it.o
 .debug_loc     0x0000000000000086       0x38 build/stm32g4xx_hal_msp.o
 .debug_loc     0x00000000000000be     0x6217 build/stm32g4xx_hal_uart.o
 .debug_loc     0x00000000000062d5      0xe2c build/stm32g4xx_hal_uart_ex.o
 .debug_loc     0x0000000000007101      0x2af build/stm32g4xx_hal.o
 .debug_loc     0x00000000000073b0      0x9b8 build/stm32g4xx_hal_rcc.o
 .debug_loc     0x0000000000007d68     0x12f1 build/stm32g4xx_hal_rcc_ex.o
 .debug_loc     0x0000000000009059      0x3f4 build/stm32g4xx_hal_gpio.o
 .debug_loc     0x000000000000944d      0xa26 build/stm32g4xx_hal_pwr_ex.o
 .debug_loc     0x0000000000009e73      0x7c6 build/stm32g4xx_hal_cortex.o
 .debug_loc     0x000000000000a639       0x90 build/system_stm32g4xx.o
 .debug_loc     0x000000000000a6c9       0x38 build/gpio.o
 .debug_loc     0x000000000000a701       0xea build/usart.o
 .debug_loc     0x000000000000a7eb       0xba /usr/lib/gcc/arm-none-eabi/9.2.1/../../../arm-none-eabi/lib/thumb/v7e-m+fp/hard/libc_nano.a(lib_a-init.o)
 .debug_loc     0x000000000000a8a5      0x231 /usr/lib/gcc/arm-none-eabi/9.2.1/../../../arm-none-eabi/lib/thumb/v7e-m+fp/hard/libc_nano.a(lib_a-memset.o)
 .debug_loc     0x000000000000aad6      0xfa2 /usr/lib/gcc/arm-none-eabi/9.2.1/thumb/v7e-m+fp/hard/libgcc.a(_udivmoddi4.o)

.debug_aranges  0x0000000000000000      0x990
 .debug_aranges
                0x0000000000000000       0x30 build/main.o
 .debug_aranges
                0x0000000000000030       0x60 build/stm32g4xx_it.o
 .debug_aranges
                0x0000000000000090       0x20 build/stm32g4xx_hal_msp.o
 .debug_aranges
                0x00000000000000b0      0x248 build/stm32g4xx_hal_uart.o
 .debug_aranges
                0x00000000000002f8       0xa0 build/stm32g4xx_hal_uart_ex.o
 .debug_aranges
                0x0000000000000398      0x130 build/stm32g4xx_hal.o
 .debug_aranges
                0x00000000000004c8       0x98 build/stm32g4xx_hal_rcc.o
 .debug_aranges
                0x0000000000000560       0xb0 build/stm32g4xx_hal_rcc_ex.o
 .debug_aranges
                0x0000000000000610       0x58 build/stm32g4xx_hal_gpio.o
 .debug_aranges
                0x0000000000000668      0x140 build/stm32g4xx_hal_pwr_ex.o
 .debug_aranges
                0x00000000000007a8       0xa8 build/stm32g4xx_hal_cortex.o
 .debug_aranges
                0x0000000000000850       0x28 build/system_stm32g4xx.o
 .debug_aranges
                0x0000000000000878       0x20 build/gpio.o
 .debug_aranges
                0x0000000000000898       0x30 build/usart.o
 .debug_aranges
                0x00000000000008c8       0x28 build/startup_stm32g431xx.o
 .debug_aranges
                0x00000000000008f0       0x20 /usr/lib/gcc/arm-none-eabi/9.2.1/../../../arm-none-eabi/lib/thumb/v7e-m+fp/hard/libc_nano.a(lib_a-init.o)
 .debug_aranges
                0x0000000000000910       0x20 /usr/lib/gcc/arm-none-eabi/9.2.1/../../../arm-none-eabi/lib/thumb/v7e-m+fp/hard/libc_nano.a(lib_a-memset.o)
 .debug_aranges
                0x0000000000000930       0x20 /usr/lib/gcc/arm-none-eabi/9.2.1/thumb/v7e-m+fp/hard/libgcc.a(_aeabi_uldivmod.o)
 .debug_aranges
                0x0000000000000950       0x20 /usr/lib/gcc/arm-none-eabi/9.2.1/thumb/v7e-m+fp/hard/libgcc.a(_udivmoddi4.o)
 .debug_aranges
                0x0000000000000970       0x20 /usr/lib/gcc/arm-none-eabi/9.2.1/thumb/v7e-m+fp/hard/libgcc.a(_dvmd_tls.o)

.debug_ranges   0x0000000000000000      0x960
 .debug_ranges  0x0000000000000000       0x20 build/main.o
 .debug_ranges  0x0000000000000020       0x50 build/stm32g4xx_it.o
 .debug_ranges  0x0000000000000070       0x10 build/stm32g4xx_hal_msp.o
 .debug_ranges  0x0000000000000080      0x238 build/stm32g4xx_hal_uart.o
 .debug_ranges  0x00000000000002b8       0x90 build/stm32g4xx_hal_uart_ex.o
 .debug_ranges  0x0000000000000348      0x120 build/stm32g4xx_hal.o
 .debug_ranges  0x0000000000000468       0xa0 build/stm32g4xx_hal_rcc.o
 .debug_ranges  0x0000000000000508       0xb8 build/stm32g4xx_hal_rcc_ex.o
 .debug_ranges  0x00000000000005c0       0x48 build/stm32g4xx_hal_gpio.o
 .debug_ranges  0x0000000000000608      0x130 build/stm32g4xx_hal_pwr_ex.o
 .debug_ranges  0x0000000000000738       0xf8 build/stm32g4xx_hal_cortex.o
 .debug_ranges  0x0000000000000830       0x18 build/system_stm32g4xx.o
 .debug_ranges  0x0000000000000848       0x10 build/gpio.o
 .debug_ranges  0x0000000000000858       0x20 build/usart.o
 .debug_ranges  0x0000000000000878       0x20 build/startup_stm32g431xx.o
 .debug_ranges  0x0000000000000898       0xc8 /usr/lib/gcc/arm-none-eabi/9.2.1/thumb/v7e-m+fp/hard/libgcc.a(_udivmoddi4.o)

.debug_line     0x0000000000000000     0xc48b
 .debug_line    0x0000000000000000      0x2f6 build/main.o
 .debug_line    0x00000000000002f6      0x258 build/stm32g4xx_it.o
 .debug_line    0x000000000000054e      0x1a1 build/stm32g4xx_hal_msp.o
 .debug_line    0x00000000000006ef     0x62e1 build/stm32g4xx_hal_uart.o
 .debug_line    0x00000000000069d0      0xca9 build/stm32g4xx_hal_uart_ex.o
 .debug_line    0x0000000000007679      0x625 build/stm32g4xx_hal.o
 .debug_line    0x0000000000007c9e      0xdab build/stm32g4xx_hal_rcc.o
 .debug_line    0x0000000000008a49     0x1038 build/stm32g4xx_hal_rcc_ex.o
 .debug_line    0x0000000000009a81      0x67d build/stm32g4xx_hal_gpio.o
 .debug_line    0x000000000000a0fe      0xa26 build/stm32g4xx_hal_pwr_ex.o
 .debug_line    0x000000000000ab24      0x746 build/stm32g4xx_hal_cortex.o
 .debug_line    0x000000000000b26a      0x22f build/system_stm32g4xx.o
 .debug_line    0x000000000000b499      0x1e0 build/gpio.o
 .debug_line    0x000000000000b679      0x349 build/usart.o
 .debug_line    0x000000000000b9c2       0x77 build/startup_stm32g431xx.o
 .debug_line    0x000000000000ba39      0x10d /usr/lib/gcc/arm-none-eabi/9.2.1/../../../arm-none-eabi/lib/thumb/v7e-m+fp/hard/libc_nano.a(lib_a-init.o)
 .debug_line    0x000000000000bb46      0x26b /usr/lib/gcc/arm-none-eabi/9.2.1/../../../arm-none-eabi/lib/thumb/v7e-m+fp/hard/libc_nano.a(lib_a-memset.o)
 .debug_line    0x000000000000bdb1       0x60 /usr/lib/gcc/arm-none-eabi/9.2.1/thumb/v7e-m+fp/hard/libgcc.a(_aeabi_uldivmod.o)
 .debug_line    0x000000000000be11      0x61a /usr/lib/gcc/arm-none-eabi/9.2.1/thumb/v7e-m+fp/hard/libgcc.a(_udivmoddi4.o)
 .debug_line    0x000000000000c42b       0x60 /usr/lib/gcc/arm-none-eabi/9.2.1/thumb/v7e-m+fp/hard/libgcc.a(_dvmd_tls.o)

.debug_str      0x0000000000000000     0x4def
 .debug_str     0x0000000000000000      0x9f7 build/main.o
                                        0xaa7 (size before relaxing)
 .debug_str     0x00000000000009f7       0xb4 build/stm32g4xx_it.o
                                        0x45b (size before relaxing)
 .debug_str     0x0000000000000aab      0x19e build/stm32g4xx_hal_msp.o
                                        0x54a (size before relaxing)
 .debug_str     0x0000000000000c49      0x956 build/stm32g4xx_hal_uart.o
                                       0x138e (size before relaxing)
 .debug_str     0x000000000000159f      0x28c build/stm32g4xx_hal_uart_ex.o
                                        0xcc8 (size before relaxing)
 .debug_str     0x000000000000182b      0x897 build/stm32g4xx_hal.o
                                        0xe25 (size before relaxing)
 .debug_str     0x00000000000020c2      0x2fd build/stm32g4xx_hal_rcc.o
                                        0xa02 (size before relaxing)
 .debug_str     0x00000000000023bf      0x559 build/stm32g4xx_hal_rcc_ex.o
                                        0xc1e (size before relaxing)
 .debug_str     0x0000000000002918      0x113 build/stm32g4xx_hal_gpio.o
                                        0x748 (size before relaxing)
 .debug_str     0x0000000000002a2b      0x4d3 build/stm32g4xx_hal_pwr_ex.o
                                        0x9dc (size before relaxing)
 .debug_str     0x0000000000002efe      0x441 build/stm32g4xx_hal_cortex.o
                                        0xd82 (size before relaxing)
 .debug_str     0x000000000000333f       0x3d build/system_stm32g4xx.o
                                        0x5a5 (size before relaxing)
 .debug_str     0x000000000000337c       0x10 build/gpio.o
                                        0x5c6 (size before relaxing)
 .debug_str     0x000000000000338c       0x1c build/usart.o
                                        0xd0b (size before relaxing)
 .debug_str     0x00000000000033a8       0x22 build/startup_stm32g431xx.o
                                         0x56 (size before relaxing)
 .debug_str     0x00000000000033ca      0x18e /usr/lib/gcc/arm-none-eabi/9.2.1/../../../arm-none-eabi/lib/thumb/v7e-m+fp/hard/libc_nano.a(lib_a-init.o)
                                        0x229 (size before relaxing)
 .debug_str     0x0000000000003558      0x6ef /usr/lib/gcc/arm-none-eabi/9.2.1/../../../arm-none-eabi/lib/thumb/v7e-m+fp/hard/libc_nano.a(lib_a-memset.o)
                                        0x90f (size before relaxing)
 .debug_str     0x0000000000003c47       0x97 /usr/lib/gcc/arm-none-eabi/9.2.1/thumb/v7e-m+fp/hard/libgcc.a(_aeabi_uldivmod.o)
                                         0xa3 (size before relaxing)
 .debug_str     0x0000000000003cde     0x10e1 /usr/lib/gcc/arm-none-eabi/9.2.1/thumb/v7e-m+fp/hard/libgcc.a(_udivmoddi4.o)
                                       0x11e6 (size before relaxing)
 .debug_str     0x0000000000004dbf       0x30 /usr/lib/gcc/arm-none-eabi/9.2.1/thumb/v7e-m+fp/hard/libgcc.a(_dvmd_tls.o)
                                         0xa7 (size before relaxing)

.debug_frame    0x0000000000000000     0x1540
 .debug_frame   0x0000000000000000       0x58 build/main.o
 .debug_frame   0x0000000000000058       0xa8 build/stm32g4xx_it.o
 .debug_frame   0x0000000000000100       0x2c build/stm32g4xx_hal_msp.o
 .debug_frame   0x000000000000012c      0x680 build/stm32g4xx_hal_uart.o
 .debug_frame   0x00000000000007ac      0x1c8 build/stm32g4xx_hal_uart_ex.o
 .debug_frame   0x0000000000000974      0x274 build/stm32g4xx_hal.o
 .debug_frame   0x0000000000000be8      0x198 build/stm32g4xx_hal_rcc.o
 .debug_frame   0x0000000000000d80      0x1a0 build/stm32g4xx_hal_rcc_ex.o
 .debug_frame   0x0000000000000f20       0xd8 build/stm32g4xx_hal_gpio.o
 .debug_frame   0x0000000000000ff8      0x268 build/stm32g4xx_hal_pwr_ex.o
 .debug_frame   0x0000000000001260      0x15c build/stm32g4xx_hal_cortex.o
 .debug_frame   0x00000000000013bc       0x30 build/system_stm32g4xx.o
 .debug_frame   0x00000000000013ec       0x30 build/gpio.o
 .debug_frame   0x000000000000141c       0x60 build/usart.o
 .debug_frame   0x000000000000147c       0x2c /usr/lib/gcc/arm-none-eabi/9.2.1/../../../arm-none-eabi/lib/thumb/v7e-m+fp/hard/libc_nano.a(lib_a-init.o)
 .debug_frame   0x00000000000014a8       0x38 /usr/lib/gcc/arm-none-eabi/9.2.1/../../../arm-none-eabi/lib/thumb/v7e-m+fp/hard/libc_nano.a(lib_a-memset.o)
 .debug_frame   0x00000000000014e0       0x2c /usr/lib/gcc/arm-none-eabi/9.2.1/thumb/v7e-m+fp/hard/libgcc.a(_aeabi_uldivmod.o)
 .debug_frame   0x000000000000150c       0x34 /usr/lib/gcc/arm-none-eabi/9.2.1/thumb/v7e-m+fp/hard/libgcc.a(_udivmoddi4.o)

Cross Reference Table

Symbol                                            File
ADC1_2_IRQHandler                                 build/startup_stm32g431xx.o
AHBPrescTable                                     build/system_stm32g4xx.o
                                                  build/stm32g4xx_hal_rcc.o
APBPrescTable                                     build/system_stm32g4xx.o
                                                  build/stm32g4xx_hal_rcc.o
BusFault_Handler                                  build/stm32g4xx_it.o
COMP1_2_3_IRQHandler                              build/startup_stm32g431xx.o
COMP4_IRQHandler                                  build/startup_stm32g431xx.o
CORDIC_IRQHandler                                 build/startup_stm32g431xx.o
CRS_IRQHandler                                    build/startup_stm32g431xx.o
DMA1_Channel1_IRQHandler                          build/startup_stm32g431xx.o
DMA1_Channel2_IRQHandler                          build/startup_stm32g431xx.o
DMA1_Channel3_IRQHandler                          build/startup_stm32g431xx.o
DMA1_Channel4_IRQHandler                          build/startup_stm32g431xx.o
DMA1_Channel5_IRQHandler                          build/startup_stm32g431xx.o
DMA1_Channel6_IRQHandler                          build/startup_stm32g431xx.o
DMA2_Channel1_IRQHandler                          build/startup_stm32g431xx.o
DMA2_Channel2_IRQHandler                          build/startup_stm32g431xx.o
DMA2_Channel3_IRQHandler                          build/startup_stm32g431xx.o
DMA2_Channel4_IRQHandler                          build/startup_stm32g431xx.o
DMA2_Channel5_IRQHandler                          build/startup_stm32g431xx.o
DMA2_Channel6_IRQHandler                          build/startup_stm32g431xx.o
DMAMUX_OVR_IRQHandler                             build/startup_stm32g431xx.o
DebugMon_Handler                                  build/stm32g4xx_it.o
Default_Handler                                   build/startup_stm32g431xx.o
EXTI0_IRQHandler                                  build/startup_stm32g431xx.o
EXTI15_10_IRQHandler                              build/startup_stm32g431xx.o
EXTI1_IRQHandler                                  build/startup_stm32g431xx.o
EXTI2_IRQHandler                                  build/startup_stm32g431xx.o
EXTI3_IRQHandler                                  build/startup_stm32g431xx.o
EXTI4_IRQHandler                                  build/startup_stm32g431xx.o
EXTI9_5_IRQHandler                                build/startup_stm32g431xx.o
Error_Handler                                     build/main.o
                                                  build/usart.o
FDCAN1_IT0_IRQHandler                             build/startup_stm32g431xx.o
FDCAN1_IT1_IRQHandler                             build/startup_stm32g431xx.o
FLASH_FlushCaches                                 build/stm32g4xx_hal_flash_ex.o
                                                  build/stm32g4xx_hal_flash.o
FLASH_IRQHandler                                  build/startup_stm32g431xx.o
FLASH_PageErase                                   build/stm32g4xx_hal_flash_ex.o
                                                  build/stm32g4xx_hal_flash.o
FLASH_WaitForLastOperation                        build/stm32g4xx_hal_flash.o
                                                  build/stm32g4xx_hal_flash_ex.o
FMAC_IRQHandler                                   build/startup_stm32g431xx.o
FPU_IRQHandler                                    build/startup_stm32g431xx.o
HAL_DBGMCU_DisableDBGSleepMode                    build/stm32g4xx_hal.o
HAL_DBGMCU_DisableDBGStandbyMode                  build/stm32g4xx_hal.o
HAL_DBGMCU_DisableDBGStopMode                     build/stm32g4xx_hal.o
HAL_DBGMCU_EnableDBGSleepMode                     build/stm32g4xx_hal.o
HAL_DBGMCU_EnableDBGStandbyMode                   build/stm32g4xx_hal.o
HAL_DBGMCU_EnableDBGStopMode                      build/stm32g4xx_hal.o
HAL_DMAEx_ConfigMuxRequestGenerator               build/stm32g4xx_hal_dma_ex.o
HAL_DMAEx_ConfigMuxSync                           build/stm32g4xx_hal_dma_ex.o
HAL_DMAEx_DisableMuxRequestGenerator              build/stm32g4xx_hal_dma_ex.o
HAL_DMAEx_EnableMuxRequestGenerator               build/stm32g4xx_hal_dma_ex.o
HAL_DMAEx_MUX_IRQHandler                          build/stm32g4xx_hal_dma_ex.o
HAL_DMA_Abort                                     build/stm32g4xx_hal_dma.o
                                                  build/stm32g4xx_hal_uart.o
HAL_DMA_Abort_IT                                  build/stm32g4xx_hal_dma.o
                                                  build/stm32g4xx_hal_uart.o
HAL_DMA_DeInit                                    build/stm32g4xx_hal_dma.o
HAL_DMA_GetError                                  build/stm32g4xx_hal_dma.o
                                                  build/stm32g4xx_hal_uart.o
HAL_DMA_GetState                                  build/stm32g4xx_hal_dma.o
HAL_DMA_IRQHandler                                build/stm32g4xx_hal_dma.o
HAL_DMA_Init                                      build/stm32g4xx_hal_dma.o
HAL_DMA_PollForTransfer                           build/stm32g4xx_hal_dma.o
HAL_DMA_RegisterCallback                          build/stm32g4xx_hal_dma.o
HAL_DMA_Start                                     build/stm32g4xx_hal_dma.o
HAL_DMA_Start_IT                                  build/stm32g4xx_hal_dma.o
                                                  build/stm32g4xx_hal_uart.o
HAL_DMA_UnRegisterCallback                        build/stm32g4xx_hal_dma.o
HAL_DeInit                                        build/stm32g4xx_hal.o
HAL_Delay                                         build/stm32g4xx_hal.o
HAL_EXTI_ClearConfigLine                          build/stm32g4xx_hal_exti.o
HAL_EXTI_ClearPending                             build/stm32g4xx_hal_exti.o
HAL_EXTI_GenerateSWI                              build/stm32g4xx_hal_exti.o
HAL_EXTI_GetConfigLine                            build/stm32g4xx_hal_exti.o
HAL_EXTI_GetHandle                                build/stm32g4xx_hal_exti.o
HAL_EXTI_GetPending                               build/stm32g4xx_hal_exti.o
HAL_EXTI_IRQHandler                               build/stm32g4xx_hal_exti.o
HAL_EXTI_RegisterCallback                         build/stm32g4xx_hal_exti.o
HAL_EXTI_SetConfigLine                            build/stm32g4xx_hal_exti.o
HAL_FLASHEx_DisableDebugger                       build/stm32g4xx_hal_flash_ex.o
HAL_FLASHEx_DisableRunPowerDown                   build/stm32g4xx_hal_flash_ramfunc.o
HAL_FLASHEx_EnableDebugger                        build/stm32g4xx_hal_flash_ex.o
HAL_FLASHEx_EnableRunPowerDown                    build/stm32g4xx_hal_flash_ramfunc.o
HAL_FLASHEx_EnableSecMemProtection                build/stm32g4xx_hal_flash_ex.o
HAL_FLASHEx_Erase                                 build/stm32g4xx_hal_flash_ex.o
HAL_FLASHEx_Erase_IT                              build/stm32g4xx_hal_flash_ex.o
HAL_FLASHEx_OBGetConfig                           build/stm32g4xx_hal_flash_ex.o
HAL_FLASHEx_OBProgram                             build/stm32g4xx_hal_flash_ex.o
HAL_FLASH_EndOfOperationCallback                  build/stm32g4xx_hal_flash.o
HAL_FLASH_GetError                                build/stm32g4xx_hal_flash.o
HAL_FLASH_IRQHandler                              build/stm32g4xx_hal_flash.o
HAL_FLASH_Lock                                    build/stm32g4xx_hal_flash.o
HAL_FLASH_OB_Launch                               build/stm32g4xx_hal_flash.o
HAL_FLASH_OB_Lock                                 build/stm32g4xx_hal_flash.o
HAL_FLASH_OB_Unlock                               build/stm32g4xx_hal_flash.o
HAL_FLASH_OperationErrorCallback                  build/stm32g4xx_hal_flash.o
HAL_FLASH_Program                                 build/stm32g4xx_hal_flash.o
HAL_FLASH_Program_IT                              build/stm32g4xx_hal_flash.o
HAL_FLASH_Unlock                                  build/stm32g4xx_hal_flash.o
HAL_GPIO_DeInit                                   build/stm32g4xx_hal_gpio.o
                                                  build/usart.o
HAL_GPIO_EXTI_Callback                            build/stm32g4xx_hal_gpio.o
HAL_GPIO_EXTI_IRQHandler                          build/stm32g4xx_hal_gpio.o
HAL_GPIO_Init                                     build/stm32g4xx_hal_gpio.o
                                                  build/usart.o
                                                  build/gpio.o
                                                  build/stm32g4xx_hal_rcc_ex.o
                                                  build/stm32g4xx_hal_rcc.o
HAL_GPIO_LockPin                                  build/stm32g4xx_hal_gpio.o
HAL_GPIO_ReadPin                                  build/stm32g4xx_hal_gpio.o
HAL_GPIO_TogglePin                                build/stm32g4xx_hal_gpio.o
HAL_GPIO_WritePin                                 build/stm32g4xx_hal_gpio.o
                                                  build/gpio.o
HAL_GetDEVID                                      build/stm32g4xx_hal.o
HAL_GetHalVersion                                 build/stm32g4xx_hal.o
HAL_GetREVID                                      build/stm32g4xx_hal.o
HAL_GetTick                                       build/stm32g4xx_hal.o
                                                  build/stm32g4xx_hal_dma.o
                                                  build/stm32g4xx_hal_flash.o
                                                  build/stm32g4xx_hal_rcc_ex.o
                                                  build/stm32g4xx_hal_rcc.o
                                                  build/stm32g4xx_hal_uart_ex.o
                                                  build/stm32g4xx_hal_uart.o
HAL_GetTickFreq                                   build/stm32g4xx_hal.o
HAL_GetTickPrio                                   build/stm32g4xx_hal.o
HAL_HalfDuplex_EnableReceiver                     build/stm32g4xx_hal_uart.o
HAL_HalfDuplex_EnableTransmitter                  build/stm32g4xx_hal_uart.o
HAL_HalfDuplex_Init                               build/stm32g4xx_hal_uart.o
HAL_IncTick                                       build/stm32g4xx_hal.o
                                                  build/stm32g4xx_it.o
HAL_Init                                          build/stm32g4xx_hal.o
                                                  build/main.o
HAL_InitTick                                      build/stm32g4xx_hal.o
                                                  build/stm32g4xx_hal_rcc.o
HAL_LIN_Init                                      build/stm32g4xx_hal_uart.o
HAL_LIN_SendBreak                                 build/stm32g4xx_hal_uart.o
HAL_MPU_ConfigRegion                              build/stm32g4xx_hal_cortex.o
HAL_MPU_Disable                                   build/stm32g4xx_hal_cortex.o
HAL_MPU_Enable                                    build/stm32g4xx_hal_cortex.o
HAL_MspDeInit                                     build/stm32g4xx_hal.o
HAL_MspInit                                       build/stm32g4xx_hal_msp.o
HAL_MultiProcessorEx_AddressLength_Set            build/stm32g4xx_hal_uart_ex.o
HAL_MultiProcessor_DisableMuteMode                build/stm32g4xx_hal_uart.o
HAL_MultiProcessor_EnableMuteMode                 build/stm32g4xx_hal_uart.o
HAL_MultiProcessor_EnterMuteMode                  build/stm32g4xx_hal_uart.o
HAL_MultiProcessor_Init                           build/stm32g4xx_hal_uart.o
HAL_NVIC_ClearPendingIRQ                          build/stm32g4xx_hal_cortex.o
HAL_NVIC_DisableIRQ                               build/stm32g4xx_hal_cortex.o
HAL_NVIC_EnableIRQ                                build/stm32g4xx_hal_cortex.o
HAL_NVIC_GetActive                                build/stm32g4xx_hal_cortex.o
HAL_NVIC_GetPendingIRQ                            build/stm32g4xx_hal_cortex.o
HAL_NVIC_GetPriority                              build/stm32g4xx_hal_cortex.o
HAL_NVIC_GetPriorityGrouping                      build/stm32g4xx_hal_cortex.o
HAL_NVIC_SetPendingIRQ                            build/stm32g4xx_hal_cortex.o
HAL_NVIC_SetPriority                              build/stm32g4xx_hal_cortex.o
                                                  build/stm32g4xx_hal.o
HAL_NVIC_SetPriorityGrouping                      build/stm32g4xx_hal_cortex.o
                                                  build/stm32g4xx_hal.o
HAL_NVIC_SystemReset                              build/stm32g4xx_hal_cortex.o
HAL_PWREx_ConfigPVM                               build/stm32g4xx_hal_pwr_ex.o
HAL_PWREx_ControlVoltageScaling                   build/stm32g4xx_hal_pwr_ex.o
                                                  build/main.o
HAL_PWREx_DisableBatteryCharging                  build/stm32g4xx_hal_pwr_ex.o
HAL_PWREx_DisableGPIOPullDown                     build/stm32g4xx_hal_pwr_ex.o
HAL_PWREx_DisableGPIOPullUp                       build/stm32g4xx_hal_pwr_ex.o
HAL_PWREx_DisableInternalWakeUpLine               build/stm32g4xx_hal_pwr_ex.o
HAL_PWREx_DisableLowPowerRunMode                  build/stm32g4xx_hal_pwr_ex.o
                                                  build/stm32g4xx_hal_pwr.o
HAL_PWREx_DisablePVM1                             build/stm32g4xx_hal_pwr_ex.o
HAL_PWREx_DisablePVM2                             build/stm32g4xx_hal_pwr_ex.o
HAL_PWREx_DisablePVM3                             build/stm32g4xx_hal_pwr_ex.o
HAL_PWREx_DisablePVM4                             build/stm32g4xx_hal_pwr_ex.o
HAL_PWREx_DisablePullUpPullDownConfig             build/stm32g4xx_hal_pwr_ex.o
HAL_PWREx_DisableSRAM2ContentRetention            build/stm32g4xx_hal_pwr_ex.o
HAL_PWREx_DisableUCPDDeadBattery                  build/stm32g4xx_hal_pwr_ex.o
                                                  build/stm32g4xx_hal_msp.o
HAL_PWREx_DisableUCPDStandbyMode                  build/stm32g4xx_hal_pwr_ex.o
HAL_PWREx_EnableBatteryCharging                   build/stm32g4xx_hal_pwr_ex.o
HAL_PWREx_EnableGPIOPullDown                      build/stm32g4xx_hal_pwr_ex.o
HAL_PWREx_EnableGPIOPullUp                        build/stm32g4xx_hal_pwr_ex.o
HAL_PWREx_EnableInternalWakeUpLine                build/stm32g4xx_hal_pwr_ex.o
HAL_PWREx_EnableLowPowerRunMode                   build/stm32g4xx_hal_pwr_ex.o
                                                  build/stm32g4xx_hal_pwr.o
HAL_PWREx_EnablePVM1                              build/stm32g4xx_hal_pwr_ex.o
HAL_PWREx_EnablePVM2                              build/stm32g4xx_hal_pwr_ex.o
HAL_PWREx_EnablePVM3                              build/stm32g4xx_hal_pwr_ex.o
HAL_PWREx_EnablePVM4                              build/stm32g4xx_hal_pwr_ex.o
HAL_PWREx_EnablePullUpPullDownConfig              build/stm32g4xx_hal_pwr_ex.o
HAL_PWREx_EnableSRAM2ContentRetention             build/stm32g4xx_hal_pwr_ex.o
HAL_PWREx_EnableUCPDDeadBattery                   build/stm32g4xx_hal_pwr_ex.o
HAL_PWREx_EnableUCPDStandbyMode                   build/stm32g4xx_hal_pwr_ex.o
HAL_PWREx_EnterSHUTDOWNMode                       build/stm32g4xx_hal_pwr_ex.o
HAL_PWREx_EnterSTOP0Mode                          build/stm32g4xx_hal_pwr_ex.o
                                                  build/stm32g4xx_hal_pwr.o
HAL_PWREx_EnterSTOP1Mode                          build/stm32g4xx_hal_pwr_ex.o
                                                  build/stm32g4xx_hal_pwr.o
HAL_PWREx_GetVoltageRange                         build/stm32g4xx_hal_pwr_ex.o
HAL_PWREx_PVD_PVM_IRQHandler                      build/stm32g4xx_hal_pwr_ex.o
HAL_PWREx_PVM1Callback                            build/stm32g4xx_hal_pwr_ex.o
HAL_PWREx_PVM2Callback                            build/stm32g4xx_hal_pwr_ex.o
HAL_PWREx_PVM3Callback                            build/stm32g4xx_hal_pwr_ex.o
HAL_PWREx_PVM4Callback                            build/stm32g4xx_hal_pwr_ex.o
HAL_PWR_ConfigPVD                                 build/stm32g4xx_hal_pwr.o
HAL_PWR_DeInit                                    build/stm32g4xx_hal_pwr.o
HAL_PWR_DisableBkUpAccess                         build/stm32g4xx_hal_pwr.o
                                                  build/stm32g4xx_hal_rcc_ex.o
HAL_PWR_DisablePVD                                build/stm32g4xx_hal_pwr.o
HAL_PWR_DisableSEVOnPend                          build/stm32g4xx_hal_pwr.o
HAL_PWR_DisableSleepOnExit                        build/stm32g4xx_hal_pwr.o
HAL_PWR_DisableWakeUpPin                          build/stm32g4xx_hal_pwr.o
HAL_PWR_EnableBkUpAccess                          build/stm32g4xx_hal_pwr.o
                                                  build/stm32g4xx_hal_rcc_ex.o
HAL_PWR_EnablePVD                                 build/stm32g4xx_hal_pwr.o
HAL_PWR_EnableSEVOnPend                           build/stm32g4xx_hal_pwr.o
HAL_PWR_EnableSleepOnExit                         build/stm32g4xx_hal_pwr.o
HAL_PWR_EnableWakeUpPin                           build/stm32g4xx_hal_pwr.o
HAL_PWR_EnterSLEEPMode                            build/stm32g4xx_hal_pwr.o
HAL_PWR_EnterSTANDBYMode                          build/stm32g4xx_hal_pwr.o
HAL_PWR_EnterSTOPMode                             build/stm32g4xx_hal_pwr.o
HAL_PWR_PVDCallback                               build/stm32g4xx_hal_pwr.o
                                                  build/stm32g4xx_hal_pwr_ex.o
HAL_RCCEx_CRSConfig                               build/stm32g4xx_hal_rcc_ex.o
HAL_RCCEx_CRSGetSynchronizationInfo               build/stm32g4xx_hal_rcc_ex.o
HAL_RCCEx_CRSSoftwareSynchronizationGenerate      build/stm32g4xx_hal_rcc_ex.o
HAL_RCCEx_CRSWaitSynchronization                  build/stm32g4xx_hal_rcc_ex.o
HAL_RCCEx_CRS_ErrorCallback                       build/stm32g4xx_hal_rcc_ex.o
HAL_RCCEx_CRS_ExpectedSyncCallback                build/stm32g4xx_hal_rcc_ex.o
HAL_RCCEx_CRS_IRQHandler                          build/stm32g4xx_hal_rcc_ex.o
HAL_RCCEx_CRS_SyncOkCallback                      build/stm32g4xx_hal_rcc_ex.o
HAL_RCCEx_CRS_SyncWarnCallback                    build/stm32g4xx_hal_rcc_ex.o
HAL_RCCEx_DisableLSCO                             build/stm32g4xx_hal_rcc_ex.o
HAL_RCCEx_DisableLSECSS                           build/stm32g4xx_hal_rcc_ex.o
HAL_RCCEx_EnableLSCO                              build/stm32g4xx_hal_rcc_ex.o
HAL_RCCEx_EnableLSECSS                            build/stm32g4xx_hal_rcc_ex.o
HAL_RCCEx_EnableLSECSS_IT                         build/stm32g4xx_hal_rcc_ex.o
HAL_RCCEx_GetPeriphCLKConfig                      build/stm32g4xx_hal_rcc_ex.o
HAL_RCCEx_GetPeriphCLKFreq                        build/stm32g4xx_hal_rcc_ex.o
HAL_RCCEx_LSECSS_Callback                         build/stm32g4xx_hal_rcc_ex.o
HAL_RCCEx_LSECSS_IRQHandler                       build/stm32g4xx_hal_rcc_ex.o
HAL_RCCEx_PeriphCLKConfig                         build/stm32g4xx_hal_rcc_ex.o
                                                  build/usart.o
HAL_RCC_CSSCallback                               build/stm32g4xx_hal_rcc.o
HAL_RCC_ClockConfig                               build/stm32g4xx_hal_rcc.o
                                                  build/main.o
HAL_RCC_DeInit                                    build/stm32g4xx_hal_rcc.o
HAL_RCC_DisableLSECSS                             build/stm32g4xx_hal_rcc.o
HAL_RCC_EnableCSS                                 build/stm32g4xx_hal_rcc.o
HAL_RCC_EnableLSECSS                              build/stm32g4xx_hal_rcc.o
HAL_RCC_GetClockConfig                            build/stm32g4xx_hal_rcc.o
HAL_RCC_GetHCLKFreq                               build/stm32g4xx_hal_rcc.o
HAL_RCC_GetOscConfig                              build/stm32g4xx_hal_rcc.o
HAL_RCC_GetPCLK1Freq                              build/stm32g4xx_hal_rcc.o
                                                  build/stm32g4xx_hal_rcc_ex.o
                                                  build/stm32g4xx_hal_uart.o
HAL_RCC_GetPCLK2Freq                              build/stm32g4xx_hal_rcc.o
                                                  build/stm32g4xx_hal_rcc_ex.o
                                                  build/stm32g4xx_hal_uart.o
HAL_RCC_GetSysClockFreq                           build/stm32g4xx_hal_rcc.o
                                                  build/stm32g4xx_hal_rcc_ex.o
                                                  build/stm32g4xx_hal_uart.o
HAL_RCC_MCOConfig                                 build/stm32g4xx_hal_rcc.o
HAL_RCC_NMI_IRQHandler                            build/stm32g4xx_hal_rcc.o
HAL_RCC_OscConfig                                 build/stm32g4xx_hal_rcc.o
                                                  build/main.o
HAL_RS485Ex_Init                                  build/stm32g4xx_hal_uart_ex.o
HAL_ResumeTick                                    build/stm32g4xx_hal.o
HAL_SYSCFG_CCMSRAMErase                           build/stm32g4xx_hal.o
HAL_SYSCFG_CCMSRAM_WriteProtectionEnable          build/stm32g4xx_hal.o
HAL_SYSCFG_DisableIOSwitchBooster                 build/stm32g4xx_hal.o
HAL_SYSCFG_DisableIOSwitchVDD                     build/stm32g4xx_hal.o
HAL_SYSCFG_DisableMemorySwappingBank              build/stm32g4xx_hal.o
HAL_SYSCFG_DisableVREFBUF                         build/stm32g4xx_hal.o
HAL_SYSCFG_EnableIOSwitchBooster                  build/stm32g4xx_hal.o
HAL_SYSCFG_EnableIOSwitchVDD                      build/stm32g4xx_hal.o
HAL_SYSCFG_EnableMemorySwappingBank               build/stm32g4xx_hal.o
HAL_SYSCFG_EnableVREFBUF                          build/stm32g4xx_hal.o
HAL_SYSCFG_VREFBUF_HighImpedanceConfig            build/stm32g4xx_hal.o
HAL_SYSCFG_VREFBUF_TrimmingConfig                 build/stm32g4xx_hal.o
HAL_SYSCFG_VREFBUF_VoltageScalingConfig           build/stm32g4xx_hal.o
HAL_SYSTICK_CLKSourceConfig                       build/stm32g4xx_hal_cortex.o
HAL_SYSTICK_Callback                              build/stm32g4xx_hal_cortex.o
HAL_SYSTICK_Config                                build/stm32g4xx_hal_cortex.o
                                                  build/stm32g4xx_hal.o
HAL_SYSTICK_IRQHandler                            build/stm32g4xx_hal_cortex.o
HAL_SetTickFreq                                   build/stm32g4xx_hal.o
HAL_SuspendTick                                   build/stm32g4xx_hal.o
HAL_UARTEx_DisableFifoMode                        build/stm32g4xx_hal_uart_ex.o
                                                  build/usart.o
HAL_UARTEx_DisableStopMode                        build/stm32g4xx_hal_uart_ex.o
HAL_UARTEx_EnableFifoMode                         build/stm32g4xx_hal_uart_ex.o
HAL_UARTEx_EnableStopMode                         build/stm32g4xx_hal_uart_ex.o
HAL_UARTEx_ReceiveToIdle                          build/stm32g4xx_hal_uart_ex.o
HAL_UARTEx_ReceiveToIdle_DMA                      build/stm32g4xx_hal_uart_ex.o
HAL_UARTEx_ReceiveToIdle_IT                       build/stm32g4xx_hal_uart_ex.o
HAL_UARTEx_RxEventCallback                        build/stm32g4xx_hal_uart.o
HAL_UARTEx_RxFifoFullCallback                     build/stm32g4xx_hal_uart_ex.o
                                                  build/stm32g4xx_hal_uart.o
HAL_UARTEx_SetRxFifoThreshold                     build/stm32g4xx_hal_uart_ex.o
                                                  build/usart.o
HAL_UARTEx_SetTxFifoThreshold                     build/stm32g4xx_hal_uart_ex.o
                                                  build/usart.o
HAL_UARTEx_StopModeWakeUpSourceConfig             build/stm32g4xx_hal_uart_ex.o
HAL_UARTEx_TxFifoEmptyCallback                    build/stm32g4xx_hal_uart_ex.o
                                                  build/stm32g4xx_hal_uart.o
HAL_UARTEx_WakeupCallback                         build/stm32g4xx_hal_uart_ex.o
                                                  build/stm32g4xx_hal_uart.o
HAL_UART_Abort                                    build/stm32g4xx_hal_uart.o
HAL_UART_AbortCpltCallback                        build/stm32g4xx_hal_uart.o
HAL_UART_AbortReceive                             build/stm32g4xx_hal_uart.o
HAL_UART_AbortReceiveCpltCallback                 build/stm32g4xx_hal_uart.o
HAL_UART_AbortReceive_IT                          build/stm32g4xx_hal_uart.o
HAL_UART_AbortTransmit                            build/stm32g4xx_hal_uart.o
HAL_UART_AbortTransmitCpltCallback                build/stm32g4xx_hal_uart.o
HAL_UART_AbortTransmit_IT                         build/stm32g4xx_hal_uart.o
HAL_UART_Abort_IT                                 build/stm32g4xx_hal_uart.o
HAL_UART_DMAPause                                 build/stm32g4xx_hal_uart.o
HAL_UART_DMAResume                                build/stm32g4xx_hal_uart.o
HAL_UART_DMAStop                                  build/stm32g4xx_hal_uart.o
HAL_UART_DeInit                                   build/stm32g4xx_hal_uart.o
HAL_UART_DisableReceiverTimeout                   build/stm32g4xx_hal_uart.o
HAL_UART_EnableReceiverTimeout                    build/stm32g4xx_hal_uart.o
HAL_UART_ErrorCallback                            build/stm32g4xx_hal_uart.o
HAL_UART_GetError                                 build/stm32g4xx_hal_uart.o
HAL_UART_GetState                                 build/stm32g4xx_hal_uart.o
HAL_UART_IRQHandler                               build/stm32g4xx_hal_uart.o
HAL_UART_Init                                     build/stm32g4xx_hal_uart.o
                                                  build/usart.o
HAL_UART_MspDeInit                                build/usart.o
                                                  build/stm32g4xx_hal_uart.o
HAL_UART_MspInit                                  build/usart.o
                                                  build/stm32g4xx_hal_uart.o
                                                  build/stm32g4xx_hal_uart_ex.o
HAL_UART_Receive                                  build/stm32g4xx_hal_uart.o
HAL_UART_Receive_DMA                              build/stm32g4xx_hal_uart.o
HAL_UART_Receive_IT                               build/stm32g4xx_hal_uart.o
HAL_UART_ReceiverTimeout_Config                   build/stm32g4xx_hal_uart.o
HAL_UART_RxCpltCallback                           build/stm32g4xx_hal_uart.o
HAL_UART_RxHalfCpltCallback                       build/stm32g4xx_hal_uart.o
HAL_UART_Transmit                                 build/stm32g4xx_hal_uart.o
HAL_UART_Transmit_DMA                             build/stm32g4xx_hal_uart.o
HAL_UART_Transmit_IT                              build/stm32g4xx_hal_uart.o
HAL_UART_TxCpltCallback                           build/stm32g4xx_hal_uart.o
HAL_UART_TxHalfCpltCallback                       build/stm32g4xx_hal_uart.o
HardFault_Handler                                 build/stm32g4xx_it.o
I2C1_ER_IRQHandler                                build/startup_stm32g431xx.o
I2C1_EV_IRQHandler                                build/startup_stm32g431xx.o
I2C2_ER_IRQHandler                                build/startup_stm32g431xx.o
I2C2_EV_IRQHandler                                build/startup_stm32g431xx.o
I2C3_ER_IRQHandler                                build/startup_stm32g431xx.o
I2C3_EV_IRQHandler                                build/startup_stm32g431xx.o
LPTIM1_IRQHandler                                 build/startup_stm32g431xx.o
LPUART1_IRQHandler                                build/startup_stm32g431xx.o
MX_GPIO_Init                                      build/gpio.o
                                                  build/main.o
MX_LPUART1_UART_Init                              build/usart.o
                                                  build/main.o
MemManage_Handler                                 build/stm32g4xx_it.o
NMI_Handler                                       build/stm32g4xx_it.o
PVD_PVM_IRQHandler                                build/startup_stm32g431xx.o
PendSV_Handler                                    build/stm32g4xx_it.o
RCC_IRQHandler                                    build/startup_stm32g431xx.o
RNG_IRQHandler                                    build/startup_stm32g431xx.o
RTC_Alarm_IRQHandler                              build/startup_stm32g431xx.o
RTC_TAMP_LSECSS_IRQHandler                        build/startup_stm32g431xx.o
RTC_WKUP_IRQHandler                               build/startup_stm32g431xx.o
Reset_Handler                                     build/startup_stm32g431xx.o
SAI1_IRQHandler                                   build/startup_stm32g431xx.o
SPI1_IRQHandler                                   build/startup_stm32g431xx.o
SPI2_IRQHandler                                   build/startup_stm32g431xx.o
SPI3_IRQHandler                                   build/startup_stm32g431xx.o
SVC_Handler                                       build/stm32g4xx_it.o
SysTick_Handler                                   build/stm32g4xx_it.o
SystemClock_Config                                build/main.o
SystemCoreClock                                   build/system_stm32g4xx.o
                                                  build/stm32g4xx_hal_pwr_ex.o
                                                  build/stm32g4xx_hal_rcc.o
                                                  build/stm32g4xx_hal.o
SystemCoreClockUpdate                             build/system_stm32g4xx.o
SystemInit                                        build/system_stm32g4xx.o
                                                  build/startup_stm32g431xx.o
TIM1_BRK_TIM15_IRQHandler                         build/startup_stm32g431xx.o
TIM1_CC_IRQHandler                                build/startup_stm32g431xx.o
TIM1_TRG_COM_TIM17_IRQHandler                     build/startup_stm32g431xx.o
TIM1_UP_TIM16_IRQHandler                          build/startup_stm32g431xx.o
TIM2_IRQHandler                                   build/startup_stm32g431xx.o
TIM3_IRQHandler                                   build/startup_stm32g431xx.o
TIM4_IRQHandler                                   build/startup_stm32g431xx.o
TIM6_DAC_IRQHandler                               build/startup_stm32g431xx.o
TIM7_IRQHandler                                   build/startup_stm32g431xx.o
TIM8_BRK_IRQHandler                               build/startup_stm32g431xx.o
TIM8_CC_IRQHandler                                build/startup_stm32g431xx.o
TIM8_TRG_COM_IRQHandler                           build/startup_stm32g431xx.o
TIM8_UP_IRQHandler                                build/startup_stm32g431xx.o
UART4_IRQHandler                                  build/startup_stm32g431xx.o
UARTPrescTable                                    build/stm32g4xx_hal_uart.o
UART_AdvFeatureConfig                             build/stm32g4xx_hal_uart.o
                                                  build/stm32g4xx_hal_uart_ex.o
UART_CheckIdleState                               build/stm32g4xx_hal_uart.o
                                                  build/stm32g4xx_hal_uart_ex.o
UART_SetConfig                                    build/stm32g4xx_hal_uart.o
                                                  build/stm32g4xx_hal_uart_ex.o
UART_Start_Receive_DMA                            build/stm32g4xx_hal_uart.o
                                                  build/stm32g4xx_hal_uart_ex.o
UART_Start_Receive_IT                             build/stm32g4xx_hal_uart.o
                                                  build/stm32g4xx_hal_uart_ex.o
UART_WaitOnFlagUntilTimeout                       build/stm32g4xx_hal_uart.o
                                                  build/stm32g4xx_hal_uart_ex.o
UCPD1_IRQHandler                                  build/startup_stm32g431xx.o
USART1_IRQHandler                                 build/startup_stm32g431xx.o
USART2_IRQHandler                                 build/startup_stm32g431xx.o
USART3_IRQHandler                                 build/startup_stm32g431xx.o
USBWakeUp_IRQHandler                              build/startup_stm32g431xx.o
USB_HP_IRQHandler                                 build/startup_stm32g431xx.o
USB_LP_IRQHandler                                 build/startup_stm32g431xx.o
UsageFault_Handler                                build/stm32g4xx_it.o
WWDG_IRQHandler                                   build/startup_stm32g431xx.o
_ITM_deregisterTMCloneTable                       /usr/lib/gcc/arm-none-eabi/9.2.1/thumb/v7e-m+fp/hard/crtbegin.o
_ITM_registerTMCloneTable                         /usr/lib/gcc/arm-none-eabi/9.2.1/thumb/v7e-m+fp/hard/crtbegin.o
__TMC_END__                                       /usr/lib/gcc/arm-none-eabi/9.2.1/thumb/v7e-m+fp/hard/crtend.o
                                                  /usr/lib/gcc/arm-none-eabi/9.2.1/thumb/v7e-m+fp/hard/crtbegin.o
__aeabi_idiv0                                     /usr/lib/gcc/arm-none-eabi/9.2.1/thumb/v7e-m+fp/hard/libgcc.a(_dvmd_tls.o)
__aeabi_ldiv0                                     /usr/lib/gcc/arm-none-eabi/9.2.1/thumb/v7e-m+fp/hard/libgcc.a(_dvmd_tls.o)
                                                  /usr/lib/gcc/arm-none-eabi/9.2.1/thumb/v7e-m+fp/hard/libgcc.a(_aeabi_uldivmod.o)
__aeabi_uldivmod                                  /usr/lib/gcc/arm-none-eabi/9.2.1/thumb/v7e-m+fp/hard/libgcc.a(_aeabi_uldivmod.o)
                                                  build/stm32g4xx_hal_uart.o
__atexit_dummy                                    /usr/lib/gcc/arm-none-eabi/9.2.1/../../../arm-none-eabi/lib/thumb/v7e-m+fp/hard/libc_nano.a(lib_a-__atexit.o)
__bss_end__                                       /usr/lib/gcc/arm-none-eabi/9.2.1/../../../arm-none-eabi/lib/thumb/v7e-m+fp/hard/crt0.o
__bss_start__                                     /usr/lib/gcc/arm-none-eabi/9.2.1/../../../arm-none-eabi/lib/thumb/v7e-m+fp/hard/crt0.o
__call_exitprocs                                  /usr/lib/gcc/arm-none-eabi/9.2.1/../../../arm-none-eabi/lib/thumb/v7e-m+fp/hard/libc_nano.a(lib_a-__call_atexit.o)
                                                  /usr/lib/gcc/arm-none-eabi/9.2.1/../../../arm-none-eabi/lib/thumb/v7e-m+fp/hard/libc_nano.a(lib_a-__atexit.o)
                                                  /usr/lib/gcc/arm-none-eabi/9.2.1/../../../arm-none-eabi/lib/thumb/v7e-m+fp/hard/libc_nano.a(lib_a-exit.o)
__deregister_frame_info                           /usr/lib/gcc/arm-none-eabi/9.2.1/thumb/v7e-m+fp/hard/crtbegin.o
__dso_handle                                      /usr/lib/gcc/arm-none-eabi/9.2.1/thumb/v7e-m+fp/hard/crtbegin.o
__fini_array_end                                  /usr/lib/gcc/arm-none-eabi/9.2.1/../../../arm-none-eabi/lib/thumb/v7e-m+fp/hard/libc_nano.a(lib_a-fini.o)
__fini_array_start                                /usr/lib/gcc/arm-none-eabi/9.2.1/../../../arm-none-eabi/lib/thumb/v7e-m+fp/hard/libc_nano.a(lib_a-fini.o)
__init_array_end                                  /usr/lib/gcc/arm-none-eabi/9.2.1/../../../arm-none-eabi/lib/thumb/v7e-m+fp/hard/libc_nano.a(lib_a-init.o)
__init_array_start                                /usr/lib/gcc/arm-none-eabi/9.2.1/../../../arm-none-eabi/lib/thumb/v7e-m+fp/hard/libc_nano.a(lib_a-init.o)
__libc_fini_array                                 /usr/lib/gcc/arm-none-eabi/9.2.1/../../../arm-none-eabi/lib/thumb/v7e-m+fp/hard/libc_nano.a(lib_a-fini.o)
                                                  /usr/lib/gcc/arm-none-eabi/9.2.1/../../../arm-none-eabi/lib/thumb/v7e-m+fp/hard/crt0.o
__libc_init_array                                 /usr/lib/gcc/arm-none-eabi/9.2.1/../../../arm-none-eabi/lib/thumb/v7e-m+fp/hard/libc_nano.a(lib_a-init.o)
                                                  build/startup_stm32g431xx.o
                                                  /usr/lib/gcc/arm-none-eabi/9.2.1/../../../arm-none-eabi/lib/thumb/v7e-m+fp/hard/crt0.o
__on_exit_args                                    /usr/lib/gcc/arm-none-eabi/9.2.1/../../../arm-none-eabi/lib/thumb/v7e-m+fp/hard/libc_nano.a(lib_a-__atexit.o)
__preinit_array_end                               /usr/lib/gcc/arm-none-eabi/9.2.1/../../../arm-none-eabi/lib/thumb/v7e-m+fp/hard/libc_nano.a(lib_a-init.o)
__preinit_array_start                             /usr/lib/gcc/arm-none-eabi/9.2.1/../../../arm-none-eabi/lib/thumb/v7e-m+fp/hard/libc_nano.a(lib_a-init.o)
__register_exitproc                               /usr/lib/gcc/arm-none-eabi/9.2.1/../../../arm-none-eabi/lib/thumb/v7e-m+fp/hard/libc_nano.a(lib_a-__atexit.o)
                                                  /usr/lib/gcc/arm-none-eabi/9.2.1/../../../arm-none-eabi/lib/thumb/v7e-m+fp/hard/libc_nano.a(lib_a-atexit.o)
__register_frame_info                             /usr/lib/gcc/arm-none-eabi/9.2.1/thumb/v7e-m+fp/hard/crtbegin.o
__sf_fake_stderr                                  /usr/lib/gcc/arm-none-eabi/9.2.1/../../../arm-none-eabi/lib/thumb/v7e-m+fp/hard/libc_nano.a(lib_a-impure.o)
__sf_fake_stdin                                   /usr/lib/gcc/arm-none-eabi/9.2.1/../../../arm-none-eabi/lib/thumb/v7e-m+fp/hard/libc_nano.a(lib_a-impure.o)
__sf_fake_stdout                                  /usr/lib/gcc/arm-none-eabi/9.2.1/../../../arm-none-eabi/lib/thumb/v7e-m+fp/hard/libc_nano.a(lib_a-impure.o)
__stack                                           /usr/lib/gcc/arm-none-eabi/9.2.1/../../../arm-none-eabi/lib/thumb/v7e-m+fp/hard/crt0.o
__udivmoddi4                                      /usr/lib/gcc/arm-none-eabi/9.2.1/thumb/v7e-m+fp/hard/libgcc.a(_udivmoddi4.o)
                                                  /usr/lib/gcc/arm-none-eabi/9.2.1/thumb/v7e-m+fp/hard/libgcc.a(_aeabi_uldivmod.o)
_ebss                                             build/startup_stm32g431xx.o
_edata                                            build/startup_stm32g431xx.o
_estack                                           build/startup_stm32g431xx.o
_exit                                             /usr/lib/gcc/arm-none-eabi/9.2.1/../../../arm-none-eabi/lib/thumb/v7e-m+fp/hard/libnosys.a(_exit.o)
                                                  /usr/lib/gcc/arm-none-eabi/9.2.1/../../../arm-none-eabi/lib/thumb/v7e-m+fp/hard/libc_nano.a(lib_a-exit.o)
_fini                                             /usr/lib/gcc/arm-none-eabi/9.2.1/thumb/v7e-m+fp/hard/crti.o
                                                  /usr/lib/gcc/arm-none-eabi/9.2.1/../../../arm-none-eabi/lib/thumb/v7e-m+fp/hard/libc_nano.a(lib_a-fini.o)
_global_atexit                                    /usr/lib/gcc/arm-none-eabi/9.2.1/../../../arm-none-eabi/lib/thumb/v7e-m+fp/hard/libc_nano.a(lib_a-__call_atexit.o)
                                                  /usr/lib/gcc/arm-none-eabi/9.2.1/../../../arm-none-eabi/lib/thumb/v7e-m+fp/hard/libc_nano.a(lib_a-__atexit.o)
_global_impure_ptr                                /usr/lib/gcc/arm-none-eabi/9.2.1/../../../arm-none-eabi/lib/thumb/v7e-m+fp/hard/libc_nano.a(lib_a-impure.o)
                                                  /usr/lib/gcc/arm-none-eabi/9.2.1/../../../arm-none-eabi/lib/thumb/v7e-m+fp/hard/libc_nano.a(lib_a-exit.o)
_impure_ptr                                       /usr/lib/gcc/arm-none-eabi/9.2.1/../../../arm-none-eabi/lib/thumb/v7e-m+fp/hard/libc_nano.a(lib_a-impure.o)
_init                                             /usr/lib/gcc/arm-none-eabi/9.2.1/thumb/v7e-m+fp/hard/crti.o
                                                  /usr/lib/gcc/arm-none-eabi/9.2.1/../../../arm-none-eabi/lib/thumb/v7e-m+fp/hard/libc_nano.a(lib_a-init.o)
_mainCRTStartup                                   /usr/lib/gcc/arm-none-eabi/9.2.1/../../../arm-none-eabi/lib/thumb/v7e-m+fp/hard/crt0.o
_sbss                                             build/startup_stm32g431xx.o
_sdata                                            build/startup_stm32g431xx.o
_sidata                                           build/startup_stm32g431xx.o
_stack_init                                       /usr/lib/gcc/arm-none-eabi/9.2.1/../../../arm-none-eabi/lib/thumb/v7e-m+fp/hard/crt0.o
_start                                            /usr/lib/gcc/arm-none-eabi/9.2.1/../../../arm-none-eabi/lib/thumb/v7e-m+fp/hard/crt0.o
atexit                                            /usr/lib/gcc/arm-none-eabi/9.2.1/../../../arm-none-eabi/lib/thumb/v7e-m+fp/hard/libc_nano.a(lib_a-atexit.o)
                                                  /usr/lib/gcc/arm-none-eabi/9.2.1/../../../arm-none-eabi/lib/thumb/v7e-m+fp/hard/crt0.o
exit                                              /usr/lib/gcc/arm-none-eabi/9.2.1/../../../arm-none-eabi/lib/thumb/v7e-m+fp/hard/libc_nano.a(lib_a-exit.o)
                                                  /usr/lib/gcc/arm-none-eabi/9.2.1/../../../arm-none-eabi/lib/thumb/v7e-m+fp/hard/crt0.o
g_pfnVectors                                      build/startup_stm32g431xx.o
hardware_init_hook                                /usr/lib/gcc/arm-none-eabi/9.2.1/../../../arm-none-eabi/lib/thumb/v7e-m+fp/hard/crt0.o
hlpuart1                                          build/usart.o
main                                              build/main.o
                                                  build/startup_stm32g431xx.o
                                                  /usr/lib/gcc/arm-none-eabi/9.2.1/../../../arm-none-eabi/lib/thumb/v7e-m+fp/hard/crt0.o
malloc                                            /usr/lib/gcc/arm-none-eabi/9.2.1/../../../arm-none-eabi/lib/thumb/v7e-m+fp/hard/libc_nano.a(lib_a-__atexit.o)
memset                                            /usr/lib/gcc/arm-none-eabi/9.2.1/../../../arm-none-eabi/lib/thumb/v7e-m+fp/hard/libc_nano.a(lib_a-memset.o)
                                                  build/usart.o
                                                  build/main.o
                                                  /usr/lib/gcc/arm-none-eabi/9.2.1/../../../arm-none-eabi/lib/thumb/v7e-m+fp/hard/crt0.o
pFlash                                            build/stm32g4xx_hal_flash.o
                                                  build/stm32g4xx_hal_flash_ex.o
software_init_hook                                /usr/lib/gcc/arm-none-eabi/9.2.1/../../../arm-none-eabi/lib/thumb/v7e-m+fp/hard/crt0.o
uwTick                                            build/stm32g4xx_hal.o
uwTickFreq                                        build/stm32g4xx_hal.o
uwTickPrio                                        build/stm32g4xx_hal.o
                                                  build/stm32g4xx_hal_rcc.o
